at91_gpio.c:44:5:at91_set_pio_pullup	0	static
at91_gpio.c:63:5:at91_set_pio_periph	16	static
at91_gpio.c:80:5:at91_set_a_periph	16	static
at91_gpio.c:105:5:at91_set_b_periph	16	static
at91_gpio.c:131:5:at91_set_c_periph	16	static
at91_gpio.c:152:5:at91_set_d_periph	16	static
at91_gpio.c:175:5:at91_set_pio_input	16	static
at91_gpio.c:194:5:at91_set_pio_output	8	static
at91_gpio.c:216:5:at91_set_pio_deglitch	0	static
at91_gpio.c:239:5:at91_set_pio_debounce	0	static
at91_gpio.c:261:5:at91_set_pio_pulldown	0	static
at91_gpio.c:280:5:at91_set_pio_disable_schmitt_trig	0	static
at91_gpio.c:298:5:at91_set_pio_multi_drive	0	static
at91_gpio.c:316:5:at91_set_pio_value	0	static
at91_gpio.c:334:5:at91_get_pio_value	0	static
