26f00000 T __image_copy_start
26f00000 T _start
26f00020 t _undefined_instruction
26f00024 t _software_interrupt
26f00028 t _prefetch_abort
26f0002c t _data_abort
26f00030 t _not_used
26f00034 t _irq
26f00038 t _fiq
26f0003c t _pad
26f00040 T _TEXT_BASE
26f00040 T _end_vect
26f00044 T _bss_start_ofs
26f00048 T _image_copy_end_ofs
26f0004c T _bss_end_ofs
26f00050 T _end_ofs
26f00054 T IRQ_STACK_START_IN
26f00058 t reset
26f00080 t call_board_init_f
26f00090 T relocate_code
26f0009c t stack_setup
26f000bc t copy_loop
26f000ec t fixloop
26f00110 t fixabs
26f00124 t fixrel
26f0012c t fixnext
26f00140 t _rel_dyn_start_ofs
26f00144 t _rel_dyn_end_ofs
26f00148 t _dynsym_start_ofs
26f0014c t clear_bss
26f00164 t clbss_l
26f00178 t clbss_e
26f00178 t jump_2_ram
26f001ac t _board_init_r_ofs
26f001b0 W save_boot_params
26f001b4 T cpu_init_cp15
26f00200 t undefined_instruction
26f00260 t software_interrupt
26f002c0 t prefetch_abort
26f00320 t data_abort
26f00380 t not_used
26f003e0 t irq
26f00440 t fiq
26f004a0 T has_emac
26f0050c T has_gmac
26f00544 T has_lcdc
26f0057c T get_cpu_name
26f0061c T at91_serial0_hw_init
26f0064c T at91_serial1_hw_init
26f0067c T at91_serial2_hw_init
26f006ac T at91_seriald_hw_init
26f006dc T at91_spi0_hw_init
26f007e0 T at91_mci_hw_init
26f008d0 T at91_macb_hw_init
26f00980 T at91_gmacb_hw_init
26f00a80 T at91_lcd_hw_init
26f00c70 T at91_clock_init
26f00d54 T at91_periph_clk_enable
26f00d84 T arch_cpu_init
26f00d90 T arch_preboot_os
26f00da8 T print_cpuinfo
26f00e24 T get_chip_id
26f00e34 T get_extension_chip_id
26f00e40 T reset_cpu
26f00e54 T timer_init
26f00e88 T get_ticks
26f00ec8 T __udelay
26f00f3c T get_timer
26f00f94 T get_tbclk
26f00f9c t v7_maint_dcache_all
26f0106c t v7_dcache_inval_range
26f010ec T invalidate_icache_all
26f01104 T __v7_outer_cache_enable
26f01104 W v7_outer_cache_enable
26f01108 T __v7_outer_cache_disable
26f01108 W v7_outer_cache_disable
26f0110c T __v7_outer_cache_flush_all
26f0110c W v7_outer_cache_flush_all
26f01110 T flush_dcache_all
26f01124 T __v7_outer_cache_inval_all
26f01124 W v7_outer_cache_inval_all
26f01128 T invalidate_dcache_all
26f0113c T arm_init_before_mmu
26f01164 T __v7_outer_cache_flush_range
26f01164 W v7_outer_cache_flush_range
26f01168 T flush_dcache_range
26f011a4 T flush_cache
26f011ac T __v7_outer_cache_inval_range
26f011ac W v7_outer_cache_inval_range
26f011b0 T invalidate_dcache_range
26f011ec W cpu_cache_initialization
26f011f0 T cleanup_before_linux
26f01218 T sdelay
26f01224 T sr32
26f01248 T wait_on_value
26f0127c T __arch_cpu_init
26f01284 t display_banner
26f012a4 t init_baudrate
26f012d0 T __coloured_LED_init
26f012d0 W coloured_LED_init
26f012d4 T __red_led_on
26f012d4 W red_led_on
26f012d8 T __red_led_off
26f012d8 W red_led_off
26f012dc T __green_led_on
26f012dc W green_led_on
26f012e0 T __green_led_off
26f012e0 W green_led_off
26f012e4 T __yellow_led_on
26f012e4 W yellow_led_on
26f012e8 T __yellow_led_off
26f012e8 W yellow_led_off
26f012ec T __blue_led_on
26f012ec W blue_led_on
26f012f0 T __blue_led_off
26f012f0 W blue_led_off
26f012f4 T __dram_init_banksize
26f012f4 W dram_init_banksize
26f01310 T board_init_r
26f013d0 T hang
26f013e4 T board_init_f
26f01510 t boot_jump_linux
26f01598 t boot_prep_linux
26f01684 T arch_lmb_reserve
26f016a8 T do_bootm_linux
26f01700 T bootz_setup
26f01744 T interrupt_init
26f01760 T enable_interrupts
26f01764 T disable_interrupts
26f0176c T bad_mode
26f0177c T show_regs
26f018b8 T do_undefined_instruction
26f018d8 T do_software_interrupt
26f018f8 T do_prefetch_abort
26f01918 T do_data_abort
26f01938 T do_not_used
26f01958 T do_fiq
26f01978 T do_irq
26f01998 T do_reset
26f019c4 T __flush_cache
26f019c8 T __flush_dcache_all
26f019d4 T __enable_caches
26f019d4 W enable_caches
26f019e0 t cp_delay
26f01a10 T __arm_init_before_mmu
26f01a14 t mmu_setup
26f01aa0 T icache_enable
26f01ab8 T icache_disable
26f01ad0 T icache_status
26f01adc T dcache_enable
26f01b04 T dcache_disable
26f01b28 T dcache_status
26f01b34 W do_go_exec
26f01b4c T do_go
26f01bbc t __fswab32
26f01bc4 t boot_start_lmb
26f01c04 T do_bootd
26f01c28 t image_get_size
26f01c30 t do_bootm_rtems
26f01c74 t do_bootm_netbsd
26f01db0 t bootm_load_os.isra.9
26f01f28 t bootm_start
26f0269c T __arch_preboot_os
26f026a0 T do_bootm_subcommand
26f0291c T do_bootm
26f02bb8 T bootm_maybe_autostart
26f02c2c t __bootz_setup
26f02c44 t do_bootz
26f02d88 T do_coninfo
26f02e40 T common_diskboot
26f030ec T do_echo
26f0319c T do_exit
26f031d0 T do_fat_fsinfo
26f03260 T do_fat_fsload
26f033c8 T do_fat_ls
26f0347c t __fswab32
26f03484 t fdt_valid
26f03564 t print_data
26f03720 T set_working_fdt_addr
26f0375c T do_fdt
26f043b4 T do_flinfo
26f043bc T do_flerase
26f043c4 T do_protect
26f043d4 T do_help
26f04418 t evalexp
26f04490 T binary_test
26f0465c T do_itest
26f046f4 t bin_data_init
26f04710 t load_serial_ymodem
26f0480c t getcxmodem
26f0482c t bin_data_char
26f0484c T send_pad
26f0487c T ktrans
26f048a0 T chk1
26f048cc T s1_sendpacket
26f048f4 T send_ack
26f04950 T send_nack
26f049ac T k_data_init
26f049cc T k_data_save
26f049f0 T k_data_restore
26f04a14 T k_data_char
26f04a64 T handle_send_packet
26f04c44 T do_load_serial_bin
26f050b0 T do_mem_crc
26f0515c T do_mem_base
26f0519c T do_mem_mtest
26f05340 T do_mem_loop
26f05434 T do_mem_cp
26f05508 T do_mem_cmp
26f0565c T do_mem_mw
26f05718 T do_mem_md
26f057ec t mod_mem.isra.0
26f05950 T do_mem_nm
26f05958 T do_mem_mm
26f05960 T do_sleep
26f059d0 T do_mmcops
26f05df8 T do_mmcinfo
26f05f74 t nand_print_and_set_info
26f0606c t str2off
26f060a8 t arg_off
26f06120 t arg_off_size
26f0624c T do_nand
26f06e00 T do_nandboot
26f0713c T do_ping
26f071b0 t netboot_common
26f07458 T do_nfs
26f07464 T do_dhcp
26f07470 T do_tftpb
26f0747c T do_bootp
26f07488 t do_env
26f074e4 t do_env_delete
26f074fc t do_env_import
26f07764 t do_env_default
26f07818 T do_env_save
26f07844 t env_print
26f078e4 T do_env_print
26f07968 T get_env_id
26f07978 T env_check_apply
26f07bb4 T _do_env_set
26f07d6c T do_env_set
26f07d8c T setenv
26f07ddc t do_env_export
26f08038 T setenv_ulong
26f08058 T setenv_addr
26f0808c T envmatch
26f080f4 T getenv_f
26f081c4 T getenv
26f08230 T getenv_ulong
26f08260 T do_env_edit
26f082cc t do_spi_flash
26f0885c T source
26f08a14 T do_source
26f08a84 T do_false
26f08a8c T do_true
26f08a94 T do_test
26f08f0c T do_usbboot
26f08f18 T usb_get_class_desc
26f08fdc T usb_display_class_sub
26f09164 T usb_display_string
26f091a8 T usb_display_desc
26f092d4 T usb_display_conf_desc
26f09380 T usb_display_if_desc
26f09408 T usb_display_ep_desc
26f094cc T usb_display_config
26f09550 T usb_show_tree_graph
26f0977c T usb_show_tree
26f097ac T do_usb
26f09ce4 T do_version
26f09d1c T do_imgextract
26f0a0d8 T find_cmd_tbl
26f0a17c T find_cmd
26f0a1a4 T cmd_usage
26f0a200 T _do_help
26f0a384 T var_complete
26f0a40c T cmd_auto_complete
26f0a8d4 T cmd_get_data_size
26f0a924 T cmd_process
26f0a9d8 t console_setfile
26f0aa78 T serial_printf
26f0aab8 T fgetc
26f0aae4 T ftstc
26f0ab10 T fputc
26f0ab38 T fputs
26f0ab60 T fprintf
26f0aba8 T getc
26f0abe4 T tstc
26f0ac20 T putc
26f0ac5c T puts
26f0ac98 T printf
26f0ace4 T vprintf
26f0ad24 T ctrlc
26f0ad74 T disable_ctrlc
26f0ad8c T had_ctrlc
26f0ad9c T clear_ctrlc
26f0adb0 T dbg
26f0adbc T search_device
26f0adec T console_assign
26f0ae34 T console_init_f
26f0ae44 T stdio_print_current_devices
26f0aefc T console_init_r
26f0b050 T sbrk
26f0b0b4 T mem_malloc_init
26f0b0d8 T malloc_trim
26f0b19c T free
26f0b3cc T cfree
26f0b3d0 T malloc
26f0b9a8 T calloc
26f0ba80 T memalign
26f0bb8c T pvalloc
26f0bba4 T valloc
26f0bbb0 T realloc
26f0c06c T malloc_usable_size
26f0c0a8 T mallopt
26f0c114 W env_get_char_spec
26f0c114 t __env_get_char_spec
26f0c120 T env_get_addr
26f0c140 T env_get_char_memory
26f0c150 T env_get_char
26f0c180 T set_default_env
26f0c23c T set_default_vars
26f0c270 T env_import
26f0c350 T env_relocate
26f0c380 T env_complete
26f0c454 T env_init
26f0c470 T writeenv
26f0c528 T saveenv
26f0c6fc T readenv
26f0c7b8 T env_relocate_spec
26f0c950 t dummy
26f0c954 T get_version
26f0c95c T jumptable_init
26f0caec t __fswab32
26f0caf4 t of_read_number
26f0cb34 t of_bus_default_map
26f0cbbc t fdt_setprop_cell
26f0cbfc t get_cells_len
26f0cc38 t of_bus_default_translate
26f0cc90 t __swab32p.isra.1
26f0cc94 t of_bus_default_count_cells
26f0cd20 T fdt_getprop_u32_default
26f0cd68 T fdt_find_and_setprop
26f0cdd8 T fdt_initrd
26f0cf9c T fdt_chosen
26f0d0a4 T do_fixup_by_path
26f0d0f8 T do_fixup_by_path_u32
26f0d13c T do_fixup_by_prop
26f0d1d0 T do_fixup_by_prop_u32
26f0d22c T do_fixup_by_compat
26f0d2b0 T do_fixup_by_compat_u32
26f0d2f4 T fdt_fixup_memory_banks
26f0d54c T fdt_fixup_memory
26f0d56c T fdt_fixup_ethernet
26f0d6ac T fdt_resize
26f0d784 T fdt_increase_size
26f0d7ac T fdt_del_node_and_alias
26f0d7f0 T __of_translate_address
26f0da34 T fdt_translate_address
26f0da40 T fdt_node_offset_by_compat_reg
26f0dac4 T fdt_alloc_phandle
26f0db1c T fdt_set_phandle
26f0db60 T fdt_create_phandle
26f0dbc4 T fdt_set_node_status
26f0dcd0 T fdt_set_status_by_alias
26f0dcfc T fdt_verify_alias_address
26f0ddc8 T fdt_get_base_address
26f0de40 t b_reset
26f0de5c t static_get
26f0de78 t static_peek
26f0de84 t file_peek
26f0de90 t syntax_err
26f0de9c T do_showvar
26f0df90 t xmalloc
26f0dfb0 t free_pipe_list
26f0e0a4 t xrealloc
26f0e0c4 t done_command
26f0e14c t is_assignment
26f0e1a0 t file_get
26f0e364 t b_addchr
26f0e3e4 t b_addqchr
26f0e434 T get_local_var
26f0e4bc T set_local_var
26f0e67c t insert_var_value_sub
26f0e92c T unset_local_var
26f0e9d0 T new_pipe
26f0e9f8 t done_pipe
26f0ea40 T reserved_word
26f0eb98 t done_word
26f0ed14 T mapset
26f0ed3c T update_ifs_map
26f0edc8 T parse_string_outer
26f0eeb8 t run_list_real
26f0f658 t parse_stream_outer
26f0fcb0 T parse_file_outer
26f0fcf4 T u_boot_hush_start
26f0fd48 t __fswab32
26f0fd50 t image_get_size
26f0fd58 t image_get_load
26f0fd60 t image_get_magic
26f0fd68 t fdt_error
26f0fd94 T image_check_hcrc
26f0fde4 T image_check_dcrc
26f0fe20 T image_multi_count
26f0fe40 T image_multi_getimg
26f0fec8 T getenv_yesno
26f0fef0 T getenv_bootm_low
26f0ff20 T getenv_bootm_size
26f0ff80 T getenv_bootm_mapsize
26f0ffb0 T memmove_wd
26f0ffbc T genimg_print_size
26f0ffec T get_table_entry_name
26f10018 T genimg_get_os_name
26f10030 T genimg_get_arch_name
26f10048 T genimg_get_type_name
26f10060 T genimg_get_comp_name
26f10078 T image_print_contents
26f101f0 T get_table_entry_id
26f10240 T genimg_get_os_id
26f10258 T genimg_get_arch_id
26f10270 T genimg_get_type_id
26f10288 T genimg_get_comp_id
26f102a0 T genimg_get_format
26f102dc T genimg_get_image
26f102e0 T genimg_has_config
26f102f0 T boot_ramdisk_high
26f10430 T boot_fdt_add_mem_rsv_regions
26f104b8 T boot_relocate_fdt
26f10650 T fit_parse_conf
26f106b4 T fit_parse_subimage
26f10718 T fit_get_desc
26f10744 T fit_get_timestamp
26f10794 T fit_image_get_node
26f107c4 t __fit_conf_get_prop_node
26f107ec T fit_image_get_os
26f10824 T fit_image_get_arch
26f1085c T fit_image_get_type
26f10894 T fit_image_get_comp
26f108cc T fit_image_get_load
26f10908 T fit_image_get_entry
26f10944 T fit_image_get_data
26f10980 T fit_image_hash_get_algo
26f109ac T fit_image_hash_get_value
26f109e8 T fit_image_print_hash
26f10ae0 T fit_image_print
26f10d94 T fit_set_timestamp
26f10e1c T fit_image_check_hashes
26f1107c T fit_all_image_check_hashes
26f1115c T fit_image_check_os
26f11190 T fit_image_check_arch
26f111c4 T fit_image_check_type
26f111f8 T fit_image_check_comp
26f1122c T fit_check_format
26f1126c T fit_conf_get_node
26f112d4 T fit_conf_get_kernel_node
26f112e0 T fit_conf_get_ramdisk_node
26f112ec T boot_get_ramdisk
26f1184c T fit_conf_get_fdt_node
26f11858 T boot_get_fdt
26f11dac T fit_conf_print
26f11eb0 T fit_print_contents
26f12098 t console_newline
26f12150 t lcd_drawchars.constprop.2
26f121e8 T lcd_putc
26f1234c T lcd_puts
26f12388 T lcd_printf
26f123c0 T lcd_setmem
26f12404 T bitmap_plot
26f12504 T lcd_clear
26f1259c t do_lcd_clear
26f125ac T drv_lcd_init
26f1268c t delete_char.part.0
26f12760 t cread_add_char
26f1284c T __show_boot_progress
26f1284c W show_boot_progress
26f12850 T readline_into_buffer
26f131ec T readline
26f13208 T parse_line
26f13290 T run_command
26f13298 T run_command_list
26f132f4 T main_loop
26f133ec T do_run
26f13460 T get_ram_size
26f13564 t hex1_bin
26f135a4 t hex2_bin
26f135dc T srec_decode
26f13838 T stdio_get_list
26f13844 T stdio_get_by_name
26f13894 T stdio_clone
26f138e0 T stdio_register
26f13924 T stdio_init
26f139b0 t usb_set_maxpacket_ep
26f13a1c T usb_stop
26f13a50 T usb_disable_asynch
26f13a70 T usb_submit_int_msg
26f13a74 T usb_control_msg
26f13b34 t usb_get_descriptor
26f13b90 t usb_get_string
26f13c04 t usb_string_sub
26f13d10 T usb_bulk_msg
26f13d84 T usb_maxpacket
26f13da0 T usb_clear_halt
26f13e48 T usb_get_configuration_no
26f13ee4 T usb_set_interface
26f13fa4 T usb_set_protocol
26f13ff8 T usb_set_idle
26f14054 T usb_get_report
26f140b8 T usb_get_class_descriptor
26f1411c T usb_string
26f14224 T usb_get_dev_index
26f14250 T usb_alloc_new_device
26f142d4 T usb_new_device
26f1477c T usb_init
26f14868 t usb_get_hub_descriptor
26f148c0 t usb_get_port_status
26f14914 t usb_set_port_feature
26f14968 t usb_clear_port_feature
26f149bc t usb_hub_power_on
26f14a08 T usb_hub_reset
26f14a1c T hub_port_reset
26f14ac8 T usb_hub_port_connect_change
26f14bcc t usb_hub_configure
26f14e4c T usb_hub_probe
26f14ea4 t usb_stor_irq
26f14ec0 t usb_stor_BBB_reset
26f14fac t usb_stor_CB_reset
26f15094 t usb_request_sense.constprop.6
26f15104 T usb_stor_read
26f152b0 T usb_stor_write
26f1545c T usb_stor_get_dev
26f15480 T usb_show_progress
26f15484 T usb_stor_info
26f154f4 T usb_stor_BBB_comdat
26f155d8 T usb_stor_CB_comdat
26f157f4 T usb_stor_CBI_get_status
26f158bc T usb_stor_CB_transport
26f15ae0 T usb_stor_BBB_clear_endpt_stall
26f15b2c T usb_stor_BBB_transport
26f15d08 T usb_storage_probe
26f15f18 T usb_stor_get_info
26f161b4 T usb_stor_scan
26f163b4 T CYGACC_COMM_IF_GETC_TIMEOUT
26f16400 t xyzModem_flush
26f16428 t xyzModem_get_hdr
26f166a0 T CYGACC_COMM_IF_PUTC
26f166a8 T parse_num
26f167c8 T xyzModem_stream_open
26f16914 T xyzModem_stream_read
26f16b68 T xyzModem_stream_close
26f16bb8 T xyzModem_stream_terminate
26f16c4c T xyzModem_error
26f16c6c T get_dev
26f16cd0 T dev_print
26f16ee4 T init_part
26f16f04 T print_part
26f16fec T get_partition_info
26f17018 T get_device
26f17098 T get_device_and_partition
26f1737c t le32_to_int
26f173a0 t is_extended
26f173c4 t test_block_type
26f17430 t print_partition_extended
26f17618 t get_partition_info_extended.constprop.2
26f17884 T test_part_dos
26f178e8 T print_part_dos
26f17914 T get_partition_info_dos
26f17930 T at91_set_pio_pullup
26f17964 T at91_set_pio_periph
26f17998 T at91_set_a_periph
26f179f4 T at91_set_b_periph
26f17a4c T at91_set_c_periph
26f17aa4 T at91_set_d_periph
26f17afc T at91_set_pio_input
26f17b3c T at91_set_pio_output
26f17b8c T at91_set_pio_deglitch
26f17bc8 T at91_set_pio_debounce
26f17c0c T at91_set_pio_pulldown
26f17c40 T at91_set_pio_disable_schmitt_trig
26f17c6c T at91_set_pio_multi_drive
26f17c98 T at91_set_pio_value
26f17cc4 T at91_get_pio_value
26f17cfc T input_queue_ascii
26f17d44 T input_tstc
26f17d8c T input_getc
26f17de8 T input_send_keycodes
26f180b4 T input_add_table
26f180f4 T input_init
26f181a0 T input_stdio_register
26f181f4 t __fswab32
26f181fc T __board_mmc_getcd
26f181fc W board_mmc_getcd
26f18204 T mmc_send_cmd
26f18240 T mmc_send_status
26f1830c T mmc_set_blocklen
26f1833c T find_mmc_device
26f18380 t mmc_berase
26f18518 t mmc_bwrite
26f1867c T mmc_read_blocks
26f18740 t mmc_bread
26f187dc T mmc_go_idle
26f18828 T sd_send_op_cond
26f1896c T mmc_send_op_cond
26f18aac T mmc_send_ext_csd
26f18af8 T mmc_switch
26f18b4c T mmc_change_freq
26f18bfc T mmc_switch_part
26f18c38 T mmc_getcd
26f18c64 T sd_switch
26f18cc8 T sd_change_freq
26f18ebc T mmc_set_ios
26f18ecc T mmc_set_clock
26f18eec T mmc_set_bus_width
26f18ef4 T mmc_startup
26f1956c T mmc_send_if_cond
26f195e0 T mmc_register
26f19664 T mmc_init
26f19740 T mmc_get_dev
26f1976c W cpu_mmc_init
26f1976c t __def_mmc_init
26f19774 T print_mmc_devices
26f197d8 T get_mmc_num
26f197e8 T mmc_initialize
26f19834 t mci_data_read
26f19860 t mci_data_write
26f1988c t dump_cmd
26f198b8 t mci_send_cmd
26f19b48 t mci_set_mode.constprop.0
26f19bd8 t mci_set_ios
26f19c38 t mci_init
26f19c84 T atmel_mci_init
26f19d3c T nand_register
26f19dbc T nand_init
26f19de4 t scan_read_raw_oob
26f19eb0 t scan_read_raw
26f19f10 t read_bbt
26f1a140 t read_abs_bbt
26f1a210 t write_bbt
26f1a8b4 t verify_bbt_descr
26f1a9f0 t check_pattern
26f1ab24 t create_bbt
26f1ae64 t search_bbt
26f1b030 T nand_update_bbt
26f1b180 t mark_bbt_region
26f1b304 T nand_scan_bbt
26f1b7f0 T nand_default_bbt
26f1b8ec T nand_isbad_bbt
26f1b944 t check_skip_len
26f1b9d0 T nand_erase_opts
26f1bcdc T nand_write_skip_bad
26f1bf20 T nand_read_skip_bad
26f1c108 T nand_calculate_ecc
26f1c1fc T nand_correct_data
26f1c320 t nand_release_device
26f1c338 T nand_read_byte
26f1c34c t nand_read_byte16
26f1c364 t nand_read_word
26f1c378 T nand_write_buf
26f1c3a4 T nand_read_buf
26f1c3d0 t nand_verify_buf
26f1c414 T nand_write_buf16
26f1c448 T nand_read_buf16
26f1c480 t nand_verify_buf16
26f1c4cc t nand_check_wp
26f1c51c t nand_read_page_raw
26f1c554 t nand_read_page_raw_syndrome
26f1c628 t nand_read_page_swecc
26f1c738 t nand_read_subpage
26f1c9bc t nand_read_page_hwecc
26f1cb04 t nand_read_page_hwecc_oob_first
26f1cc40 t nand_read_page_syndrome
26f1cd68 t nand_read_oob_std
26f1cdb0 t nand_read_oob_syndrome
26f1ceb8 t nand_write_oob_std
26f1cf28 t nand_write_oob_syndrome
26f1d0d8 t nand_write_page_raw
26f1d10c t nand_write_page_raw_syndrome
26f1d1dc t nand_write_page_swecc
26f1d28c t nand_write_page_hwecc
26f1d354 t nand_write_page_syndrome
26f1d448 t single_erase_cmd
26f1d484 t multi_erase_cmd
26f1d50c t nand_sync
26f1d51c t nand_block_checkbad
26f1d5a0 t nand_block_isbad
26f1d5d0 t nand_block_markbad
26f1d610 t nand_write_page
26f1d6b8 t nand_block_bad
26f1d804 t nand_wait
26f1d8e0 t generic_ffs.part.0
26f1d928 t nand_select_chip
26f1d980 t nand_fill_oob
26f1da8c t nand_do_write_oob
26f1dc24 t nand_default_block_markbad
26f1dd9c t nand_do_write_ops
26f1e0d4 t nand_write_oob
26f1e16c t nand_write
26f1e1f4 t nand_transfer_oob
26f1e300 T nand_wait_ready
26f1e34c t nand_do_read_ops
26f1e710 t nand_read_oob
26f1e990 t nand_read
26f1ea18 t nand_command
26f1ebec t nand_command_lp
26f1ee4c T nand_erase_nand
26f1f1fc t nand_erase
26f1f204 T nand_scan_ident
26f1f9d4 T nand_scan_tail
26f1ff74 T nand_scan
26f1ff98 T nand_release
26f1ffdc t at91_nand_hwcontrol
26f2001c t atmel_nand_pmecc_write_page
26f20134 t atmel_nand_pmecc_read_page
26f20b44 T atmel_nand_chip_init
26f20f20 T board_nand_init
26f20f4c t spi_flash_read_write
26f20fc0 T spi_flash_cmd_read
26f20fdc T spi_flash_cmd
26f21008 T spi_flash_cmd_write
26f21024 T spi_flash_read_common
26f21070 T spi_flash_cmd_read_fast
26f210b0 T spi_flash_cmd_poll_bit
26f21178 T spi_flash_cmd_wait_ready
26f21184 T spi_flash_cmd_write_multi
26f2128c T spi_flash_cmd_erase
26f21388 T spi_flash_cmd_write_status
26f213f0 T spi_flash_probe
26f214d8 T spi_flash_free
26f214f4 t at45_wait_ready
26f215c4 t dataflash_write_p2
26f216cc t dataflash_write_at45
26f21814 T dataflash_erase_at45
26f21924 T dataflash_erase_p2
26f21a0c t dataflash_read_fast_p2
26f21a4c t dataflash_read_fast_at45
26f21ae4 t at25_read_status
26f21b18 t at25_write_enable.constprop.0
26f21b80 t at25_wait_ready.constprop.2
26f21bcc T dataflash_erase_block_at25
26f21c44 T dataflash_erase_at25
26f21d6c T dataflash_write_at25
26f21e60 T spi_flash_probe_atmel
26f21ff4 t macb_mdio_write
26f22058 t macb_mdio_read
26f220c4 t reclaim_rx_buffers
26f22128 t macb_halt
26f2215c t macb_write_hwaddr
26f221a0 t macb_recv
26f22294 t macb_send
26f22354 t macb_init
26f22724 T gmacb_eth_initialize
26f22874 t macb_mdio_write
26f228d8 t macb_mdio_read
26f22944 t reclaim_rx_buffers
26f229a8 t macb_halt
26f229dc t macb_write_hwaddr
26f22a20 t macb_recv
26f22b14 t macb_send
26f22bd8 t macb_init
26f22ef8 T macb_eth_initialize
26f23024 T serial_setbrg
26f23050 T serial_init
26f23098 T serial_putc
26f230cc T serial_puts
26f230ec T serial_getc
26f23108 T serial_tstc
26f23118 T spi_init
26f2311c T spi_setup_slave
26f231fc T spi_free_slave
26f23200 T spi_claim_bus
26f23220 T spi_release_bus
26f23230 T spi_xfer
26f2330c t td_alloc
26f23348 t ep_rev
26f23380 t urb_free_priv
26f233c8 t td_fill.isra.0
26f23454 t td_submit_job.isra.1
26f2365c t hc_reset.constprop.4
26f23720 T sohci_submit_job
26f23c44 T rh_check_port_status
26f23c94 T submit_common_msg
26f2430c T submit_bulk_msg
26f24324 T submit_control_msg
26f24898 T submit_int_msg
26f248b4 T usb_lowlevel_init
26f24a18 T usb_lowlevel_stop
26f24a48 T usb_cpu_init
26f24a90 T usb_cpu_stop
26f24ac0 T usb_cpu_init_fail
26f24ac4 T lcd_ctrl_init
26f24d94 t downcase
26f24db8 t disk_read
26f24e08 t dirdelim
26f24e3c t get_fatent
26f24f94 t get_name
26f25040 t read_bootsectandvi
26f25168 t get_cluster
26f252e4 t slot2str
26f253ac t get_vfatname
26f25568 T fat_register_device
26f256d4 T do_fat_read_at
26f26214 T do_fat_read
26f26238 T file_fat_detectfs
26f26390 T file_fat_ls
26f263a0 T file_fat_read_at
26f263e4 T file_fat_read
26f263f8 T file_getfsname
26f26410 T file_cd
26f265fc T file_detectfs
26f26638 T file_ls
26f266bc T file_read
26f26750 t __fswab32
26f26758 T fdt_check_header
26f267d8 T fdt_offset_ptr
26f26834 T fdt_next_tag
26f26930 T _fdt_check_node_offset
26f26968 T _fdt_check_prop_offset
26f269a0 T fdt_next_node
26f26a60 T _fdt_find_string
26f26ab8 T fdt_move
26f26b04 t __fswab32
26f26b0c t _fdt_offset_ptr
26f26b2c t _fdt_mem_rsv
26f26b4c t __fswab64
26f26b80 t _nextprop
26f26bd0 T fdt_string
26f26bf0 T fdt_get_mem_rsv
26f26c48 T fdt_num_mem_rsv
26f26c80 T fdt_subnode_offset_namelen
26f26d4c T fdt_subnode_offset
26f26d7c T fdt_get_name
26f26de4 T fdt_first_property_offset
26f26e04 T fdt_next_property_offset
26f26e24 T fdt_get_property_by_offset
26f26e84 T fdt_get_property_namelen
26f26f34 T fdt_get_property
26f26f6c T fdt_getprop_namelen
26f26f88 T fdt_getprop_by_offset
26f26fd4 T fdt_getprop
26f2700c T fdt_get_phandle
26f27084 T fdt_get_alias_namelen
26f270cc T fdt_path_offset
26f271b0 T fdt_get_alias
26f271d8 T fdt_get_path
26f27310 T fdt_supernode_atdepth_offset
26f273c8 T fdt_node_depth
26f273ec T fdt_parent_offset
26f2741c T fdt_node_offset_by_prop_value
26f274b8 T fdt_node_offset_by_phandle
26f2752c T fdt_node_check_compatible
26f275b8 T fdt_node_offset_by_compatible
26f27630 t __fswab32
26f27638 t _fdt_blocks_misordered
26f276bc t fdt_set_off_dt_struct
26f276d4 t fdt_set_size_dt_struct
26f276ec t fdt_set_off_dt_strings
26f27704 t fdt_set_size_dt_strings
26f2771c t _fdt_data_size
26f27740 t fdt_set_totalsize
26f27758 t _fdt_offset_ptr
26f27778 t _fdt_mem_rsv
26f27798 t __fswab64
26f277cc t _fdt_splice
26f27844 t _fdt_splice_struct
26f27894 t _fdt_splice_mem_rsv
26f278f0 t _fdt_packblocks
26f279ac t _fdt_rw_check_header
26f27a18 T fdt_add_mem_rsv
26f27a8c T fdt_del_mem_rsv
26f27ae4 T fdt_set_name
26f27b68 T fdt_setprop
26f27d24 T fdt_delprop
26f27d88 T fdt_add_subnode_namelen
26f27e7c T fdt_add_subnode
26f27eac T fdt_del_node
26f27f04 T fdt_open_into
26f280b0 T fdt_pack
26f2810c T fdt_strerror
26f28164 t __fswab32
26f2816c t _fdt_sw_check_header
26f28190 t fdt_set_off_dt_strings
26f281a8 t _fdt_offset_ptr
26f281c8 t _fdt_grab_space
26f28234 t fdt_set_totalsize
26f2824c t __fswab64
26f28280 t fdt_set_off_dt_struct
26f28298 T fdt_create
26f28310 T fdt_add_reservemap_entry
26f283a0 T fdt_finish_reservemap
26f283b8 T fdt_begin_node
26f28420 T fdt_end_node
26f28458 T fdt_property
26f2858c T fdt_finish
26f286ac T fdt_setprop_inplace
26f286f0 T fdt_nop_property
26f2872c T _fdt_node_end_offset
26f2876c T fdt_nop_node
26f287bc T cyg_crc16
26f28800 T crc32_no_comp
26f288e0 T crc32
26f288f4 T crc32_wd
26f288f8 T crc7
26f28920 T display_options
26f28940 T print_size
26f28a78 T print_buffer
26f28bf8 T __div64_32
26f28cd4 T gzfree
26f28cdc T gzalloc
26f28cec T zunzip
26f28df8 T gunzip
26f28ea4 t cmpkey
26f28eb8 t drop_var_from_set.part.0
26f28f08 T hcreate_r
26f28fbc T hdestroy_r
26f2905c T hstrstr_r
26f29108 T hmatch_r
26f291a8 T hsearch_r
26f29498 T hdelete_r
26f2954c T hexport_r
26f297e4 T himport_r
26f29b80 T ldiv
26f29bd0 t lmb_add_region
26f29da0 T lmb_dump_all
26f29da4 T lmb_init
26f29dcc T lmb_add
26f29dd0 T lmb_free
26f29edc T lmb_reserve
26f29ee4 T lmb_overlaps_region
26f29f44 T __lmb_alloc_base
26f2a054 T lmb_alloc_base
26f2a088 T lmb_alloc
26f2a090 T lmb_is_reserved
26f2a0e0 T __board_lmb_reserve
26f2a0e0 W board_lmb_reserve
26f2a0e4 T __arch_lmb_reserve
26f2a0e8 t byteReverse
26f2a114 t MD5Transform
26f2ab18 t MD5Update
26f2abfc t MD5Final
26f2acc4 T md5
26f2ad2c T md5_wd
26f2ad94 T string_to_ip
26f2adf4 T qsort
26f2aed4 T strcmp_compar
26f2aee0 t sha1_process
26f2c410 T sha1_starts
26f2c45c T sha1_update
26f2c514 T sha1_finish
26f2c654 T sha1_csum
26f2c694 T sha1_csum_wd
26f2c6d4 T sha1_hmac
26f2c7fc T sha1_self_test
26f2c804 T strcpy
26f2c820 T strncpy
26f2c844 T strcat
26f2c874 T strncat
26f2c8c8 T strcmp
26f2c8f4 T strncmp
26f2c934 T strchr
26f2c968 T skip_spaces
26f2c990 T strlen
26f2c9b0 T strim
26f2ca10 T strrchr
26f2ca4c T strnlen
26f2ca7c T strdup
26f2cab4 T strspn
26f2cafc T strpbrk
26f2cb38 T strtok
26f2cbbc T strsep
26f2cbf0 T strswab
26f2cc3c T memset
26f2cca8 T bcopy
26f2cccc T memcpy
26f2cd34 T memmove
26f2cd94 T memcmp
26f2cdc8 T memscan
26f2cdec T strstr
26f2ce50 T memchr
26f2ce80 T strmhz
26f2ceec T udelay
26f2cf1c T mdelay
26f2cf40 t put_dec_trunc
26f2d01c t put_dec
26f2d14c t string.isra.0
26f2d1ec t number.isra.4
26f2d450 t vsnprintf_internal.isra.6
26f2da98 T simple_strtoul
26f2db58 T strict_strtoul
26f2dbd0 T simple_strtol
26f2dbf8 T ustrtoul
26f2dc68 T simple_strtoull
26f2dd54 T vsprintf
26f2dd58 T sprintf
26f2dd7c T panic
26f2ddc0 T __assert_fail
26f2ddd4 T simple_itoa
26f2de2c T zcfree
26f2de34 T zcalloc
26f2de3c T inflate_fast
26f2e3e4 T inflate_table
26f2e998 T inflateReset
26f2ea14 T inflateInit2_
26f2eb18 T inflateInit_
26f2eb2c T inflateEnd
26f2eb90 T adler32
26f2eecc T inflate
26f304f4 T ArpInit
26f30520 T arp_raw_request
26f305e0 T ArpRequest
26f30658 T ArpTimeoutCheck
26f306c8 T ArpReceive
26f308c4 t NetCopyIP
26f308cc t DhcpOptionsProcess
26f30ae8 t DhcpHandler
26f30f54 T BootpRequest
26f311b8 t BootpTimeout
26f311fc T DhcpRequest
26f31200 t is_valid_ether_addr
26f31248 W cpu_eth_init
26f31248 t __def_eth_init
26f31250 t eth_current_changed
26f312b0 T eth_parse_enetaddr
26f31304 T eth_getenv_enetaddr
26f31324 T eth_setenv_enetaddr
26f31358 T eth_getenv_enetaddr_by_index
26f313a8 T eth_get_dev_by_name
26f31430 T eth_get_dev_by_index
26f31468 T eth_get_dev_index
26f31484 T eth_write_hwaddr
26f31600 T eth_register
26f3166c T eth_unregister
26f31708 T eth_initialize
26f318c8 T eth_halt
26f318f8 T eth_send
26f31930 T eth_rx
26f3195c T eth_try_another
26f319dc T eth_init
26f31aa4 T eth_set_current
26f31b38 T eth_get_name
26f31b58 t startAgainTimeout
26f31b6c t dummy_handler
26f31b70 t getenv_IPaddr
26f31b80 t net_clear_handlers
26f31ba4 T net_auto_load
26f31c04 T NetStartAgain
26f31d24 T net_get_udp_handler
26f31d34 T net_set_udp_handler
26f31d54 T net_get_arp_handler
26f31d64 T net_set_arp_handler
26f31d84 T NetSetTimeout
26f31dc0 T NetCksum
26f31df8 T NetCksumOk
26f31e18 T NetReceive
26f32080 T NetEthHdrSize
26f320b8 T NetSetEther
26f32154 T net_update_ether
26f321cc T net_set_ip_header
26f32254 T net_set_udp_header
26f322dc T NetSendUDPPacket
26f323e8 T copy_filename
26f32434 T random_port
26f3244c T ip_to_string
26f32480 T VLAN_to_string
26f324c4 T string_to_VLAN
26f3250c T getenv_VLAN
26f3251c t NetInitLoop
26f325cc T net_init
26f32638 T NetLoop
26f3296c t __fswab32
26f32974 t basename
26f329b4 t rpc_add_credentials
26f32a70 t rpc_lookup_reply
26f32b14 t nfs_mount_reply
26f32ba8 t nfs_umountall_reply
26f32c2c t nfs_lookup_reply
26f32cb8 t rpc_req
26f32dac t nfs_mount_req
26f32e40 t nfs_umountall_req
26f32e98 t nfs_lookup_req
26f32f40 t nfs_read_req
26f32fc0 t nfs_readlink_req
26f33018 t nfs_readlink_reply
26f33108 t nfs_read_reply.isra.1
26f33248 t NfsSend
26f33344 t NfsHandler
26f33534 t NfsTimeout
26f3358c T NfsStart
26f337c0 t ping_timeout
26f337dc T ping_start
26f338f8 T ping_receive
26f339e0 t TftpSend
26f33b78 t TftpHandler
26f33e4c t TftpTimeout
26f33ec4 T TftpStart
26f341ac T sama5d3xek_nand_hw_init
26f341fc T lcd_enable
26f3420c T lcd_disable
26f3421c T lcd_show_board_info
26f342b8 T board_early_init_f
26f342c8 T board_init
26f34364 T dram_init
26f34384 T reset_phy
26f34388 T board_eth_init
26f343dc T board_mmc_init
26f343e4 T spi_cs_is_valid
26f343f8 T spi_cs_activate
26f34408 T spi_cs_deactivate
26f34418 T raise
26f34434 T __aeabi_unwind_cpp_pr0
26f34438 T __aeabi_unwind_cpp_pr1
26f3443c T __udivsi3
26f3443c t .udivsi3_skip_div0_test
26f3443c t __aeabi_uidiv
26f34628 t __aeabi_uidivmod
26f34648 T __divsi3
26f34648 t __aeabi_idiv
26f34650 t .divsi3_skip_div0_test
26f34868 t __aeabi_idivmod
26f34888 T __lshrdi3
26f34888 t __aeabi_llsr
26f348a4 T __ashrdi3
26f348a4 t __aeabi_lasr
26f348c0 T __ashldi3
26f348c0 t __aeabi_llsl
26f348dc W __aeabi_ldiv0
26f348dc t __aeabi_idiv0
26f3496c r boot_os
26f349b8 r op_table
26f34a20 r __func__.7405
26f34a2c r __func__.6853
26f34a3c r baudrate_table
26f34a50 r __func__.6819
26f34a60 V version_string
26f34a97 r CSWTCH.40
26f34aad R default_environment
26f34c10 r __func__.6513
26f34c20 r __func__.6524
26f34c2b r __func__.7194
26f34c33 r __FUNCTION__.6740
26f34c5a r __FUNCTION__.6879
26f34c74 r uimage_os
26f34cc8 r uimage_arch
26f34dc4 r uimage_type
26f34e90 r uimage_comp
26f34ed8 r video_fontdata
26f35ed8 r erase_seq
26f35edc r tab_seq
26f35ee5 r us_direction
26f35f08 r CSWTCH.26
26f35f28 r block_drvr
26f35f40 r multipliers
26f35f80 r fbase
26f35f90 r CSWTCH.17
26f35f98 r __FUNCTION__.7314
26f35fa9 r __FUNCTION__.7168
26f35fb4 R nand_manuf_ids
26f36004 R nand_flash_ids
26f366dc r nand_ecc_precalc_table
26f367dc r __FUNCTION__.7174
26f367ed r __FUNCTION__.7759
26f367fb r __FUNCTION__.7519
26f3680d r __func__.7852
26f3681d r __func__.7900
26f36831 r __FUNCTION__.7943
26f36840 r __FUNCTION__.7556
26f36853 r CSWTCH.31
26f36868 r atmel_spi_flash_table
26f368c8 r cc_to_string
26f36908 r cc_to_error
26f36948 r filesystems
26f36960 r fdt_errtable
26f36994 r crc16_tab
26f36b94 r crc_table
26f36f94 R crc7_syndrome_table
26f37094 R _ctype
26f37194 r names.6455
26f3719a r sha1_padding
26f371da r digits.6444
26f371ea R hex_asc
26f371fc r lext.6738
26f3723a r lbase.6737
26f37278 r dext.6740
26f372b8 r dbase.6739
26f372f8 r lenfix
26f37af8 r distfix
26f37b78 r order.6833
26f37ba0 R z_errmsg
26f37bc8 r __func__.6446
26f37bde r CSWTCH.23
26f37beb r kbd_plain_xlate
26f37c4e r __FUNCTION__.6744
26f37c5c r __FUNCTION__.6935
26f41b2c D init_sequence
26f41b58 d cmd_bootm_sub
26f41c38 d root.6386
26f41c3a d tabs.6468
26f41c5c d dp_last_length
26f41c60 d curr_device
26f41c64 d cmd_env_sub
26f41d60 d env_id
26f41d64 D load_addr
26f41d68 d usb_stor_curr_dev
26f41d6c d av_
26f42174 d sbrk_base
26f42178 d trim_threshold
26f4217c d mmap_threshold
26f42180 D env_htab
26f42190 D env_name_spec
26f42194 d of_busses
26f421a8 d reserved_list
26f4222c D bmp_logo_palette
26f4226a D bmp_logo_bitmap
26f45e6c d hist_cur
26f45e70 D stdio_names
26f45e7c d kbd_shift_xlate
26f45edf d kbd_ctrl_xlate
26f45f44 d cur_dev_num
26f45f48 D nand_curr_device
26f45f4c d bbt_main_descr
26f45f70 d bbt_mirror_descr
26f45f94 d agand_flashbased
26f45fb8 d bbt_main_no_bbt_descr
26f45fdc d bbt_mirror_no_bbt_descr
26f46000 d scan_ff_pattern
26f46002 d bbt_pattern
26f46006 d mirror_pattern
26f4600a d scan_agand_pattern
26f46010 d nand_oob_8
26f46258 d nand_oob_16
26f464a0 d nand_oob_64
26f466e8 d nand_oob_128
26f46930 d root_hub_dev_des
26f46942 d root_hub_config_des
26f4695b d root_hub_str_index0
26f4695f d root_hub_str_index1
26f4697c D file_cwd
26f46b7c d current_filesystem
26f46b80 D NetOurVLAN
26f46b82 D NetOurNativeVLAN
26f46b84 D NetBcastAddr
26f46b8c d first_call.6489
26f46b90 d nfs_offset
26f46b94 d TftpTimeoutMSecs
26f46b98 d TftpBlkSizeOption
26f46b9a d TftpBlkSize
26f46b9c d TftpTimeoutCountMax
26f46ba0 D TftpRRQTimeoutCountMax
26f46ba4 D TftpRRQTimeoutMSecs
26f46ba8 D panel_info
26f46bec D __u_boot_cmd_reset
26f46bec D __u_boot_cmd_start
26f46c08 D __u_boot_cmd_go
26f46c24 D __u_boot_cmd_bootz
26f46c40 D __u_boot_cmd_bootd
26f46c5c D __u_boot_cmd_boot
26f46c78 D __u_boot_cmd_bootm
26f46c94 D __u_boot_cmd_coninfo
26f46cb0 D __u_boot_cmd_echo
26f46ccc D __u_boot_cmd_exit
26f46ce8 D __u_boot_cmd_fatinfo
26f46d04 D __u_boot_cmd_fatls
26f46d20 D __u_boot_cmd_fatload
26f46d3c D __u_boot_cmd_fdt
26f46d58 D __u_boot_cmd_protect
26f46d74 D __u_boot_cmd_erase
26f46d90 D __u_boot_cmd_flinfo
26f46dac D __u_boot_cmd_question_mark
26f46dc8 D __u_boot_cmd_help
26f46de4 D __u_boot_cmd_itest
26f46e00 D __u_boot_cmd_loady
26f46e1c D __u_boot_cmd_loadb
26f46e38 D __u_boot_cmd_mtest
26f46e54 D __u_boot_cmd_loop
26f46e70 D __u_boot_cmd_base
26f46e8c D __u_boot_cmd_crc32
26f46ea8 D __u_boot_cmd_cmp
26f46ec4 D __u_boot_cmd_cp
26f46ee0 D __u_boot_cmd_mw
26f46efc D __u_boot_cmd_nm
26f46f18 D __u_boot_cmd_mm
26f46f34 D __u_boot_cmd_md
26f46f50 D __u_boot_cmd_sleep
26f46f6c D __u_boot_cmd_mmc
26f46f88 D __u_boot_cmd_mmcinfo
26f46fa4 D __u_boot_cmd_nboot
26f46fc0 D __u_boot_cmd_nand
26f46fdc D __u_boot_cmd_ping
26f46ff8 D __u_boot_cmd_nfs
26f47014 D __u_boot_cmd_dhcp
26f47030 D __u_boot_cmd_tftpboot
26f4704c D __u_boot_cmd_bootp
26f47068 D __u_boot_cmd_run
26f47084 D __u_boot_cmd_setenv
26f470a0 D __u_boot_cmd_printenv
26f470bc D __u_boot_cmd_editenv
26f470d8 D __u_boot_cmd_env
26f470f4 D __u_boot_cmd_saveenv
26f47110 D __u_boot_cmd_sf
26f4712c D __u_boot_cmd_source
26f47148 D __u_boot_cmd_true
26f47164 D __u_boot_cmd_false
26f47180 D __u_boot_cmd_test
26f4719c D __u_boot_cmd_usbboot
26f471b8 D __u_boot_cmd_usb
26f471d4 D __u_boot_cmd_version
26f471f0 D __u_boot_cmd_imxtract
26f4720c D __u_boot_cmd_showvar
26f47228 D __u_boot_cmd_cls
26f47244 B __bss_start
26f47244 B monitor_flash_len
26f47244 D __u_boot_cmd_end
26f47244 R __image_copy_end
26f47244 R __rel_dyn_start
26f47280 B images
26f473d8 B working_fdt
26f473dc b data.6379
26f477dc b os_data_state
26f477e0 b os_data_addr
26f477e4 b bin_start_address
26f477e8 B his_pad_count
26f477ec B his_pad_char
26f477ed b a_b
26f47805 B his_eol
26f47808 b k_data_escape
26f4780c B os_data_init
26f47810 b k_data_escape_saved
26f47814 b os_data_state_saved
26f47818 b os_data_addr_saved
26f4781c B os_data_char
26f47820 B his_quote
26f47824 B send_ptr
26f47828 B send_parms
26f4783c b base_address
26f47840 b dp_last_addr
26f47844 b dp_last_size
26f47848 b mm_last_addr
26f4784c b mm_last_size
26f47850 b last.7345
26f47858 B save_size
26f4785c B save_addr
26f47860 b flash
26f47864 b tmp_buf.6402
26f47a64 b tmp_buf
26f47b64 b ctrlc_disabled
26f47b68 b ctrlc_was_pressed
26f47b6c B mem_malloc_brk
26f47b70 B mem_malloc_start
26f47b74 B mem_malloc_end
26f47b78 b current_mallinfo
26f47ba0 b top_pad
26f47ba4 b max_sbrked_mem
26f47ba8 b max_total_mem
26f47bac b n_mmaps_max
26f47bb0 b env_flags
26f47bb4 B env_ptr
26f47bb8 b top_vars
26f47bbc b flag_repeat
26f47bc0 b do_repeat
26f47bc4 b the_command.6606
26f47cc4 b buf.6806
26f47cec B last_return_code
26f47cf0 b map
26f47df0 b ifs
26f47df4 B nesting_level
26f47df8 B lcd_is_enabled
26f47dfc b initted.6701
26f47e00 b hist_max
26f47e04 b hist_add_idx
26f47e08 B hist_num
26f47e0c B hist_lines
26f49220 B hist_list
26f49270 B console_buffer
26f49374 b devs
26f493b0 B stdio_devices
26f493c0 B usb_started
26f493c4 b asynch_allowed
26f49400 b usb_dev
26f4d56c R __dynsym_start
26f4d56c R __rel_dyn_end
26f4d63c R _end
26f54400 b dev_index
26f54404 b running
26f54440 b usb_hub_index
26f54444 b hub_dev
26f54580 b usb_ccb
26f54640 b usb_dev_desc
26f54870 b usb_max_devs
26f54874 b CBWTag
26f54878 b usb_stor
26f54980 b xyz
26f54dbc b mmc_devices
26f54dc4 b initialized
26f54dc8 B nand_info
26f54e70 b dev_name
26f54e78 b total_nand_size
26f54e80 b nand_chip
26f54fa8 b pmecc_host
26f54ff0 b atmel_pmecc_oobinfo
26f55300 B ptd
26f55304 b gohci
26f55450 B ohci_dev
26f555e0 B devgone
26f555e4 B phcca
26f55600 B ghcca
26f55700 B gtd
26f56740 b ohci_inited
26f56800 B console_row
26f56802 B console_col
26f56804 B lcd_console_address
26f56808 B lcd_base
26f5680c B lcd_color_bg
26f56810 B lcd_color_fg
26f56814 B lcd_line_length
26f56840 b cur_dev
26f56844 b cur_part_info
26f568c0 B get_contents_vfatname_block
26f668c0 b cur_part_nr
26f66900 B do_fat_read_at_block
26f76900 B get_dentfromdir_block
26f86900 B errno
26f86904 B ___strtok
26f86908 b local.6623
26f86920 B NetArpWaitPacketMAC
26f86924 B NetArpWaitPacketIP
26f86928 B NetArpWaitReplyIP
26f8692c B NetArpWaitTxPacketSize
26f86930 B NetArpTxPacket
26f86934 B NetArpPacketBuf
26f86f74 B NetArpWaitTimerStart
26f86f78 B NetArpWaitTry
26f86f7c B dhcp_leasetime
26f86f80 B NetDHCPServerIP
26f86f84 B BootpID
26f86f88 B dhcp_state
26f86f8c B BootpTry
26f86f90 B eth_current
26f86f94 b eth_devices
26f86f98 b index.6963
26f86f9c b first_failed.7010
26f86fa0 b act.7015
26f86fa4 b env_changed_id.7016
26f86fa8 B net_state
26f86fac b udp_packet_handler
26f86fb0 b arp_packet_handler
26f86fb4 b timeHandler
26f86fb8 b NetTryCount
26f86fbc b NetRestarted
26f86fc0 B NetRestartWrap
26f86fc4 b NetDevExists
26f86fc8 b timeStart
26f86fcc b timeDelta
26f86fd0 B NetRxPacket
26f86fd4 B NetRxPacketLen
26f86fd8 B NetOurIP
26f86fdc B NetOurEther
26f86fe4 B NetIPID
26f86fe8 B NetTxPacket
26f86fec B NetEtherNullAddr
26f86ff4 b env_changed_id.6478
26f86ff8 B NetOurGatewayIP
26f86ffc B NetOurSubnetMask
26f87000 B NetServerIP
26f87004 B PktBuf
26f88e44 B NetRxPackets
26f88e54 B NetBootFileXferSize
26f88e58 B BootFile
26f88ed8 B NetServerEther
26f88ede B NetBootFileSize
26f88ee0 B NetOurRootPath
26f88f20 B NetOurHostName
26f88f40 B NetOurNISDomain
26f88f60 B NetOurDNSIP
26f88f64 b rpc_id
26f88f68 b NfsSrvMountPort
26f88f6c b NfsSrvNfsPort
26f88f70 b fs_mounted
26f88f74 b dirfh
26f88f94 b filefh
26f88fb4 b NfsServerIP
26f88fb8 b NfsOurPort
26f88fbc b nfs_path
26f88fc0 b NfsState
26f88fc4 b nfs_filename
26f88fc8 b nfs_len
26f88fcc b nfs_download_state
26f88fd0 b NfsTimeoutCount
26f88fd4 b nfs_path_buff
26f897d4 b default_filename
26f89814 B NetPingIP
26f89818 b PingSeqNo
26f8981c b TftpState
26f89820 b tftp_filename
26f898a0 b TftpBlock
26f898a4 b TftpRemoteIP
26f898a8 b TftpRemotePort
26f898ac b TftpOurPort
26f898b0 b TftpBlockWrap
26f898b4 b TftpBlockWrapOffset
26f898b8 b TftpTimeoutCount
26f898bc b TftpLastBlock
26f898c0 b default_filename
26f898d0 B __bss_end__
