26f00000 T __image_copy_start
26f00000 T _start
26f00020 t _undefined_instruction
26f00024 t _software_interrupt
26f00028 t _prefetch_abort
26f0002c t _data_abort
26f00030 t _not_used
26f00034 t _irq
26f00038 t _fiq
26f0003c t _pad
26f00040 T _TEXT_BASE
26f00040 T _end_vect
26f00044 T _bss_start_ofs
26f00048 T _image_copy_end_ofs
26f0004c T _bss_end_ofs
26f00050 T _end_ofs
26f00054 T IRQ_STACK_START_IN
26f00058 t reset
26f00080 t call_board_init_f
26f00090 T relocate_code
26f0009c t stack_setup
26f000bc t copy_loop
26f000ec t fixloop
26f00110 t fixabs
26f00124 t fixrel
26f0012c t fixnext
26f00140 t _rel_dyn_start_ofs
26f00144 t _rel_dyn_end_ofs
26f00148 t _dynsym_start_ofs
26f0014c t clear_bss
26f00164 t clbss_l
26f00178 t clbss_e
26f00178 t jump_2_ram
26f001ac t _board_init_r_ofs
26f001b0 W save_boot_params
26f001b4 T cpu_init_cp15
26f00200 t undefined_instruction
26f00260 t software_interrupt
26f002c0 t prefetch_abort
26f00320 t data_abort
26f00380 t not_used
26f003e0 t irq
26f00440 t fiq
26f004a0 T has_emac
26f0050c T has_gmac
26f00544 T has_lcdc
26f0057c T get_cpu_name
26f0061c T at91_serial0_hw_init
26f0064c T at91_serial1_hw_init
26f0067c T at91_serial2_hw_init
26f006ac T at91_seriald_hw_init
26f006dc T at91_spi0_hw_init
26f007e0 T at91_macb_hw_init
26f00890 T at91_gmacb_hw_init
26f00990 T at91_lcd_hw_init
26f00b80 T at91_clock_init
26f00c64 T at91_periph_clk_enable
26f00c94 T arch_cpu_init
26f00ca0 T arch_preboot_os
26f00cb8 T print_cpuinfo
26f00d34 T get_chip_id
26f00d44 T get_extension_chip_id
26f00d50 T reset_cpu
26f00d64 T timer_init
26f00d98 T get_ticks
26f00dd8 T __udelay
26f00e4c T get_timer
26f00ea4 T get_tbclk
26f00eac t v7_maint_dcache_all
26f00f7c t v7_dcache_inval_range
26f00ffc T invalidate_icache_all
26f01014 T __v7_outer_cache_enable
26f01014 W v7_outer_cache_enable
26f01018 T __v7_outer_cache_disable
26f01018 W v7_outer_cache_disable
26f0101c T __v7_outer_cache_flush_all
26f0101c W v7_outer_cache_flush_all
26f01020 T flush_dcache_all
26f01034 T __v7_outer_cache_inval_all
26f01034 W v7_outer_cache_inval_all
26f01038 T invalidate_dcache_all
26f0104c T arm_init_before_mmu
26f01074 T __v7_outer_cache_flush_range
26f01074 W v7_outer_cache_flush_range
26f01078 T flush_dcache_range
26f010b4 T flush_cache
26f010bc T __v7_outer_cache_inval_range
26f010bc W v7_outer_cache_inval_range
26f010c0 T invalidate_dcache_range
26f010fc W cpu_cache_initialization
26f01100 T cleanup_before_linux
26f01128 T sdelay
26f01134 T sr32
26f01158 T wait_on_value
26f0118c T __arch_cpu_init
26f01194 t display_banner
26f011b4 t init_baudrate
26f011e0 T __coloured_LED_init
26f011e0 W coloured_LED_init
26f011e4 T __red_led_on
26f011e4 W red_led_on
26f011e8 T __red_led_off
26f011e8 W red_led_off
26f011ec T __green_led_on
26f011ec W green_led_on
26f011f0 T __green_led_off
26f011f0 W green_led_off
26f011f4 T __yellow_led_on
26f011f4 W yellow_led_on
26f011f8 T __yellow_led_off
26f011f8 W yellow_led_off
26f011fc T __blue_led_on
26f011fc W blue_led_on
26f01200 T __blue_led_off
26f01200 W blue_led_off
26f01204 T __dram_init_banksize
26f01204 W dram_init_banksize
26f01220 T board_init_r
26f012cc T hang
26f012e0 T board_init_f
26f0140c t boot_jump_linux
26f01494 t boot_prep_linux
26f01580 T arch_lmb_reserve
26f015a4 T do_bootm_linux
26f015fc T bootz_setup
26f01640 T interrupt_init
26f0165c T enable_interrupts
26f01660 T disable_interrupts
26f01668 T bad_mode
26f01678 T show_regs
26f017b4 T do_undefined_instruction
26f017d4 T do_software_interrupt
26f017f4 T do_prefetch_abort
26f01814 T do_data_abort
26f01834 T do_not_used
26f01854 T do_fiq
26f01874 T do_irq
26f01894 T do_reset
26f018c0 T __flush_cache
26f018c4 T __flush_dcache_all
26f018d0 T __enable_caches
26f018d0 W enable_caches
26f018dc t cp_delay
26f0190c T __arm_init_before_mmu
26f01910 t mmu_setup
26f0199c T icache_enable
26f019b4 T icache_disable
26f019cc T icache_status
26f019d8 T dcache_enable
26f01a00 T dcache_disable
26f01a24 T dcache_status
26f01a30 W do_go_exec
26f01a48 T do_go
26f01ab8 t __fswab32
26f01ac0 t boot_start_lmb
26f01b00 T do_bootd
26f01b24 t image_get_size
26f01b2c t do_bootm_rtems
26f01b70 t do_bootm_netbsd
26f01cac t bootm_load_os.isra.9
26f01e24 t bootm_start
26f02598 T __arch_preboot_os
26f0259c T do_bootm_subcommand
26f02818 T do_bootm
26f02ab4 T bootm_maybe_autostart
26f02b28 t __bootz_setup
26f02b40 t do_bootz
26f02c84 T do_coninfo
26f02d3c T common_diskboot
26f02fe8 T do_echo
26f03098 T do_exit
26f030cc T do_fat_fsinfo
26f0315c T do_fat_fsload
26f032c4 T do_fat_ls
26f03378 t __fswab32
26f03380 t fdt_valid
26f03460 t print_data
26f0361c T set_working_fdt_addr
26f03658 T do_fdt
26f042b0 T do_flinfo
26f042b8 T do_flerase
26f042c0 T do_protect
26f042d0 T do_help
26f04314 t evalexp
26f0438c T binary_test
26f04558 T do_itest
26f045f0 t bin_data_init
26f0460c t load_serial_ymodem
26f04708 t getcxmodem
26f04728 t bin_data_char
26f04748 T send_pad
26f04778 T ktrans
26f0479c T chk1
26f047c8 T s1_sendpacket
26f047f0 T send_ack
26f0484c T send_nack
26f048a8 T k_data_init
26f048c8 T k_data_save
26f048ec T k_data_restore
26f04910 T k_data_char
26f04960 T handle_send_packet
26f04b40 T do_load_serial_bin
26f04fac T do_mem_crc
26f05058 T do_mem_base
26f05098 T do_mem_mtest
26f0523c T do_mem_loop
26f05330 T do_mem_cp
26f05404 T do_mem_cmp
26f05558 T do_mem_mw
26f05614 T do_mem_md
26f056e8 t mod_mem.isra.0
26f0584c T do_mem_nm
26f05854 T do_mem_mm
26f0585c T do_sleep
26f058cc t nand_print_and_set_info
26f059c4 t str2off
26f05a00 t arg_off
26f05a78 t arg_off_size
26f05ba4 T do_nand
26f06758 T do_nandboot
26f06a94 T do_ping
26f06b08 t netboot_common
26f06db0 T do_nfs
26f06dbc T do_dhcp
26f06dc8 T do_tftpb
26f06dd4 T do_bootp
26f06de0 t do_env
26f06e3c t do_env_delete
26f06e54 t do_env_import
26f070bc t do_env_default
26f07170 T do_env_save
26f0719c t env_print
26f0723c T do_env_print
26f072c0 T get_env_id
26f072d0 T env_check_apply
26f0750c T _do_env_set
26f076c4 T do_env_set
26f076e4 T setenv
26f07734 t do_env_export
26f07990 T setenv_ulong
26f079b0 T setenv_addr
26f079e4 T envmatch
26f07a4c T getenv_f
26f07b1c T getenv
26f07b88 T getenv_ulong
26f07bb8 T do_env_edit
26f07c24 t do_spi_flash
26f081b4 T source
26f0836c T do_source
26f083dc T do_false
26f083e4 T do_true
26f083ec T do_test
26f08864 T do_usbboot
26f08870 T usb_get_class_desc
26f08934 T usb_display_class_sub
26f08abc T usb_display_string
26f08b00 T usb_display_desc
26f08c2c T usb_display_conf_desc
26f08cd8 T usb_display_if_desc
26f08d60 T usb_display_ep_desc
26f08e24 T usb_display_config
26f08ea8 T usb_show_tree_graph
26f090d4 T usb_show_tree
26f09104 T do_usb
26f0963c T do_version
26f09674 T do_imgextract
26f09a30 T find_cmd_tbl
26f09ad4 T find_cmd
26f09afc T cmd_usage
26f09b58 T _do_help
26f09cdc T var_complete
26f09d64 T cmd_auto_complete
26f0a22c T cmd_get_data_size
26f0a27c T cmd_process
26f0a330 t console_setfile
26f0a3d0 T serial_printf
26f0a410 T fgetc
26f0a43c T ftstc
26f0a468 T fputc
26f0a490 T fputs
26f0a4b8 T fprintf
26f0a500 T getc
26f0a53c T tstc
26f0a578 T putc
26f0a5b4 T puts
26f0a5f0 T printf
26f0a63c T vprintf
26f0a67c T ctrlc
26f0a6cc T disable_ctrlc
26f0a6e4 T had_ctrlc
26f0a6f4 T clear_ctrlc
26f0a708 T dbg
26f0a714 T search_device
26f0a744 T console_assign
26f0a78c T console_init_f
26f0a79c T stdio_print_current_devices
26f0a854 T console_init_r
26f0a9a8 T sbrk
26f0aa0c T mem_malloc_init
26f0aa30 T malloc_trim
26f0aaf4 T free
26f0ad24 T cfree
26f0ad28 T malloc
26f0b300 T calloc
26f0b3d8 T memalign
26f0b4e4 T pvalloc
26f0b4fc T valloc
26f0b508 T realloc
26f0b9c4 T malloc_usable_size
26f0ba00 T mallopt
26f0ba6c W env_get_char_spec
26f0ba6c t __env_get_char_spec
26f0ba78 T env_get_addr
26f0ba98 T env_get_char_memory
26f0baa8 T env_get_char
26f0bad8 T set_default_env
26f0bb94 T set_default_vars
26f0bbc8 T env_import
26f0bca8 T env_relocate
26f0bcd8 T env_complete
26f0bdac T env_init
26f0bdc8 T writeenv
26f0be80 T saveenv
26f0c054 T readenv
26f0c110 T env_relocate_spec
26f0c2a8 t dummy
26f0c2ac T get_version
26f0c2b4 T jumptable_init
26f0c444 t __fswab32
26f0c44c t of_read_number
26f0c48c t of_bus_default_map
26f0c514 t fdt_setprop_cell
26f0c554 t get_cells_len
26f0c590 t of_bus_default_translate
26f0c5e8 t __swab32p.isra.1
26f0c5ec t of_bus_default_count_cells
26f0c678 T fdt_getprop_u32_default
26f0c6c0 T fdt_find_and_setprop
26f0c730 T fdt_initrd
26f0c8f4 T fdt_chosen
26f0c9fc T do_fixup_by_path
26f0ca50 T do_fixup_by_path_u32
26f0ca94 T do_fixup_by_prop
26f0cb28 T do_fixup_by_prop_u32
26f0cb84 T do_fixup_by_compat
26f0cc08 T do_fixup_by_compat_u32
26f0cc4c T fdt_fixup_memory_banks
26f0cea4 T fdt_fixup_memory
26f0cec4 T fdt_fixup_ethernet
26f0d004 T fdt_resize
26f0d0dc T fdt_increase_size
26f0d104 T fdt_del_node_and_alias
26f0d148 T __of_translate_address
26f0d38c T fdt_translate_address
26f0d398 T fdt_node_offset_by_compat_reg
26f0d41c T fdt_alloc_phandle
26f0d474 T fdt_set_phandle
26f0d4b8 T fdt_create_phandle
26f0d51c T fdt_set_node_status
26f0d628 T fdt_set_status_by_alias
26f0d654 T fdt_verify_alias_address
26f0d720 T fdt_get_base_address
26f0d798 t b_reset
26f0d7b4 t static_get
26f0d7d0 t static_peek
26f0d7dc t file_peek
26f0d7e8 t syntax_err
26f0d7f4 T do_showvar
26f0d8e8 t xmalloc
26f0d908 t free_pipe_list
26f0d9fc t xrealloc
26f0da1c t done_command
26f0daa4 t is_assignment
26f0daf8 t file_get
26f0dcbc t b_addchr
26f0dd3c t b_addqchr
26f0dd8c T get_local_var
26f0de14 T set_local_var
26f0dfd4 t insert_var_value_sub
26f0e284 T unset_local_var
26f0e328 T new_pipe
26f0e350 t done_pipe
26f0e398 T reserved_word
26f0e4f0 t done_word
26f0e66c T mapset
26f0e694 T update_ifs_map
26f0e720 T parse_string_outer
26f0e810 t run_list_real
26f0efb0 t parse_stream_outer
26f0f608 T parse_file_outer
26f0f64c T u_boot_hush_start
26f0f6a0 t __fswab32
26f0f6a8 t image_get_size
26f0f6b0 t image_get_load
26f0f6b8 t image_get_magic
26f0f6c0 t fdt_error
26f0f6ec T image_check_hcrc
26f0f73c T image_check_dcrc
26f0f778 T image_multi_count
26f0f798 T image_multi_getimg
26f0f820 T getenv_yesno
26f0f848 T getenv_bootm_low
26f0f878 T getenv_bootm_size
26f0f8d8 T getenv_bootm_mapsize
26f0f908 T memmove_wd
26f0f914 T genimg_print_size
26f0f944 T get_table_entry_name
26f0f970 T genimg_get_os_name
26f0f988 T genimg_get_arch_name
26f0f9a0 T genimg_get_type_name
26f0f9b8 T genimg_get_comp_name
26f0f9d0 T image_print_contents
26f0fb48 T get_table_entry_id
26f0fb98 T genimg_get_os_id
26f0fbb0 T genimg_get_arch_id
26f0fbc8 T genimg_get_type_id
26f0fbe0 T genimg_get_comp_id
26f0fbf8 T genimg_get_format
26f0fc34 T genimg_get_image
26f0fc38 T genimg_has_config
26f0fc48 T boot_ramdisk_high
26f0fd88 T boot_fdt_add_mem_rsv_regions
26f0fe10 T boot_relocate_fdt
26f0ffa8 T fit_parse_conf
26f1000c T fit_parse_subimage
26f10070 T fit_get_desc
26f1009c T fit_get_timestamp
26f100ec T fit_image_get_node
26f1011c t __fit_conf_get_prop_node
26f10144 T fit_image_get_os
26f1017c T fit_image_get_arch
26f101b4 T fit_image_get_type
26f101ec T fit_image_get_comp
26f10224 T fit_image_get_load
26f10260 T fit_image_get_entry
26f1029c T fit_image_get_data
26f102d8 T fit_image_hash_get_algo
26f10304 T fit_image_hash_get_value
26f10340 T fit_image_print_hash
26f10438 T fit_image_print
26f106ec T fit_set_timestamp
26f10774 T fit_image_check_hashes
26f109d4 T fit_all_image_check_hashes
26f10ab4 T fit_image_check_os
26f10ae8 T fit_image_check_arch
26f10b1c T fit_image_check_type
26f10b50 T fit_image_check_comp
26f10b84 T fit_check_format
26f10bc4 T fit_conf_get_node
26f10c2c T fit_conf_get_kernel_node
26f10c38 T fit_conf_get_ramdisk_node
26f10c44 T boot_get_ramdisk
26f111a4 T fit_conf_get_fdt_node
26f111b0 T boot_get_fdt
26f11704 T fit_conf_print
26f11808 T fit_print_contents
26f119f0 t console_newline
26f11aa8 t lcd_drawchars.constprop.2
26f11b40 T lcd_putc
26f11ca4 T lcd_puts
26f11ce0 T lcd_printf
26f11d18 T lcd_setmem
26f11d5c T bitmap_plot
26f11e5c T lcd_clear
26f11ef4 t do_lcd_clear
26f11f04 T drv_lcd_init
26f11fe4 t delete_char.part.0
26f120b8 t cread_add_char
26f121a4 T __show_boot_progress
26f121a4 W show_boot_progress
26f121a8 T readline_into_buffer
26f12b44 T readline
26f12b60 T parse_line
26f12be8 T run_command
26f12bf0 T run_command_list
26f12c4c T main_loop
26f12d44 T do_run
26f12db8 T get_ram_size
26f12ebc t hex1_bin
26f12efc t hex2_bin
26f12f34 T srec_decode
26f13190 T stdio_get_list
26f1319c T stdio_get_by_name
26f131ec T stdio_clone
26f13238 T stdio_register
26f1327c T stdio_init
26f13308 t usb_set_maxpacket_ep
26f13374 T usb_stop
26f133a8 T usb_disable_asynch
26f133c8 T usb_submit_int_msg
26f133cc T usb_control_msg
26f1348c t usb_get_descriptor
26f134e8 t usb_get_string
26f1355c t usb_string_sub
26f13668 T usb_bulk_msg
26f136dc T usb_maxpacket
26f136f8 T usb_clear_halt
26f137a0 T usb_get_configuration_no
26f1383c T usb_set_interface
26f138fc T usb_set_protocol
26f13950 T usb_set_idle
26f139ac T usb_get_report
26f13a10 T usb_get_class_descriptor
26f13a74 T usb_string
26f13b7c T usb_get_dev_index
26f13ba8 T usb_alloc_new_device
26f13c2c T usb_new_device
26f140d4 T usb_init
26f141c0 t usb_get_hub_descriptor
26f14218 t usb_get_port_status
26f1426c t usb_set_port_feature
26f142c0 t usb_clear_port_feature
26f14314 t usb_hub_power_on
26f14360 T usb_hub_reset
26f14374 T hub_port_reset
26f14420 T usb_hub_port_connect_change
26f14524 t usb_hub_configure
26f147a4 T usb_hub_probe
26f147fc t usb_stor_irq
26f14818 t usb_stor_BBB_reset
26f14904 t usb_stor_CB_reset
26f149ec t usb_request_sense.constprop.6
26f14a5c T usb_stor_read
26f14c08 T usb_stor_write
26f14db4 T usb_stor_get_dev
26f14dd8 T usb_show_progress
26f14ddc T usb_stor_info
26f14e4c T usb_stor_BBB_comdat
26f14f30 T usb_stor_CB_comdat
26f1514c T usb_stor_CBI_get_status
26f15214 T usb_stor_CB_transport
26f15438 T usb_stor_BBB_clear_endpt_stall
26f15484 T usb_stor_BBB_transport
26f15660 T usb_storage_probe
26f15870 T usb_stor_get_info
26f15b0c T usb_stor_scan
26f15d0c T CYGACC_COMM_IF_GETC_TIMEOUT
26f15d58 t xyzModem_flush
26f15d80 t xyzModem_get_hdr
26f15ff8 T CYGACC_COMM_IF_PUTC
26f16000 T parse_num
26f16120 T xyzModem_stream_open
26f1626c T xyzModem_stream_read
26f164c0 T xyzModem_stream_close
26f16510 T xyzModem_stream_terminate
26f165a4 T xyzModem_error
26f165c4 T get_dev
26f16628 T dev_print
26f1683c T init_part
26f1685c T print_part
26f16944 T get_partition_info
26f16970 T get_device
26f169f0 T get_device_and_partition
26f16cd4 t le32_to_int
26f16cf8 t is_extended
26f16d1c t test_block_type
26f16d88 t print_partition_extended
26f16f70 t get_partition_info_extended.constprop.2
26f171dc T test_part_dos
26f17240 T print_part_dos
26f1726c T get_partition_info_dos
26f17288 T at91_set_pio_pullup
26f172bc T at91_set_pio_periph
26f172f0 T at91_set_a_periph
26f1734c T at91_set_b_periph
26f173a4 T at91_set_c_periph
26f173fc T at91_set_d_periph
26f17454 T at91_set_pio_input
26f17494 T at91_set_pio_output
26f174e4 T at91_set_pio_deglitch
26f17520 T at91_set_pio_debounce
26f17564 T at91_set_pio_pulldown
26f17598 T at91_set_pio_disable_schmitt_trig
26f175c4 T at91_set_pio_multi_drive
26f175f0 T at91_set_pio_value
26f1761c T at91_get_pio_value
26f17654 T input_queue_ascii
26f1769c T input_tstc
26f176e4 T input_getc
26f17740 T input_send_keycodes
26f17a0c T input_add_table
26f17a4c T input_init
26f17af8 T input_stdio_register
26f17b4c T nand_register
26f17bcc T nand_init
26f17bf4 t scan_read_raw_oob
26f17cc0 t scan_read_raw
26f17d20 t read_bbt
26f17f50 t read_abs_bbt
26f18020 t write_bbt
26f186c4 t verify_bbt_descr
26f18800 t check_pattern
26f18934 t create_bbt
26f18c74 t search_bbt
26f18e40 T nand_update_bbt
26f18f90 t mark_bbt_region
26f19114 T nand_scan_bbt
26f19600 T nand_default_bbt
26f196fc T nand_isbad_bbt
26f19754 t check_skip_len
26f197e0 T nand_erase_opts
26f19aec T nand_write_skip_bad
26f19d30 T nand_read_skip_bad
26f19f18 T nand_calculate_ecc
26f1a00c T nand_correct_data
26f1a130 t nand_release_device
26f1a148 T nand_read_byte
26f1a15c t nand_read_byte16
26f1a174 t nand_read_word
26f1a188 T nand_write_buf
26f1a1b4 T nand_read_buf
26f1a1e0 t nand_verify_buf
26f1a224 T nand_write_buf16
26f1a258 T nand_read_buf16
26f1a290 t nand_verify_buf16
26f1a2dc t nand_check_wp
26f1a32c t nand_read_page_raw
26f1a364 t nand_read_page_raw_syndrome
26f1a438 t nand_read_page_swecc
26f1a548 t nand_read_subpage
26f1a7cc t nand_read_page_hwecc
26f1a914 t nand_read_page_hwecc_oob_first
26f1aa50 t nand_read_page_syndrome
26f1ab78 t nand_read_oob_std
26f1abc0 t nand_read_oob_syndrome
26f1acc8 t nand_write_oob_std
26f1ad38 t nand_write_oob_syndrome
26f1aee8 t nand_write_page_raw
26f1af1c t nand_write_page_raw_syndrome
26f1afec t nand_write_page_swecc
26f1b09c t nand_write_page_hwecc
26f1b164 t nand_write_page_syndrome
26f1b258 t single_erase_cmd
26f1b294 t multi_erase_cmd
26f1b31c t nand_sync
26f1b32c t nand_block_checkbad
26f1b3b0 t nand_block_isbad
26f1b3e0 t nand_block_markbad
26f1b420 t nand_write_page
26f1b4c8 t nand_block_bad
26f1b614 t nand_wait
26f1b6f0 t generic_ffs.part.0
26f1b738 t nand_select_chip
26f1b790 t nand_fill_oob
26f1b89c t nand_do_write_oob
26f1ba34 t nand_default_block_markbad
26f1bbac t nand_do_write_ops
26f1bee4 t nand_write_oob
26f1bf7c t nand_write
26f1c004 t nand_transfer_oob
26f1c110 T nand_wait_ready
26f1c15c t nand_do_read_ops
26f1c520 t nand_read_oob
26f1c7a0 t nand_read
26f1c828 t nand_command
26f1c9fc t nand_command_lp
26f1cc5c T nand_erase_nand
26f1d00c t nand_erase
26f1d014 T nand_scan_ident
26f1d7e4 T nand_scan_tail
26f1dd84 T nand_scan
26f1dda8 T nand_release
26f1ddec t at91_nand_hwcontrol
26f1de2c t atmel_nand_pmecc_write_page
26f1df44 t atmel_nand_pmecc_read_page
26f1e954 T atmel_nand_chip_init
26f1ed30 T board_nand_init
26f1ed5c t spi_flash_read_write
26f1edd0 T spi_flash_cmd_read
26f1edec T spi_flash_cmd
26f1ee18 T spi_flash_cmd_write
26f1ee34 T spi_flash_read_common
26f1ee80 T spi_flash_cmd_read_fast
26f1eec0 T spi_flash_cmd_poll_bit
26f1ef88 T spi_flash_cmd_wait_ready
26f1ef94 T spi_flash_cmd_write_multi
26f1f09c T spi_flash_cmd_erase
26f1f198 T spi_flash_cmd_write_status
26f1f200 T spi_flash_probe
26f1f2e8 T spi_flash_free
26f1f304 t at45_wait_ready
26f1f3d4 t dataflash_write_p2
26f1f4dc t dataflash_write_at45
26f1f624 T dataflash_erase_at45
26f1f734 T dataflash_erase_p2
26f1f81c t dataflash_read_fast_p2
26f1f85c t dataflash_read_fast_at45
26f1f8f4 t at25_read_status
26f1f928 t at25_write_enable.constprop.0
26f1f990 t at25_wait_ready.constprop.2
26f1f9dc T dataflash_erase_block_at25
26f1fa54 T dataflash_erase_at25
26f1fb7c T dataflash_write_at25
26f1fc70 T spi_flash_probe_atmel
26f1fe04 t macb_mdio_write
26f1fe68 t macb_mdio_read
26f1fed4 t reclaim_rx_buffers
26f1ff38 t macb_halt
26f1ff6c t macb_write_hwaddr
26f1ffb0 t macb_recv
26f200a4 t macb_send
26f20164 t macb_init
26f20534 T gmacb_eth_initialize
26f20684 t macb_mdio_write
26f206e8 t macb_mdio_read
26f20754 t reclaim_rx_buffers
26f207b8 t macb_halt
26f207ec t macb_write_hwaddr
26f20830 t macb_recv
26f20924 t macb_send
26f209e8 t macb_init
26f20d08 T macb_eth_initialize
26f20e34 T serial_setbrg
26f20e60 T serial_init
26f20ea8 T serial_putc
26f20edc T serial_puts
26f20efc T serial_getc
26f20f18 T serial_tstc
26f20f28 T spi_init
26f20f2c T spi_setup_slave
26f2100c T spi_free_slave
26f21010 T spi_claim_bus
26f21030 T spi_release_bus
26f21040 T spi_xfer
26f2111c t td_alloc
26f21158 t ep_rev
26f21190 t urb_free_priv
26f211d8 t td_fill.isra.0
26f21264 t td_submit_job.isra.1
26f2146c t hc_reset.constprop.4
26f21530 T sohci_submit_job
26f21a54 T rh_check_port_status
26f21aa4 T submit_common_msg
26f2211c T submit_bulk_msg
26f22134 T submit_control_msg
26f226a8 T submit_int_msg
26f226c4 T usb_lowlevel_init
26f22828 T usb_lowlevel_stop
26f22858 T usb_cpu_init
26f228a0 T usb_cpu_stop
26f228d0 T usb_cpu_init_fail
26f228d4 T lcd_ctrl_init
26f22ba4 t downcase
26f22bc8 t disk_read
26f22c18 t dirdelim
26f22c4c t get_fatent
26f22da4 t get_name
26f22e50 t read_bootsectandvi
26f22f78 t get_cluster
26f230f4 t slot2str
26f231bc t get_vfatname
26f23378 T fat_register_device
26f234e4 T do_fat_read_at
26f24024 T do_fat_read
26f24048 T file_fat_detectfs
26f241a0 T file_fat_ls
26f241b0 T file_fat_read_at
26f241f4 T file_fat_read
26f24208 T file_getfsname
26f24220 T file_cd
26f2440c T file_detectfs
26f24448 T file_ls
26f244cc T file_read
26f24560 t __fswab32
26f24568 T fdt_check_header
26f245e8 T fdt_offset_ptr
26f24644 T fdt_next_tag
26f24740 T _fdt_check_node_offset
26f24778 T _fdt_check_prop_offset
26f247b0 T fdt_next_node
26f24870 T _fdt_find_string
26f248c8 T fdt_move
26f24914 t __fswab32
26f2491c t _fdt_offset_ptr
26f2493c t _fdt_mem_rsv
26f2495c t __fswab64
26f24990 t _nextprop
26f249e0 T fdt_string
26f24a00 T fdt_get_mem_rsv
26f24a58 T fdt_num_mem_rsv
26f24a90 T fdt_subnode_offset_namelen
26f24b5c T fdt_subnode_offset
26f24b8c T fdt_get_name
26f24bf4 T fdt_first_property_offset
26f24c14 T fdt_next_property_offset
26f24c34 T fdt_get_property_by_offset
26f24c94 T fdt_get_property_namelen
26f24d44 T fdt_get_property
26f24d7c T fdt_getprop_namelen
26f24d98 T fdt_getprop_by_offset
26f24de4 T fdt_getprop
26f24e1c T fdt_get_phandle
26f24e94 T fdt_get_alias_namelen
26f24edc T fdt_path_offset
26f24fc0 T fdt_get_alias
26f24fe8 T fdt_get_path
26f25120 T fdt_supernode_atdepth_offset
26f251d8 T fdt_node_depth
26f251fc T fdt_parent_offset
26f2522c T fdt_node_offset_by_prop_value
26f252c8 T fdt_node_offset_by_phandle
26f2533c T fdt_node_check_compatible
26f253c8 T fdt_node_offset_by_compatible
26f25440 t __fswab32
26f25448 t _fdt_blocks_misordered
26f254cc t fdt_set_off_dt_struct
26f254e4 t fdt_set_size_dt_struct
26f254fc t fdt_set_off_dt_strings
26f25514 t fdt_set_size_dt_strings
26f2552c t _fdt_data_size
26f25550 t fdt_set_totalsize
26f25568 t _fdt_offset_ptr
26f25588 t _fdt_mem_rsv
26f255a8 t __fswab64
26f255dc t _fdt_splice
26f25654 t _fdt_splice_struct
26f256a4 t _fdt_splice_mem_rsv
26f25700 t _fdt_packblocks
26f257bc t _fdt_rw_check_header
26f25828 T fdt_add_mem_rsv
26f2589c T fdt_del_mem_rsv
26f258f4 T fdt_set_name
26f25978 T fdt_setprop
26f25b34 T fdt_delprop
26f25b98 T fdt_add_subnode_namelen
26f25c8c T fdt_add_subnode
26f25cbc T fdt_del_node
26f25d14 T fdt_open_into
26f25ec0 T fdt_pack
26f25f1c T fdt_strerror
26f25f74 t __fswab32
26f25f7c t _fdt_sw_check_header
26f25fa0 t fdt_set_off_dt_strings
26f25fb8 t _fdt_offset_ptr
26f25fd8 t _fdt_grab_space
26f26044 t fdt_set_totalsize
26f2605c t __fswab64
26f26090 t fdt_set_off_dt_struct
26f260a8 T fdt_create
26f26120 T fdt_add_reservemap_entry
26f261b0 T fdt_finish_reservemap
26f261c8 T fdt_begin_node
26f26230 T fdt_end_node
26f26268 T fdt_property
26f2639c T fdt_finish
26f264bc T fdt_setprop_inplace
26f26500 T fdt_nop_property
26f2653c T _fdt_node_end_offset
26f2657c T fdt_nop_node
26f265cc T cyg_crc16
26f26610 T crc32_no_comp
26f266f0 T crc32
26f26704 T crc32_wd
26f26708 T crc7
26f26730 T display_options
26f26750 T print_size
26f26888 T print_buffer
26f26a08 T __div64_32
26f26ae4 T gzfree
26f26aec T gzalloc
26f26afc T zunzip
26f26c08 T gunzip
26f26cb4 t cmpkey
26f26cc8 t drop_var_from_set.part.0
26f26d18 T hcreate_r
26f26dcc T hdestroy_r
26f26e6c T hstrstr_r
26f26f18 T hmatch_r
26f26fb8 T hsearch_r
26f272a8 T hdelete_r
26f2735c T hexport_r
26f275f4 T himport_r
26f27990 T ldiv
26f279e0 t lmb_add_region
26f27bb0 T lmb_dump_all
26f27bb4 T lmb_init
26f27bdc T lmb_add
26f27be0 T lmb_free
26f27cec T lmb_reserve
26f27cf4 T lmb_overlaps_region
26f27d54 T __lmb_alloc_base
26f27e64 T lmb_alloc_base
26f27e98 T lmb_alloc
26f27ea0 T lmb_is_reserved
26f27ef0 T __board_lmb_reserve
26f27ef0 W board_lmb_reserve
26f27ef4 T __arch_lmb_reserve
26f27ef8 t byteReverse
26f27f24 t MD5Transform
26f28928 t MD5Update
26f28a0c t MD5Final
26f28ad4 T md5
26f28b3c T md5_wd
26f28ba4 T string_to_ip
26f28c04 T qsort
26f28ce4 T strcmp_compar
26f28cf0 t sha1_process
26f2a220 T sha1_starts
26f2a26c T sha1_update
26f2a324 T sha1_finish
26f2a464 T sha1_csum
26f2a4a4 T sha1_csum_wd
26f2a4e4 T sha1_hmac
26f2a60c T sha1_self_test
26f2a614 T strcpy
26f2a630 T strncpy
26f2a654 T strcat
26f2a684 T strncat
26f2a6d8 T strcmp
26f2a704 T strncmp
26f2a744 T strchr
26f2a778 T skip_spaces
26f2a7a0 T strlen
26f2a7c0 T strim
26f2a820 T strrchr
26f2a85c T strnlen
26f2a88c T strdup
26f2a8c4 T strspn
26f2a90c T strpbrk
26f2a948 T strtok
26f2a9cc T strsep
26f2aa00 T strswab
26f2aa4c T memset
26f2aab8 T bcopy
26f2aadc T memcpy
26f2ab44 T memmove
26f2aba4 T memcmp
26f2abd8 T memscan
26f2abfc T strstr
26f2ac60 T memchr
26f2ac90 T strmhz
26f2acfc T udelay
26f2ad2c T mdelay
26f2ad50 t put_dec_trunc
26f2ae2c t put_dec
26f2af5c t string.isra.0
26f2affc t number.isra.4
26f2b260 t vsnprintf_internal.isra.6
26f2b8a8 T simple_strtoul
26f2b968 T strict_strtoul
26f2b9e0 T simple_strtol
26f2ba08 T ustrtoul
26f2ba78 T simple_strtoull
26f2bb64 T vsprintf
26f2bb68 T sprintf
26f2bb8c T panic
26f2bbd0 T __assert_fail
26f2bbe4 T simple_itoa
26f2bc3c T zcfree
26f2bc44 T zcalloc
26f2bc4c T inflate_fast
26f2c1f4 T inflate_table
26f2c7a8 T inflateReset
26f2c824 T inflateInit2_
26f2c928 T inflateInit_
26f2c93c T inflateEnd
26f2c9a0 T adler32
26f2ccdc T inflate
26f2e304 T ArpInit
26f2e330 T arp_raw_request
26f2e3f0 T ArpRequest
26f2e468 T ArpTimeoutCheck
26f2e4d8 T ArpReceive
26f2e6d4 t NetCopyIP
26f2e6dc t DhcpOptionsProcess
26f2e8f8 t DhcpHandler
26f2ed64 T BootpRequest
26f2efc8 t BootpTimeout
26f2f00c T DhcpRequest
26f2f010 t is_valid_ether_addr
26f2f058 W cpu_eth_init
26f2f058 t __def_eth_init
26f2f060 t eth_current_changed
26f2f0c0 T eth_parse_enetaddr
26f2f114 T eth_getenv_enetaddr
26f2f134 T eth_setenv_enetaddr
26f2f168 T eth_getenv_enetaddr_by_index
26f2f1b8 T eth_get_dev_by_name
26f2f240 T eth_get_dev_by_index
26f2f278 T eth_get_dev_index
26f2f294 T eth_write_hwaddr
26f2f410 T eth_register
26f2f47c T eth_unregister
26f2f518 T eth_initialize
26f2f6d8 T eth_halt
26f2f708 T eth_send
26f2f740 T eth_rx
26f2f76c T eth_try_another
26f2f7ec T eth_init
26f2f8b4 T eth_set_current
26f2f948 T eth_get_name
26f2f968 t startAgainTimeout
26f2f97c t dummy_handler
26f2f980 t getenv_IPaddr
26f2f990 t net_clear_handlers
26f2f9b4 T net_auto_load
26f2fa14 T NetStartAgain
26f2fb34 T net_get_udp_handler
26f2fb44 T net_set_udp_handler
26f2fb64 T net_get_arp_handler
26f2fb74 T net_set_arp_handler
26f2fb94 T NetSetTimeout
26f2fbd0 T NetCksum
26f2fc08 T NetCksumOk
26f2fc28 T NetReceive
26f2fe90 T NetEthHdrSize
26f2fec8 T NetSetEther
26f2ff64 T net_update_ether
26f2ffdc T net_set_ip_header
26f30064 T net_set_udp_header
26f300ec T NetSendUDPPacket
26f301f8 T copy_filename
26f30244 T random_port
26f3025c T ip_to_string
26f30290 T VLAN_to_string
26f302d4 T string_to_VLAN
26f3031c T getenv_VLAN
26f3032c t NetInitLoop
26f303dc T net_init
26f30448 T NetLoop
26f3077c t __fswab32
26f30784 t basename
26f307c4 t rpc_add_credentials
26f30880 t rpc_lookup_reply
26f30924 t nfs_mount_reply
26f309b8 t nfs_umountall_reply
26f30a3c t nfs_lookup_reply
26f30ac8 t rpc_req
26f30bbc t nfs_mount_req
26f30c50 t nfs_umountall_req
26f30ca8 t nfs_lookup_req
26f30d50 t nfs_read_req
26f30dd0 t nfs_readlink_req
26f30e28 t nfs_readlink_reply
26f30f18 t nfs_read_reply.isra.1
26f31058 t NfsSend
26f31154 t NfsHandler
26f31344 t NfsTimeout
26f3139c T NfsStart
26f315d0 t ping_timeout
26f315ec T ping_start
26f31708 T ping_receive
26f317f0 t TftpSend
26f31988 t TftpHandler
26f31c5c t TftpTimeout
26f31cd4 T TftpStart
26f31fbc T sama5d3xek_nand_hw_init
26f3200c T lcd_enable
26f3201c T lcd_disable
26f3202c T lcd_show_board_info
26f32074 T board_early_init_f
26f32084 T board_init
26f3211c T dram_init
26f3213c T reset_phy
26f32140 T board_eth_init
26f32194 T spi_cs_is_valid
26f321a8 T spi_cs_activate
26f321b8 T spi_cs_deactivate
26f321c8 T raise
26f321e4 T __aeabi_unwind_cpp_pr0
26f321e8 T __aeabi_unwind_cpp_pr1
26f321ec T __udivsi3
26f321ec t .udivsi3_skip_div0_test
26f321ec t __aeabi_uidiv
26f323d8 t __aeabi_uidivmod
26f323f8 T __divsi3
26f323f8 t __aeabi_idiv
26f32400 t .divsi3_skip_div0_test
26f32618 t __aeabi_idivmod
26f32638 T __lshrdi3
26f32638 t __aeabi_llsr
26f32654 T __ashrdi3
26f32654 t __aeabi_lasr
26f32670 T __ashldi3
26f32670 t __aeabi_llsl
26f3268c W __aeabi_ldiv0
26f3268c t __aeabi_idiv0
26f3271c r boot_os
26f32768 r op_table
26f327d0 r __func__.7405
26f327dc r __func__.6853
26f327ec r baudrate_table
26f32800 r __func__.6819
26f32810 V version_string
26f32847 r CSWTCH.40
26f3285d R default_environment
26f329c0 r __func__.6513
26f329d0 r __func__.6524
26f329db r __func__.7194
26f329e3 r __FUNCTION__.6740
26f32a0a r __FUNCTION__.6879
26f32a24 r uimage_os
26f32a78 r uimage_arch
26f32b74 r uimage_type
26f32c40 r uimage_comp
26f32c88 r video_fontdata
26f33c88 r erase_seq
26f33c8c r tab_seq
26f33c95 r us_direction
26f33cb8 r CSWTCH.26
26f33cd8 r block_drvr
26f33ce8 r __FUNCTION__.7314
26f33cf9 r __FUNCTION__.7168
26f33d04 R nand_manuf_ids
26f33d54 R nand_flash_ids
26f3442c r nand_ecc_precalc_table
26f3452c r __FUNCTION__.7174
26f3453d r __FUNCTION__.7759
26f3454b r __FUNCTION__.7519
26f3455d r __func__.7852
26f3456d r __func__.7900
26f34581 r __FUNCTION__.7943
26f34590 r __FUNCTION__.7556
26f345a3 r CSWTCH.31
26f345b8 r atmel_spi_flash_table
26f34618 r cc_to_string
26f34658 r cc_to_error
26f34698 r filesystems
26f346b0 r fdt_errtable
26f346e4 r crc16_tab
26f348e4 r crc_table
26f34ce4 R crc7_syndrome_table
26f34de4 R _ctype
26f34ee4 r names.6455
26f34eea r sha1_padding
26f34f2a r digits.6444
26f34f3a R hex_asc
26f34f4c r lext.6738
26f34f8a r lbase.6737
26f34fc8 r dext.6740
26f35008 r dbase.6739
26f35048 r lenfix
26f35848 r distfix
26f358c8 r order.6833
26f358f0 R z_errmsg
26f35918 r __func__.6446
26f3592e r CSWTCH.23
26f3593b r kbd_plain_xlate
26f3599e r __FUNCTION__.6744
26f359ac r __FUNCTION__.6935
26f3f2c4 D init_sequence
26f3f2f0 d cmd_bootm_sub
26f3f3d0 d root.6386
26f3f3d2 d tabs.6468
26f3f3f4 d dp_last_length
26f3f3f8 d cmd_env_sub
26f3f4f4 d env_id
26f3f4f8 D load_addr
26f3f4fc d usb_stor_curr_dev
26f3f500 d av_
26f3f908 d sbrk_base
26f3f90c d trim_threshold
26f3f910 d mmap_threshold
26f3f914 D env_htab
26f3f924 D env_name_spec
26f3f928 d of_busses
26f3f93c d reserved_list
26f3f9c0 D bmp_logo_palette
26f3fba0 D bmp_logo_bitmap
26f433e0 d hist_cur
26f433e4 D stdio_names
26f433f0 d kbd_shift_xlate
26f43453 d kbd_ctrl_xlate
26f434b8 D nand_curr_device
26f434bc d bbt_main_descr
26f434e0 d bbt_mirror_descr
26f43504 d agand_flashbased
26f43528 d bbt_main_no_bbt_descr
26f4354c d bbt_mirror_no_bbt_descr
26f43570 d scan_ff_pattern
26f43572 d bbt_pattern
26f43576 d mirror_pattern
26f4357a d scan_agand_pattern
26f43580 d nand_oob_8
26f437c8 d nand_oob_16
26f43a10 d nand_oob_64
26f43c58 d nand_oob_128
26f43ea0 d root_hub_dev_des
26f43eb2 d root_hub_config_des
26f43ecb d root_hub_str_index0
26f43ecf d root_hub_str_index1
26f43eec D file_cwd
26f440ec d current_filesystem
26f440f0 D NetOurVLAN
26f440f2 D NetOurNativeVLAN
26f440f4 D NetBcastAddr
26f440fc d first_call.6489
26f44100 d nfs_offset
26f44104 d TftpTimeoutMSecs
26f44108 d TftpBlkSizeOption
26f4410a d TftpBlkSize
26f4410c d TftpTimeoutCountMax
26f44110 D TftpRRQTimeoutCountMax
26f44114 D TftpRRQTimeoutMSecs
26f44118 D panel_info
26f4415c D __u_boot_cmd_reset
26f4415c D __u_boot_cmd_start
26f44178 D __u_boot_cmd_go
26f44194 D __u_boot_cmd_bootz
26f441b0 D __u_boot_cmd_bootd
26f441cc D __u_boot_cmd_boot
26f441e8 D __u_boot_cmd_bootm
26f44204 D __u_boot_cmd_coninfo
26f44220 D __u_boot_cmd_echo
26f4423c D __u_boot_cmd_exit
26f44258 D __u_boot_cmd_fatinfo
26f44274 D __u_boot_cmd_fatls
26f44290 D __u_boot_cmd_fatload
26f442ac D __u_boot_cmd_fdt
26f442c8 D __u_boot_cmd_protect
26f442e4 D __u_boot_cmd_erase
26f44300 D __u_boot_cmd_flinfo
26f4431c D __u_boot_cmd_question_mark
26f44338 D __u_boot_cmd_help
26f44354 D __u_boot_cmd_itest
26f44370 D __u_boot_cmd_loady
26f4438c D __u_boot_cmd_loadb
26f443a8 D __u_boot_cmd_mtest
26f443c4 D __u_boot_cmd_loop
26f443e0 D __u_boot_cmd_base
26f443fc D __u_boot_cmd_crc32
26f44418 D __u_boot_cmd_cmp
26f44434 D __u_boot_cmd_cp
26f44450 D __u_boot_cmd_mw
26f4446c D __u_boot_cmd_nm
26f44488 D __u_boot_cmd_mm
26f444a4 D __u_boot_cmd_md
26f444c0 D __u_boot_cmd_sleep
26f444dc D __u_boot_cmd_nboot
26f444f8 D __u_boot_cmd_nand
26f44514 D __u_boot_cmd_ping
26f44530 D __u_boot_cmd_nfs
26f4454c D __u_boot_cmd_dhcp
26f44568 D __u_boot_cmd_tftpboot
26f44584 D __u_boot_cmd_bootp
26f445a0 D __u_boot_cmd_run
26f445bc D __u_boot_cmd_setenv
26f445d8 D __u_boot_cmd_printenv
26f445f4 D __u_boot_cmd_editenv
26f44610 D __u_boot_cmd_env
26f4462c D __u_boot_cmd_saveenv
26f44648 D __u_boot_cmd_sf
26f44664 D __u_boot_cmd_source
26f44680 D __u_boot_cmd_true
26f4469c D __u_boot_cmd_false
26f446b8 D __u_boot_cmd_test
26f446d4 D __u_boot_cmd_usbboot
26f446f0 D __u_boot_cmd_usb
26f4470c D __u_boot_cmd_version
26f44728 D __u_boot_cmd_imxtract
26f44744 D __u_boot_cmd_showvar
26f44760 D __u_boot_cmd_cls
26f4477c B __bss_start
26f4477c B monitor_flash_len
26f4477c D __u_boot_cmd_end
26f4477c R __image_copy_end
26f4477c R __rel_dyn_start
26f44780 B images
26f448d8 B working_fdt
26f448dc b data.6379
26f44cdc b os_data_state
26f44ce0 b os_data_addr
26f44ce4 b bin_start_address
26f44ce8 B his_pad_count
26f44cec B his_pad_char
26f44ced b a_b
26f44d05 B his_eol
26f44d08 b k_data_escape
26f44d0c B os_data_init
26f44d10 b k_data_escape_saved
26f44d14 b os_data_state_saved
26f44d18 b os_data_addr_saved
26f44d1c B os_data_char
26f44d20 B his_quote
26f44d24 B send_ptr
26f44d28 B send_parms
26f44d3c b base_address
26f44d40 b dp_last_addr
26f44d44 b dp_last_size
26f44d48 b mm_last_addr
26f44d4c b mm_last_size
26f44d50 b last.7345
26f44d58 B save_size
26f44d5c B save_addr
26f44d60 b flash
26f44d64 b tmp_buf.6402
26f44f64 b tmp_buf
26f45064 b ctrlc_disabled
26f45068 b ctrlc_was_pressed
26f4506c B mem_malloc_brk
26f45070 B mem_malloc_start
26f45074 B mem_malloc_end
26f45078 b current_mallinfo
26f450a0 b top_pad
26f450a4 b max_sbrked_mem
26f450a8 b max_total_mem
26f450ac b n_mmaps_max
26f450b0 b env_flags
26f450b4 B env_ptr
26f450b8 b top_vars
26f450bc b flag_repeat
26f450c0 b do_repeat
26f450c4 b the_command.6606
26f451c4 b buf.6806
26f451ec B last_return_code
26f451f0 b map
26f452f0 b ifs
26f452f4 B nesting_level
26f452f8 B lcd_is_enabled
26f452fc b initted.6701
26f45300 b hist_max
26f45304 b hist_add_idx
26f45308 B hist_num
26f4530c B hist_lines
26f46720 B hist_list
26f46770 B console_buffer
26f46874 b devs
26f468b0 B stdio_devices
26f468c0 B usb_started
26f468c4 b asynch_allowed
26f46900 b usb_dev
26f4a75c R __dynsym_start
26f4a75c R __rel_dyn_end
26f4a82c R _end
26f51900 b dev_index
26f51904 b running
26f51940 b usb_hub_index
26f51944 b hub_dev
26f51a80 b usb_ccb
26f51b40 b usb_dev_desc
26f51d70 b usb_max_devs
26f51d74 b CBWTag
26f51d78 b usb_stor
26f51e80 b xyz
26f522c0 B nand_info
26f52368 b dev_name
26f52370 b total_nand_size
26f52378 b nand_chip
26f524a0 b pmecc_host
26f524e8 b atmel_pmecc_oobinfo
26f52800 B ptd
26f52804 b gohci
26f52950 B ohci_dev
26f52ae0 B devgone
26f52ae4 B phcca
26f52b00 B ghcca
26f52c00 B gtd
26f53c40 b ohci_inited
26f53d00 B console_row
26f53d02 B console_col
26f53d04 B lcd_console_address
26f53d08 B lcd_base
26f53d0c B lcd_color_bg
26f53d10 B lcd_color_fg
26f53d14 B lcd_line_length
26f53d40 b cur_dev
26f53d44 b cur_part_info
26f53dc0 B get_contents_vfatname_block
26f63dc0 b cur_part_nr
26f63e00 B do_fat_read_at_block
26f73e00 B get_dentfromdir_block
26f83e00 B errno
26f83e04 B ___strtok
26f83e08 b local.6623
26f83e20 B NetArpWaitPacketMAC
26f83e24 B NetArpWaitPacketIP
26f83e28 B NetArpWaitReplyIP
26f83e2c B NetArpWaitTxPacketSize
26f83e30 B NetArpTxPacket
26f83e34 B NetArpPacketBuf
26f84474 B NetArpWaitTimerStart
26f84478 B NetArpWaitTry
26f8447c B dhcp_leasetime
26f84480 B NetDHCPServerIP
26f84484 B BootpID
26f84488 B dhcp_state
26f8448c B BootpTry
26f84490 B eth_current
26f84494 b eth_devices
26f84498 b index.6963
26f8449c b first_failed.7010
26f844a0 b act.7015
26f844a4 b env_changed_id.7016
26f844a8 B net_state
26f844ac b udp_packet_handler
26f844b0 b arp_packet_handler
26f844b4 b timeHandler
26f844b8 b NetTryCount
26f844bc b NetRestarted
26f844c0 B NetRestartWrap
26f844c4 b NetDevExists
26f844c8 b timeStart
26f844cc b timeDelta
26f844d0 B NetRxPacket
26f844d4 B NetRxPacketLen
26f844d8 B NetOurIP
26f844dc B NetOurEther
26f844e4 B NetIPID
26f844e8 B NetTxPacket
26f844ec B NetEtherNullAddr
26f844f4 b env_changed_id.6478
26f844f8 B NetOurGatewayIP
26f844fc B NetOurSubnetMask
26f84500 B NetServerIP
26f84504 B PktBuf
26f86344 B NetRxPackets
26f86354 B NetBootFileXferSize
26f86358 B BootFile
26f863d8 B NetServerEther
26f863de B NetBootFileSize
26f863e0 B NetOurRootPath
26f86420 B NetOurHostName
26f86440 B NetOurNISDomain
26f86460 B NetOurDNSIP
26f86464 b rpc_id
26f86468 b NfsSrvMountPort
26f8646c b NfsSrvNfsPort
26f86470 b fs_mounted
26f86474 b dirfh
26f86494 b filefh
26f864b4 b NfsServerIP
26f864b8 b NfsOurPort
26f864bc b nfs_path
26f864c0 b NfsState
26f864c4 b nfs_filename
26f864c8 b nfs_len
26f864cc b nfs_download_state
26f864d0 b NfsTimeoutCount
26f864d4 b nfs_path_buff
26f86cd4 b default_filename
26f86d14 B NetPingIP
26f86d18 b PingSeqNo
26f86d1c b TftpState
26f86d20 b tftp_filename
26f86da0 b TftpBlock
26f86da4 b TftpRemoteIP
26f86da8 b TftpRemotePort
26f86dac b TftpOurPort
26f86db0 b TftpBlockWrap
26f86db4 b TftpBlockWrapOffset
26f86db8 b TftpTimeoutCount
26f86dbc b TftpLastBlock
26f86dc0 b default_filename
26f86dd0 B __bss_end__
