26f00000 T __image_copy_start
26f00000 T _start
26f00020 t _undefined_instruction
26f00024 t _software_interrupt
26f00028 t _prefetch_abort
26f0002c t _data_abort
26f00030 t _not_used
26f00034 t _irq
26f00038 t _fiq
26f0003c t _pad
26f00040 T _TEXT_BASE
26f00040 T _end_vect
26f00044 T _bss_start_ofs
26f00048 T _image_copy_end_ofs
26f0004c T _bss_end_ofs
26f00050 T _end_ofs
26f00054 T IRQ_STACK_START_IN
26f00058 t reset
26f00080 t call_board_init_f
26f00090 T relocate_code
26f0009c t stack_setup
26f000bc t copy_loop
26f000ec t fixloop
26f00110 t fixabs
26f00124 t fixrel
26f0012c t fixnext
26f00140 t _rel_dyn_start_ofs
26f00144 t _rel_dyn_end_ofs
26f00148 t _dynsym_start_ofs
26f0014c t clear_bss
26f00164 t clbss_l
26f00178 t clbss_e
26f00178 t jump_2_ram
26f001ac t _board_init_r_ofs
26f001b0 W save_boot_params
26f001b4 T cpu_init_cp15
26f00200 t undefined_instruction
26f00260 t software_interrupt
26f002c0 t prefetch_abort
26f00320 t data_abort
26f00380 t not_used
26f003e0 t irq
26f00440 t fiq
26f004a0 T has_emac
26f0050c T has_gmac
26f00544 T has_lcdc
26f0057c T get_cpu_name
26f0061c T at91_serial0_hw_init
26f0064c T at91_serial1_hw_init
26f0067c T at91_serial2_hw_init
26f006ac T at91_seriald_hw_init
26f006dc T at91_spi0_hw_init
26f007e0 T at91_macb_hw_init
26f00890 T at91_gmacb_hw_init
26f00990 T at91_lcd_hw_init
26f00b80 T at91_clock_init
26f00c64 T at91_periph_clk_enable
26f00c94 T arch_cpu_init
26f00ca0 T arch_preboot_os
26f00cb8 T print_cpuinfo
26f00d34 T get_chip_id
26f00d44 T get_extension_chip_id
26f00d50 T reset_cpu
26f00d64 T timer_init
26f00d98 T get_ticks
26f00dd8 T __udelay
26f00e4c T get_timer
26f00ea4 T get_tbclk
26f00eac t v7_maint_dcache_all
26f00f7c t v7_dcache_inval_range
26f00ffc T invalidate_icache_all
26f01014 T __v7_outer_cache_enable
26f01014 W v7_outer_cache_enable
26f01018 T __v7_outer_cache_disable
26f01018 W v7_outer_cache_disable
26f0101c T __v7_outer_cache_flush_all
26f0101c W v7_outer_cache_flush_all
26f01020 T flush_dcache_all
26f01034 T __v7_outer_cache_inval_all
26f01034 W v7_outer_cache_inval_all
26f01038 T invalidate_dcache_all
26f0104c T arm_init_before_mmu
26f01074 T __v7_outer_cache_flush_range
26f01074 W v7_outer_cache_flush_range
26f01078 T flush_dcache_range
26f010b4 T flush_cache
26f010bc T __v7_outer_cache_inval_range
26f010bc W v7_outer_cache_inval_range
26f010c0 T invalidate_dcache_range
26f010fc W cpu_cache_initialization
26f01100 T cleanup_before_linux
26f01128 T sdelay
26f01134 T sr32
26f01158 T wait_on_value
26f0118c T __arch_cpu_init
26f01194 t display_banner
26f011b4 t init_baudrate
26f011e0 T __coloured_LED_init
26f011e0 W coloured_LED_init
26f011e4 T __red_led_on
26f011e4 W red_led_on
26f011e8 T __red_led_off
26f011e8 W red_led_off
26f011ec T __green_led_on
26f011ec W green_led_on
26f011f0 T __green_led_off
26f011f0 W green_led_off
26f011f4 T __yellow_led_on
26f011f4 W yellow_led_on
26f011f8 T __yellow_led_off
26f011f8 W yellow_led_off
26f011fc T __blue_led_on
26f011fc W blue_led_on
26f01200 T __blue_led_off
26f01200 W blue_led_off
26f01204 T __dram_init_banksize
26f01204 W dram_init_banksize
26f01220 T board_init_r
26f012cc T hang
26f012e0 T board_init_f
26f0140c t boot_jump_linux
26f01494 t boot_prep_linux
26f01580 T arch_lmb_reserve
26f015a4 T do_bootm_linux
26f015fc T bootz_setup
26f01640 T interrupt_init
26f0165c T enable_interrupts
26f01660 T disable_interrupts
26f01668 T bad_mode
26f01678 T show_regs
26f017b4 T do_undefined_instruction
26f017d4 T do_software_interrupt
26f017f4 T do_prefetch_abort
26f01814 T do_data_abort
26f01834 T do_not_used
26f01854 T do_fiq
26f01874 T do_irq
26f01894 T do_reset
26f018c0 T __flush_cache
26f018c4 T __flush_dcache_all
26f018d0 T __enable_caches
26f018d0 W enable_caches
26f018dc t cp_delay
26f0190c T __arm_init_before_mmu
26f01910 t mmu_setup
26f0199c T icache_enable
26f019b4 T icache_disable
26f019cc T icache_status
26f019d8 T dcache_enable
26f01a00 T dcache_disable
26f01a24 T dcache_status
26f01a30 W do_go_exec
26f01a48 T do_go
26f01ab8 t __fswab32
26f01ac0 t boot_start_lmb
26f01b00 T do_bootd
26f01b24 t image_get_size
26f01b2c t do_bootm_rtems
26f01b70 t do_bootm_netbsd
26f01cac t bootm_load_os.isra.9
26f01e24 t bootm_start
26f02598 T __arch_preboot_os
26f0259c T do_bootm_subcommand
26f02818 T do_bootm
26f02ab4 T bootm_maybe_autostart
26f02b28 t __bootz_setup
26f02b40 t do_bootz
26f02c84 T do_coninfo
26f02d3c T common_diskboot
26f02fe8 T do_echo
26f03098 T do_exit
26f030cc T do_fat_fsinfo
26f0315c T do_fat_fsload
26f032c4 T do_fat_ls
26f03378 t __fswab32
26f03380 t fdt_valid
26f03460 t print_data
26f0361c T set_working_fdt_addr
26f03658 T do_fdt
26f042b0 T do_flinfo
26f042b8 T do_flerase
26f042c0 T do_protect
26f042d0 T do_help
26f04314 t evalexp
26f0438c T binary_test
26f04558 T do_itest
26f045f0 t bin_data_init
26f0460c t load_serial_ymodem
26f04708 t getcxmodem
26f04728 t bin_data_char
26f04748 T send_pad
26f04778 T ktrans
26f0479c T chk1
26f047c8 T s1_sendpacket
26f047f0 T send_ack
26f0484c T send_nack
26f048a8 T k_data_init
26f048c8 T k_data_save
26f048ec T k_data_restore
26f04910 T k_data_char
26f04960 T handle_send_packet
26f04b40 T do_load_serial_bin
26f04fac T do_mem_crc
26f05058 T do_mem_base
26f05098 T do_mem_mtest
26f0523c T do_mem_loop
26f05330 T do_mem_cp
26f05404 T do_mem_cmp
26f05558 T do_mem_mw
26f05614 T do_mem_md
26f056e8 t mod_mem.isra.0
26f0584c T do_mem_nm
26f05854 T do_mem_mm
26f0585c T do_sleep
26f058cc t nand_print_and_set_info
26f059c4 t str2off
26f05a00 t arg_off
26f05a78 t arg_off_size
26f05ba4 T do_nand
26f06758 T do_nandboot
26f06a94 T do_ping
26f06b08 t netboot_common
26f06db0 T do_nfs
26f06dbc T do_dhcp
26f06dc8 T do_tftpb
26f06dd4 T do_bootp
26f06de0 t do_env
26f06e3c t do_env_delete
26f06e54 t do_env_import
26f070bc t do_env_default
26f07170 T do_env_save
26f0719c t env_print
26f0723c T do_env_print
26f072c0 T get_env_id
26f072d0 T env_check_apply
26f0750c T _do_env_set
26f076c4 T do_env_set
26f076e4 T setenv
26f07734 t do_env_export
26f07990 T setenv_ulong
26f079b0 T setenv_addr
26f079e4 T envmatch
26f07a4c T getenv_f
26f07b1c T getenv
26f07b88 T getenv_ulong
26f07bb8 T do_env_edit
26f07c24 t do_spi_flash
26f081b4 T source
26f0836c T do_source
26f083dc T do_false
26f083e4 T do_true
26f083ec T do_test
26f08864 T do_usbboot
26f08870 T usb_get_class_desc
26f08934 T usb_display_class_sub
26f08abc T usb_display_string
26f08b00 T usb_display_desc
26f08c2c T usb_display_conf_desc
26f08cd8 T usb_display_if_desc
26f08d60 T usb_display_ep_desc
26f08e24 T usb_display_config
26f08ea8 T usb_show_tree_graph
26f090d4 T usb_show_tree
26f09104 T do_usb
26f0963c T do_version
26f09674 T do_imgextract
26f09a30 T find_cmd_tbl
26f09ad4 T find_cmd
26f09afc T cmd_usage
26f09b58 T _do_help
26f09cdc T var_complete
26f09d64 T cmd_auto_complete
26f0a22c T cmd_get_data_size
26f0a27c T cmd_process
26f0a330 t console_setfile
26f0a3d0 T serial_printf
26f0a410 T fgetc
26f0a43c T ftstc
26f0a468 T fputc
26f0a490 T fputs
26f0a4b8 T fprintf
26f0a500 T getc
26f0a53c T tstc
26f0a578 T putc
26f0a5b4 T puts
26f0a5f0 T printf
26f0a63c T vprintf
26f0a67c T ctrlc
26f0a6cc T disable_ctrlc
26f0a6e4 T had_ctrlc
26f0a6f4 T clear_ctrlc
26f0a708 T dbg
26f0a714 T search_device
26f0a744 T console_assign
26f0a78c T console_init_f
26f0a79c T stdio_print_current_devices
26f0a854 T console_init_r
26f0a9a8 T sbrk
26f0aa0c T mem_malloc_init
26f0aa30 T malloc_trim
26f0aaf4 T free
26f0ad24 T cfree
26f0ad28 T malloc
26f0b300 T calloc
26f0b3d8 T memalign
26f0b4e4 T pvalloc
26f0b4fc T valloc
26f0b508 T realloc
26f0b9c4 T malloc_usable_size
26f0ba00 T mallopt
26f0ba6c W env_get_char_spec
26f0ba6c t __env_get_char_spec
26f0ba78 T env_get_addr
26f0ba98 T env_get_char_memory
26f0baa8 T env_get_char
26f0bad8 T set_default_env
26f0bb94 T set_default_vars
26f0bbc8 T env_import
26f0bca8 T env_relocate
26f0bcd8 T env_complete
26f0bdac T env_init
26f0bdc8 T writeenv
26f0be80 T saveenv
26f0c054 T readenv
26f0c110 T env_relocate_spec
26f0c2a8 t dummy
26f0c2ac T get_version
26f0c2b4 T jumptable_init
26f0c444 t __fswab32
26f0c44c t of_read_number
26f0c48c t of_bus_default_map
26f0c514 t fdt_setprop_cell
26f0c554 t get_cells_len
26f0c590 t of_bus_default_translate
26f0c5e8 t __swab32p.isra.1
26f0c5ec t of_bus_default_count_cells
26f0c678 T fdt_getprop_u32_default
26f0c6c0 T fdt_find_and_setprop
26f0c730 T fdt_initrd
26f0c8f4 T fdt_chosen
26f0c9fc T do_fixup_by_path
26f0ca50 T do_fixup_by_path_u32
26f0ca94 T do_fixup_by_prop
26f0cb28 T do_fixup_by_prop_u32
26f0cb84 T do_fixup_by_compat
26f0cc08 T do_fixup_by_compat_u32
26f0cc4c T fdt_fixup_memory_banks
26f0cea4 T fdt_fixup_memory
26f0cec4 T fdt_fixup_ethernet
26f0d004 T fdt_resize
26f0d0dc T fdt_increase_size
26f0d104 T fdt_del_node_and_alias
26f0d148 T __of_translate_address
26f0d38c T fdt_translate_address
26f0d398 T fdt_node_offset_by_compat_reg
26f0d41c T fdt_alloc_phandle
26f0d474 T fdt_set_phandle
26f0d4b8 T fdt_create_phandle
26f0d51c T fdt_set_node_status
26f0d628 T fdt_set_status_by_alias
26f0d654 T fdt_verify_alias_address
26f0d720 T fdt_get_base_address
26f0d798 t b_reset
26f0d7b4 t static_get
26f0d7d0 t static_peek
26f0d7dc t file_peek
26f0d7e8 t syntax_err
26f0d7f4 T do_showvar
26f0d8e8 t xmalloc
26f0d908 t free_pipe_list
26f0d9fc t xrealloc
26f0da1c t done_command
26f0daa4 t is_assignment
26f0daf8 t file_get
26f0dcbc t b_addchr
26f0dd3c t b_addqchr
26f0dd8c T get_local_var
26f0de14 T set_local_var
26f0dfd4 t insert_var_value_sub
26f0e284 T unset_local_var
26f0e328 T new_pipe
26f0e350 t done_pipe
26f0e398 T reserved_word
26f0e4f0 t done_word
26f0e66c T mapset
26f0e694 T update_ifs_map
26f0e720 T parse_string_outer
26f0e810 t run_list_real
26f0efb0 t parse_stream_outer
26f0f608 T parse_file_outer
26f0f64c T u_boot_hush_start
26f0f6a0 t __fswab32
26f0f6a8 t image_get_size
26f0f6b0 t image_get_load
26f0f6b8 t image_get_magic
26f0f6c0 t fdt_error
26f0f6ec T image_check_hcrc
26f0f73c T image_check_dcrc
26f0f778 T image_multi_count
26f0f798 T image_multi_getimg
26f0f820 T getenv_yesno
26f0f848 T getenv_bootm_low
26f0f878 T getenv_bootm_size
26f0f8d8 T getenv_bootm_mapsize
26f0f908 T memmove_wd
26f0f914 T genimg_print_size
26f0f944 T get_table_entry_name
26f0f970 T genimg_get_os_name
26f0f988 T genimg_get_arch_name
26f0f9a0 T genimg_get_type_name
26f0f9b8 T genimg_get_comp_name
26f0f9d0 T image_print_contents
26f0fb48 T get_table_entry_id
26f0fb98 T genimg_get_os_id
26f0fbb0 T genimg_get_arch_id
26f0fbc8 T genimg_get_type_id
26f0fbe0 T genimg_get_comp_id
26f0fbf8 T genimg_get_format
26f0fc34 T genimg_get_image
26f0fc38 T genimg_has_config
26f0fc48 T boot_ramdisk_high
26f0fd88 T boot_fdt_add_mem_rsv_regions
26f0fe10 T boot_relocate_fdt
26f0ffa8 T fit_parse_conf
26f1000c T fit_parse_subimage
26f10070 T fit_get_desc
26f1009c T fit_get_timestamp
26f100ec T fit_image_get_node
26f1011c t __fit_conf_get_prop_node
26f10144 T fit_image_get_os
26f1017c T fit_image_get_arch
26f101b4 T fit_image_get_type
26f101ec T fit_image_get_comp
26f10224 T fit_image_get_load
26f10260 T fit_image_get_entry
26f1029c T fit_image_get_data
26f102d8 T fit_image_hash_get_algo
26f10304 T fit_image_hash_get_value
26f10340 T fit_image_print_hash
26f10438 T fit_image_print
26f106ec T fit_set_timestamp
26f10774 T fit_image_check_hashes
26f109d4 T fit_all_image_check_hashes
26f10ab4 T fit_image_check_os
26f10ae8 T fit_image_check_arch
26f10b1c T fit_image_check_type
26f10b50 T fit_image_check_comp
26f10b84 T fit_check_format
26f10bc4 T fit_conf_get_node
26f10c2c T fit_conf_get_kernel_node
26f10c38 T fit_conf_get_ramdisk_node
26f10c44 T boot_get_ramdisk
26f111a4 T fit_conf_get_fdt_node
26f111b0 T boot_get_fdt
26f11704 T fit_conf_print
26f11808 T fit_print_contents
26f119f0 t console_newline
26f11aa8 t lcd_drawchars.constprop.2
26f11b40 T lcd_putc
26f11ca4 T lcd_puts
26f11ce0 T lcd_printf
26f11d18 T lcd_setmem
26f11d5c T bitmap_plot
26f11e64 T lcd_clear
26f11efc t do_lcd_clear
26f11f0c T drv_lcd_init
26f11fec t delete_char.part.0
26f120c0 t cread_add_char
26f121ac T __show_boot_progress
26f121ac W show_boot_progress
26f121b0 T readline_into_buffer
26f12b4c T readline
26f12b68 T parse_line
26f12bf0 T run_command
26f12bf8 T run_command_list
26f12c54 T main_loop
26f12d4c T do_run
26f12dc0 T get_ram_size
26f12ec4 t hex1_bin
26f12f04 t hex2_bin
26f12f3c T srec_decode
26f13198 T stdio_get_list
26f131a4 T stdio_get_by_name
26f131f4 T stdio_clone
26f13240 T stdio_register
26f13284 T stdio_init
26f13310 t usb_set_maxpacket_ep
26f1337c T usb_stop
26f133b0 T usb_disable_asynch
26f133d0 T usb_submit_int_msg
26f133d4 T usb_control_msg
26f13494 t usb_get_descriptor
26f134f0 t usb_get_string
26f13564 t usb_string_sub
26f13670 T usb_bulk_msg
26f136e4 T usb_maxpacket
26f13700 T usb_clear_halt
26f137a8 T usb_get_configuration_no
26f13844 T usb_set_interface
26f13904 T usb_set_protocol
26f13958 T usb_set_idle
26f139b4 T usb_get_report
26f13a18 T usb_get_class_descriptor
26f13a7c T usb_string
26f13b84 T usb_get_dev_index
26f13bb0 T usb_alloc_new_device
26f13c34 T usb_new_device
26f140dc T usb_init
26f141c8 t usb_get_hub_descriptor
26f14220 t usb_get_port_status
26f14274 t usb_set_port_feature
26f142c8 t usb_clear_port_feature
26f1431c t usb_hub_power_on
26f14368 T usb_hub_reset
26f1437c T hub_port_reset
26f14428 T usb_hub_port_connect_change
26f1452c t usb_hub_configure
26f147ac T usb_hub_probe
26f14804 t usb_stor_irq
26f14820 t usb_stor_BBB_reset
26f1490c t usb_stor_CB_reset
26f149f4 t usb_request_sense.constprop.6
26f14a64 T usb_stor_read
26f14c10 T usb_stor_write
26f14dbc T usb_stor_get_dev
26f14de0 T usb_show_progress
26f14de4 T usb_stor_info
26f14e54 T usb_stor_BBB_comdat
26f14f38 T usb_stor_CB_comdat
26f15154 T usb_stor_CBI_get_status
26f1521c T usb_stor_CB_transport
26f15440 T usb_stor_BBB_clear_endpt_stall
26f1548c T usb_stor_BBB_transport
26f15668 T usb_storage_probe
26f15878 T usb_stor_get_info
26f15b14 T usb_stor_scan
26f15d14 T CYGACC_COMM_IF_GETC_TIMEOUT
26f15d60 t xyzModem_flush
26f15d88 t xyzModem_get_hdr
26f16000 T CYGACC_COMM_IF_PUTC
26f16008 T parse_num
26f16128 T xyzModem_stream_open
26f16274 T xyzModem_stream_read
26f164c8 T xyzModem_stream_close
26f16518 T xyzModem_stream_terminate
26f165ac T xyzModem_error
26f165cc T get_dev
26f16630 T dev_print
26f16844 T init_part
26f16864 T print_part
26f1694c T get_partition_info
26f16978 T get_device
26f169f8 T get_device_and_partition
26f16cdc t le32_to_int
26f16d00 t is_extended
26f16d24 t test_block_type
26f16d90 t print_partition_extended
26f16f78 t get_partition_info_extended.constprop.2
26f171e4 T test_part_dos
26f17248 T print_part_dos
26f17274 T get_partition_info_dos
26f17290 T at91_set_pio_pullup
26f172c4 T at91_set_pio_periph
26f172f8 T at91_set_a_periph
26f17354 T at91_set_b_periph
26f173ac T at91_set_c_periph
26f17404 T at91_set_d_periph
26f1745c T at91_set_pio_input
26f1749c T at91_set_pio_output
26f174ec T at91_set_pio_deglitch
26f17528 T at91_set_pio_debounce
26f1756c T at91_set_pio_pulldown
26f175a0 T at91_set_pio_disable_schmitt_trig
26f175cc T at91_set_pio_multi_drive
26f175f8 T at91_set_pio_value
26f17624 T at91_get_pio_value
26f1765c T input_queue_ascii
26f176a4 T input_tstc
26f176ec T input_getc
26f17748 T input_send_keycodes
26f17a14 T input_add_table
26f17a54 T input_init
26f17b00 T input_stdio_register
26f17b54 T nand_register
26f17bd4 T nand_init
26f17bfc t scan_read_raw_oob
26f17cc8 t scan_read_raw
26f17d28 t read_bbt
26f17f58 t read_abs_bbt
26f18028 t write_bbt
26f186cc t verify_bbt_descr
26f18808 t check_pattern
26f1893c t create_bbt
26f18c7c t search_bbt
26f18e48 T nand_update_bbt
26f18f98 t mark_bbt_region
26f1911c T nand_scan_bbt
26f19608 T nand_default_bbt
26f19704 T nand_isbad_bbt
26f1975c t check_skip_len
26f197e8 T nand_erase_opts
26f19af4 T nand_write_skip_bad
26f19d38 T nand_read_skip_bad
26f19f20 T nand_calculate_ecc
26f1a014 T nand_correct_data
26f1a138 t nand_release_device
26f1a150 T nand_read_byte
26f1a164 t nand_read_byte16
26f1a17c t nand_read_word
26f1a190 T nand_write_buf
26f1a1bc T nand_read_buf
26f1a1e8 t nand_verify_buf
26f1a22c T nand_write_buf16
26f1a260 T nand_read_buf16
26f1a298 t nand_verify_buf16
26f1a2e4 t nand_check_wp
26f1a334 t nand_read_page_raw
26f1a36c t nand_read_page_raw_syndrome
26f1a440 t nand_read_page_swecc
26f1a550 t nand_read_subpage
26f1a7d4 t nand_read_page_hwecc
26f1a91c t nand_read_page_hwecc_oob_first
26f1aa58 t nand_read_page_syndrome
26f1ab80 t nand_read_oob_std
26f1abc8 t nand_read_oob_syndrome
26f1acd0 t nand_write_oob_std
26f1ad40 t nand_write_oob_syndrome
26f1aef0 t nand_write_page_raw
26f1af24 t nand_write_page_raw_syndrome
26f1aff4 t nand_write_page_swecc
26f1b0a4 t nand_write_page_hwecc
26f1b16c t nand_write_page_syndrome
26f1b260 t single_erase_cmd
26f1b29c t multi_erase_cmd
26f1b324 t nand_sync
26f1b334 t nand_block_checkbad
26f1b3b8 t nand_block_isbad
26f1b3e8 t nand_block_markbad
26f1b428 t nand_write_page
26f1b4d0 t nand_block_bad
26f1b61c t nand_wait
26f1b6f8 t generic_ffs.part.0
26f1b740 t nand_select_chip
26f1b798 t nand_fill_oob
26f1b8a4 t nand_do_write_oob
26f1ba3c t nand_default_block_markbad
26f1bbb4 t nand_do_write_ops
26f1beec t nand_write_oob
26f1bf84 t nand_write
26f1c00c t nand_transfer_oob
26f1c118 T nand_wait_ready
26f1c164 t nand_do_read_ops
26f1c528 t nand_read_oob
26f1c7a8 t nand_read
26f1c830 t nand_command
26f1ca04 t nand_command_lp
26f1cc64 T nand_erase_nand
26f1d014 t nand_erase
26f1d01c T nand_scan_ident
26f1d7ec T nand_scan_tail
26f1dd8c T nand_scan
26f1ddb0 T nand_release
26f1ddf4 t at91_nand_hwcontrol
26f1de34 t atmel_nand_pmecc_write_page
26f1df4c t atmel_nand_pmecc_read_page
26f1e95c T atmel_nand_chip_init
26f1ed38 T board_nand_init
26f1ed64 t spi_flash_read_write
26f1edd8 T spi_flash_cmd_read
26f1edf4 T spi_flash_cmd
26f1ee20 T spi_flash_cmd_write
26f1ee3c T spi_flash_read_common
26f1ee88 T spi_flash_cmd_read_fast
26f1eec8 T spi_flash_cmd_poll_bit
26f1ef90 T spi_flash_cmd_wait_ready
26f1ef9c T spi_flash_cmd_write_multi
26f1f0a4 T spi_flash_cmd_erase
26f1f1a0 T spi_flash_cmd_write_status
26f1f208 T spi_flash_probe
26f1f2f0 T spi_flash_free
26f1f30c t at45_wait_ready
26f1f3dc t dataflash_write_p2
26f1f4e4 t dataflash_write_at45
26f1f62c T dataflash_erase_at45
26f1f73c T dataflash_erase_p2
26f1f824 t dataflash_read_fast_p2
26f1f864 t dataflash_read_fast_at45
26f1f8fc t at25_read_status
26f1f930 t at25_write_enable.constprop.0
26f1f998 t at25_wait_ready.constprop.2
26f1f9e4 T dataflash_erase_block_at25
26f1fa5c T dataflash_erase_at25
26f1fb84 T dataflash_write_at25
26f1fc78 T spi_flash_probe_atmel
26f1fe0c t macb_mdio_write
26f1fe70 t macb_mdio_read
26f1fedc t reclaim_rx_buffers
26f1ff40 t macb_halt
26f1ff74 t macb_write_hwaddr
26f1ffb8 t macb_recv
26f200ac t macb_send
26f2016c t macb_init
26f2053c T gmacb_eth_initialize
26f2068c t macb_mdio_write
26f206f0 t macb_mdio_read
26f2075c t reclaim_rx_buffers
26f207c0 t macb_halt
26f207f4 t macb_write_hwaddr
26f20838 t macb_recv
26f2092c t macb_send
26f209f0 t macb_init
26f20d10 T macb_eth_initialize
26f20e3c T serial_setbrg
26f20e68 T serial_init
26f20eb0 T serial_putc
26f20ee4 T serial_puts
26f20f04 T serial_getc
26f20f20 T serial_tstc
26f20f30 T spi_init
26f20f34 T spi_setup_slave
26f21014 T spi_free_slave
26f21018 T spi_claim_bus
26f21038 T spi_release_bus
26f21048 T spi_xfer
26f21124 t td_alloc
26f21160 t ep_rev
26f21198 t urb_free_priv
26f211e0 t td_fill.isra.0
26f2126c t td_submit_job.isra.1
26f21474 t hc_reset.constprop.4
26f21538 T sohci_submit_job
26f21a5c T rh_check_port_status
26f21aac T submit_common_msg
26f22124 T submit_bulk_msg
26f2213c T submit_control_msg
26f226b0 T submit_int_msg
26f226cc T usb_lowlevel_init
26f22830 T usb_lowlevel_stop
26f22860 T usb_cpu_init
26f228a8 T usb_cpu_stop
26f228d8 T usb_cpu_init_fail
26f228dc T lcd_ctrl_init
26f22bac t downcase
26f22bd0 t disk_read
26f22c20 t dirdelim
26f22c54 t get_fatent
26f22dac t get_name
26f22e58 t read_bootsectandvi
26f22f80 t get_cluster
26f230fc t slot2str
26f231c4 t get_vfatname
26f23380 T fat_register_device
26f234ec T do_fat_read_at
26f2402c T do_fat_read
26f24050 T file_fat_detectfs
26f241a8 T file_fat_ls
26f241b8 T file_fat_read_at
26f241fc T file_fat_read
26f24210 T file_getfsname
26f24228 T file_cd
26f24414 T file_detectfs
26f24450 T file_ls
26f244d4 T file_read
26f24568 t __fswab32
26f24570 T fdt_check_header
26f245f0 T fdt_offset_ptr
26f2464c T fdt_next_tag
26f24748 T _fdt_check_node_offset
26f24780 T _fdt_check_prop_offset
26f247b8 T fdt_next_node
26f24878 T _fdt_find_string
26f248d0 T fdt_move
26f2491c t __fswab32
26f24924 t _fdt_offset_ptr
26f24944 t _fdt_mem_rsv
26f24964 t __fswab64
26f24998 t _nextprop
26f249e8 T fdt_string
26f24a08 T fdt_get_mem_rsv
26f24a60 T fdt_num_mem_rsv
26f24a98 T fdt_subnode_offset_namelen
26f24b64 T fdt_subnode_offset
26f24b94 T fdt_get_name
26f24bfc T fdt_first_property_offset
26f24c1c T fdt_next_property_offset
26f24c3c T fdt_get_property_by_offset
26f24c9c T fdt_get_property_namelen
26f24d4c T fdt_get_property
26f24d84 T fdt_getprop_namelen
26f24da0 T fdt_getprop_by_offset
26f24dec T fdt_getprop
26f24e24 T fdt_get_phandle
26f24e9c T fdt_get_alias_namelen
26f24ee4 T fdt_path_offset
26f24fc8 T fdt_get_alias
26f24ff0 T fdt_get_path
26f25128 T fdt_supernode_atdepth_offset
26f251e0 T fdt_node_depth
26f25204 T fdt_parent_offset
26f25234 T fdt_node_offset_by_prop_value
26f252d0 T fdt_node_offset_by_phandle
26f25344 T fdt_node_check_compatible
26f253d0 T fdt_node_offset_by_compatible
26f25448 t __fswab32
26f25450 t _fdt_blocks_misordered
26f254d4 t fdt_set_off_dt_struct
26f254ec t fdt_set_size_dt_struct
26f25504 t fdt_set_off_dt_strings
26f2551c t fdt_set_size_dt_strings
26f25534 t _fdt_data_size
26f25558 t fdt_set_totalsize
26f25570 t _fdt_offset_ptr
26f25590 t _fdt_mem_rsv
26f255b0 t __fswab64
26f255e4 t _fdt_splice
26f2565c t _fdt_splice_struct
26f256ac t _fdt_splice_mem_rsv
26f25708 t _fdt_packblocks
26f257c4 t _fdt_rw_check_header
26f25830 T fdt_add_mem_rsv
26f258a4 T fdt_del_mem_rsv
26f258fc T fdt_set_name
26f25980 T fdt_setprop
26f25b3c T fdt_delprop
26f25ba0 T fdt_add_subnode_namelen
26f25c94 T fdt_add_subnode
26f25cc4 T fdt_del_node
26f25d1c T fdt_open_into
26f25ec8 T fdt_pack
26f25f24 T fdt_strerror
26f25f7c t __fswab32
26f25f84 t _fdt_sw_check_header
26f25fa8 t fdt_set_off_dt_strings
26f25fc0 t _fdt_offset_ptr
26f25fe0 t _fdt_grab_space
26f2604c t fdt_set_totalsize
26f26064 t __fswab64
26f26098 t fdt_set_off_dt_struct
26f260b0 T fdt_create
26f26128 T fdt_add_reservemap_entry
26f261b8 T fdt_finish_reservemap
26f261d0 T fdt_begin_node
26f26238 T fdt_end_node
26f26270 T fdt_property
26f263a4 T fdt_finish
26f264c4 T fdt_setprop_inplace
26f26508 T fdt_nop_property
26f26544 T _fdt_node_end_offset
26f26584 T fdt_nop_node
26f265d4 T cyg_crc16
26f26618 T crc32_no_comp
26f266f8 T crc32
26f2670c T crc32_wd
26f26710 T crc7
26f26738 T display_options
26f26758 T print_size
26f26890 T print_buffer
26f26a10 T __div64_32
26f26aec T gzfree
26f26af4 T gzalloc
26f26b04 T zunzip
26f26c10 T gunzip
26f26cbc t cmpkey
26f26cd0 t drop_var_from_set.part.0
26f26d20 T hcreate_r
26f26dd4 T hdestroy_r
26f26e74 T hstrstr_r
26f26f20 T hmatch_r
26f26fc0 T hsearch_r
26f272b0 T hdelete_r
26f27364 T hexport_r
26f275fc T himport_r
26f27998 T ldiv
26f279e8 t lmb_add_region
26f27bb8 T lmb_dump_all
26f27bbc T lmb_init
26f27be4 T lmb_add
26f27be8 T lmb_free
26f27cf4 T lmb_reserve
26f27cfc T lmb_overlaps_region
26f27d5c T __lmb_alloc_base
26f27e6c T lmb_alloc_base
26f27ea0 T lmb_alloc
26f27ea8 T lmb_is_reserved
26f27ef8 T __board_lmb_reserve
26f27ef8 W board_lmb_reserve
26f27efc T __arch_lmb_reserve
26f27f00 t byteReverse
26f27f2c t MD5Transform
26f28930 t MD5Update
26f28a14 t MD5Final
26f28adc T md5
26f28b44 T md5_wd
26f28bac T string_to_ip
26f28c0c T qsort
26f28cec T strcmp_compar
26f28cf8 t sha1_process
26f2a228 T sha1_starts
26f2a274 T sha1_update
26f2a32c T sha1_finish
26f2a46c T sha1_csum
26f2a4ac T sha1_csum_wd
26f2a4ec T sha1_hmac
26f2a614 T sha1_self_test
26f2a61c T strcpy
26f2a638 T strncpy
26f2a65c T strcat
26f2a68c T strncat
26f2a6e0 T strcmp
26f2a70c T strncmp
26f2a74c T strchr
26f2a780 T skip_spaces
26f2a7a8 T strlen
26f2a7c8 T strim
26f2a828 T strrchr
26f2a864 T strnlen
26f2a894 T strdup
26f2a8cc T strspn
26f2a914 T strpbrk
26f2a950 T strtok
26f2a9d4 T strsep
26f2aa08 T strswab
26f2aa54 T memset
26f2aac0 T bcopy
26f2aae4 T memcpy
26f2ab4c T memmove
26f2abac T memcmp
26f2abe0 T memscan
26f2ac04 T strstr
26f2ac68 T memchr
26f2ac98 T strmhz
26f2ad04 T udelay
26f2ad34 T mdelay
26f2ad58 t put_dec_trunc
26f2ae34 t put_dec
26f2af64 t string.isra.0
26f2b004 t number.isra.4
26f2b268 t vsnprintf_internal.isra.6
26f2b8b0 T simple_strtoul
26f2b970 T strict_strtoul
26f2b9e8 T simple_strtol
26f2ba10 T ustrtoul
26f2ba80 T simple_strtoull
26f2bb6c T vsprintf
26f2bb70 T sprintf
26f2bb94 T panic
26f2bbd8 T __assert_fail
26f2bbec T simple_itoa
26f2bc44 T zcfree
26f2bc4c T zcalloc
26f2bc54 T inflate_fast
26f2c1fc T inflate_table
26f2c7b0 T inflateReset
26f2c82c T inflateInit2_
26f2c930 T inflateInit_
26f2c944 T inflateEnd
26f2c9a8 T adler32
26f2cce4 T inflate
26f2e30c T ArpInit
26f2e338 T arp_raw_request
26f2e3f8 T ArpRequest
26f2e470 T ArpTimeoutCheck
26f2e4e0 T ArpReceive
26f2e6dc t NetCopyIP
26f2e6e4 t DhcpOptionsProcess
26f2e900 t DhcpHandler
26f2ed6c T BootpRequest
26f2efd0 t BootpTimeout
26f2f014 T DhcpRequest
26f2f018 t is_valid_ether_addr
26f2f060 W cpu_eth_init
26f2f060 t __def_eth_init
26f2f068 t eth_current_changed
26f2f0c8 T eth_parse_enetaddr
26f2f11c T eth_getenv_enetaddr
26f2f13c T eth_setenv_enetaddr
26f2f170 T eth_getenv_enetaddr_by_index
26f2f1c0 T eth_get_dev_by_name
26f2f248 T eth_get_dev_by_index
26f2f280 T eth_get_dev_index
26f2f29c T eth_write_hwaddr
26f2f418 T eth_register
26f2f484 T eth_unregister
26f2f520 T eth_initialize
26f2f6e0 T eth_halt
26f2f710 T eth_send
26f2f748 T eth_rx
26f2f774 T eth_try_another
26f2f7f4 T eth_init
26f2f8bc T eth_set_current
26f2f950 T eth_get_name
26f2f970 t startAgainTimeout
26f2f984 t dummy_handler
26f2f988 t getenv_IPaddr
26f2f998 t net_clear_handlers
26f2f9bc T net_auto_load
26f2fa1c T NetStartAgain
26f2fb3c T net_get_udp_handler
26f2fb4c T net_set_udp_handler
26f2fb6c T net_get_arp_handler
26f2fb7c T net_set_arp_handler
26f2fb9c T NetSetTimeout
26f2fbd8 T NetCksum
26f2fc10 T NetCksumOk
26f2fc30 T NetReceive
26f2fe98 T NetEthHdrSize
26f2fed0 T NetSetEther
26f2ff6c T net_update_ether
26f2ffe4 T net_set_ip_header
26f3006c T net_set_udp_header
26f300f4 T NetSendUDPPacket
26f30200 T copy_filename
26f3024c T random_port
26f30264 T ip_to_string
26f30298 T VLAN_to_string
26f302dc T string_to_VLAN
26f30324 T getenv_VLAN
26f30334 t NetInitLoop
26f303e4 T net_init
26f30450 T NetLoop
26f30784 t __fswab32
26f3078c t basename
26f307cc t rpc_add_credentials
26f30888 t rpc_lookup_reply
26f3092c t nfs_mount_reply
26f309c0 t nfs_umountall_reply
26f30a44 t nfs_lookup_reply
26f30ad0 t rpc_req
26f30bc4 t nfs_mount_req
26f30c58 t nfs_umountall_req
26f30cb0 t nfs_lookup_req
26f30d58 t nfs_read_req
26f30dd8 t nfs_readlink_req
26f30e30 t nfs_readlink_reply
26f30f20 t nfs_read_reply.isra.1
26f31060 t NfsSend
26f3115c t NfsHandler
26f3134c t NfsTimeout
26f313a4 T NfsStart
26f315d8 t ping_timeout
26f315f4 T ping_start
26f31710 T ping_receive
26f317f8 t TftpSend
26f31990 t TftpHandler
26f31c64 t TftpTimeout
26f31cdc T TftpStart
26f31fc4 T sama5d3xek_nand_hw_init
26f32014 T lcd_enable
26f32024 T lcd_disable
26f32034 T lcd_show_board_info
26f3206c T board_early_init_f
26f3207c T board_init
26f32114 T dram_init
26f32134 T reset_phy
26f32138 T board_eth_init
26f3218c T spi_cs_is_valid
26f321a0 T spi_cs_activate
26f321b0 T spi_cs_deactivate
26f321c0 T raise
26f321dc T __aeabi_unwind_cpp_pr0
26f321e0 T __aeabi_unwind_cpp_pr1
26f321e4 T __udivsi3
26f321e4 t .udivsi3_skip_div0_test
26f321e4 t __aeabi_uidiv
26f323d0 t __aeabi_uidivmod
26f323f0 T __divsi3
26f323f0 t __aeabi_idiv
26f323f8 t .divsi3_skip_div0_test
26f32610 t __aeabi_idivmod
26f32630 T __lshrdi3
26f32630 t __aeabi_llsr
26f3264c T __ashrdi3
26f3264c t __aeabi_lasr
26f32668 T __ashldi3
26f32668 t __aeabi_llsl
26f32684 W __aeabi_ldiv0
26f32684 t __aeabi_idiv0
26f32714 r boot_os
26f32760 r op_table
26f327c8 r __func__.7405
26f327d4 r __func__.6853
26f327e4 r baudrate_table
26f327f8 r __func__.6819
26f32808 V version_string
26f3283f r CSWTCH.40
26f32855 R default_environment
26f329b8 r __func__.6513
26f329c8 r __func__.6524
26f329d3 r __func__.7194
26f329db r __FUNCTION__.6740
26f32a02 r __FUNCTION__.6879
26f32a1c r uimage_os
26f32a70 r uimage_arch
26f32b6c r uimage_type
26f32c38 r uimage_comp
26f32c80 r video_fontdata
26f33c80 r erase_seq
26f33c84 r tab_seq
26f33c8d r us_direction
26f33cb0 r CSWTCH.26
26f33cd0 r block_drvr
26f33ce0 r __FUNCTION__.7314
26f33cf1 r __FUNCTION__.7168
26f33cfc R nand_manuf_ids
26f33d4c R nand_flash_ids
26f34424 r nand_ecc_precalc_table
26f34524 r __FUNCTION__.7174
26f34535 r __FUNCTION__.7759
26f34543 r __FUNCTION__.7519
26f34555 r __func__.7852
26f34565 r __func__.7900
26f34579 r __FUNCTION__.7943
26f34588 r __FUNCTION__.7556
26f3459b r CSWTCH.31
26f345b0 r atmel_spi_flash_table
26f34610 r cc_to_string
26f34650 r cc_to_error
26f34690 r filesystems
26f346a8 r fdt_errtable
26f346dc r crc16_tab
26f348dc r crc_table
26f34cdc R crc7_syndrome_table
26f34ddc R _ctype
26f34edc r names.6455
26f34ee2 r sha1_padding
26f34f22 r digits.6444
26f34f32 R hex_asc
26f34f44 r lext.6738
26f34f82 r lbase.6737
26f34fc0 r dext.6740
26f35000 r dbase.6739
26f35040 r lenfix
26f35840 r distfix
26f358c0 r order.6833
26f358e8 R z_errmsg
26f35910 r __func__.6446
26f35926 r CSWTCH.23
26f35933 r kbd_plain_xlate
26f35996 r __FUNCTION__.6744
26f359a4 r __FUNCTION__.6935
26f3f2bc D init_sequence
26f3f2e8 d cmd_bootm_sub
26f3f3c8 d root.6386
26f3f3ca d tabs.6468
26f3f3ec d dp_last_length
26f3f3f0 d cmd_env_sub
26f3f4ec d env_id
26f3f4f0 D load_addr
26f3f4f4 d usb_stor_curr_dev
26f3f4f8 d av_
26f3f900 d sbrk_base
26f3f904 d trim_threshold
26f3f908 d mmap_threshold
26f3f90c D env_htab
26f3f91c D env_name_spec
26f3f920 d of_busses
26f3f934 d reserved_list
26f3f9b8 D bmp_logo_palette
26f3fb98 D bmp_logo_bitmap
26f44bc0 d hist_cur
26f44bc4 D stdio_names
26f44bd0 d kbd_shift_xlate
26f44c33 d kbd_ctrl_xlate
26f44c98 D nand_curr_device
26f44c9c d bbt_main_descr
26f44cc0 d bbt_mirror_descr
26f44ce4 d agand_flashbased
26f44d08 d bbt_main_no_bbt_descr
26f44d2c d bbt_mirror_no_bbt_descr
26f44d50 d scan_ff_pattern
26f44d52 d bbt_pattern
26f44d56 d mirror_pattern
26f44d5a d scan_agand_pattern
26f44d60 d nand_oob_8
26f44fa8 d nand_oob_16
26f451f0 d nand_oob_64
26f45438 d nand_oob_128
26f45680 d root_hub_dev_des
26f45692 d root_hub_config_des
26f456ab d root_hub_str_index0
26f456af d root_hub_str_index1
26f456cc D file_cwd
26f458cc d current_filesystem
26f458d0 D NetOurVLAN
26f458d2 D NetOurNativeVLAN
26f458d4 D NetBcastAddr
26f458dc d first_call.6489
26f458e0 d nfs_offset
26f458e4 d TftpTimeoutMSecs
26f458e8 d TftpBlkSizeOption
26f458ea d TftpBlkSize
26f458ec d TftpTimeoutCountMax
26f458f0 D TftpRRQTimeoutCountMax
26f458f4 D TftpRRQTimeoutMSecs
26f458f8 D panel_info
26f4593c D __u_boot_cmd_reset
26f4593c D __u_boot_cmd_start
26f45958 D __u_boot_cmd_go
26f45974 D __u_boot_cmd_bootz
26f45990 D __u_boot_cmd_bootd
26f459ac D __u_boot_cmd_boot
26f459c8 D __u_boot_cmd_bootm
26f459e4 D __u_boot_cmd_coninfo
26f45a00 D __u_boot_cmd_echo
26f45a1c D __u_boot_cmd_exit
26f45a38 D __u_boot_cmd_fatinfo
26f45a54 D __u_boot_cmd_fatls
26f45a70 D __u_boot_cmd_fatload
26f45a8c D __u_boot_cmd_fdt
26f45aa8 D __u_boot_cmd_protect
26f45ac4 D __u_boot_cmd_erase
26f45ae0 D __u_boot_cmd_flinfo
26f45afc D __u_boot_cmd_question_mark
26f45b18 D __u_boot_cmd_help
26f45b34 D __u_boot_cmd_itest
26f45b50 D __u_boot_cmd_loady
26f45b6c D __u_boot_cmd_loadb
26f45b88 D __u_boot_cmd_mtest
26f45ba4 D __u_boot_cmd_loop
26f45bc0 D __u_boot_cmd_base
26f45bdc D __u_boot_cmd_crc32
26f45bf8 D __u_boot_cmd_cmp
26f45c14 D __u_boot_cmd_cp
26f45c30 D __u_boot_cmd_mw
26f45c4c D __u_boot_cmd_nm
26f45c68 D __u_boot_cmd_mm
26f45c84 D __u_boot_cmd_md
26f45ca0 D __u_boot_cmd_sleep
26f45cbc D __u_boot_cmd_nboot
26f45cd8 D __u_boot_cmd_nand
26f45cf4 D __u_boot_cmd_ping
26f45d10 D __u_boot_cmd_nfs
26f45d2c D __u_boot_cmd_dhcp
26f45d48 D __u_boot_cmd_tftpboot
26f45d64 D __u_boot_cmd_bootp
26f45d80 D __u_boot_cmd_run
26f45d9c D __u_boot_cmd_setenv
26f45db8 D __u_boot_cmd_printenv
26f45dd4 D __u_boot_cmd_editenv
26f45df0 D __u_boot_cmd_env
26f45e0c D __u_boot_cmd_saveenv
26f45e28 D __u_boot_cmd_sf
26f45e44 D __u_boot_cmd_source
26f45e60 D __u_boot_cmd_true
26f45e7c D __u_boot_cmd_false
26f45e98 D __u_boot_cmd_test
26f45eb4 D __u_boot_cmd_usbboot
26f45ed0 D __u_boot_cmd_usb
26f45eec D __u_boot_cmd_version
26f45f08 D __u_boot_cmd_imxtract
26f45f24 D __u_boot_cmd_showvar
26f45f40 D __u_boot_cmd_cls
26f45f5c B __bss_start
26f45f5c B monitor_flash_len
26f45f5c D __u_boot_cmd_end
26f45f5c R __image_copy_end
26f45f5c R __rel_dyn_start
26f45f80 B images
26f460d8 B working_fdt
26f460dc b data.6379
26f464dc b os_data_state
26f464e0 b os_data_addr
26f464e4 b bin_start_address
26f464e8 B his_pad_count
26f464ec B his_pad_char
26f464ed b a_b
26f46505 B his_eol
26f46508 b k_data_escape
26f4650c B os_data_init
26f46510 b k_data_escape_saved
26f46514 b os_data_state_saved
26f46518 b os_data_addr_saved
26f4651c B os_data_char
26f46520 B his_quote
26f46524 B send_ptr
26f46528 B send_parms
26f4653c b base_address
26f46540 b dp_last_addr
26f46544 b dp_last_size
26f46548 b mm_last_addr
26f4654c b mm_last_size
26f46550 b last.7345
26f46558 B save_size
26f4655c B save_addr
26f46560 b flash
26f46564 b tmp_buf.6402
26f46764 b tmp_buf
26f46864 b ctrlc_disabled
26f46868 b ctrlc_was_pressed
26f4686c B mem_malloc_brk
26f46870 B mem_malloc_start
26f46874 B mem_malloc_end
26f46878 b current_mallinfo
26f468a0 b top_pad
26f468a4 b max_sbrked_mem
26f468a8 b max_total_mem
26f468ac b n_mmaps_max
26f468b0 b env_flags
26f468b4 B env_ptr
26f468b8 b top_vars
26f468bc b flag_repeat
26f468c0 b do_repeat
26f468c4 b the_command.6606
26f469c4 b buf.6806
26f469ec B last_return_code
26f469f0 b map
26f46af0 b ifs
26f46af4 B nesting_level
26f46af8 B lcd_is_enabled
26f46afc b initted.6701
26f46b00 b hist_max
26f46b04 b hist_add_idx
26f46b08 B hist_num
26f46b0c B hist_lines
26f47f20 B hist_list
26f47f70 B console_buffer
26f48074 b devs
26f480b0 B stdio_devices
26f480c0 B usb_started
26f480c4 b asynch_allowed
26f48100 b usb_dev
26f4bf3c R __dynsym_start
26f4bf3c R __rel_dyn_end
26f4c00c R _end
26f53100 b dev_index
26f53104 b running
26f53140 b usb_hub_index
26f53144 b hub_dev
26f53280 b usb_ccb
26f53340 b usb_dev_desc
26f53570 b usb_max_devs
26f53574 b CBWTag
26f53578 b usb_stor
26f53680 b xyz
26f53ac0 B nand_info
26f53b68 b dev_name
26f53b70 b total_nand_size
26f53b78 b nand_chip
26f53ca0 b pmecc_host
26f53ce8 b atmel_pmecc_oobinfo
26f54000 B ptd
26f54004 b gohci
26f54150 B ohci_dev
26f542e0 B devgone
26f542e4 B phcca
26f54300 B ghcca
26f54400 B gtd
26f55440 b ohci_inited
26f55500 B console_row
26f55502 B console_col
26f55504 B lcd_console_address
26f55508 B lcd_base
26f5550c B lcd_color_bg
26f55510 B lcd_color_fg
26f55514 B lcd_line_length
26f55540 b cur_dev
26f55544 b cur_part_info
26f555c0 B get_contents_vfatname_block
26f655c0 b cur_part_nr
26f65600 B do_fat_read_at_block
26f75600 B get_dentfromdir_block
26f85600 B errno
26f85604 B ___strtok
26f85608 b local.6623
26f85620 B NetArpWaitPacketMAC
26f85624 B NetArpWaitPacketIP
26f85628 B NetArpWaitReplyIP
26f8562c B NetArpWaitTxPacketSize
26f85630 B NetArpTxPacket
26f85634 B NetArpPacketBuf
26f85c74 B NetArpWaitTimerStart
26f85c78 B NetArpWaitTry
26f85c7c B dhcp_leasetime
26f85c80 B NetDHCPServerIP
26f85c84 B BootpID
26f85c88 B dhcp_state
26f85c8c B BootpTry
26f85c90 B eth_current
26f85c94 b eth_devices
26f85c98 b index.6963
26f85c9c b first_failed.7010
26f85ca0 b act.7015
26f85ca4 b env_changed_id.7016
26f85ca8 B net_state
26f85cac b udp_packet_handler
26f85cb0 b arp_packet_handler
26f85cb4 b timeHandler
26f85cb8 b NetTryCount
26f85cbc b NetRestarted
26f85cc0 B NetRestartWrap
26f85cc4 b NetDevExists
26f85cc8 b timeStart
26f85ccc b timeDelta
26f85cd0 B NetRxPacket
26f85cd4 B NetRxPacketLen
26f85cd8 B NetOurIP
26f85cdc B NetOurEther
26f85ce4 B NetIPID
26f85ce8 B NetTxPacket
26f85cec B NetEtherNullAddr
26f85cf4 b env_changed_id.6478
26f85cf8 B NetOurGatewayIP
26f85cfc B NetOurSubnetMask
26f85d00 B NetServerIP
26f85d04 B PktBuf
26f87b44 B NetRxPackets
26f87b54 B NetBootFileXferSize
26f87b58 B BootFile
26f87bd8 B NetServerEther
26f87bde B NetBootFileSize
26f87be0 B NetOurRootPath
26f87c20 B NetOurHostName
26f87c40 B NetOurNISDomain
26f87c60 B NetOurDNSIP
26f87c64 b rpc_id
26f87c68 b NfsSrvMountPort
26f87c6c b NfsSrvNfsPort
26f87c70 b fs_mounted
26f87c74 b dirfh
26f87c94 b filefh
26f87cb4 b NfsServerIP
26f87cb8 b NfsOurPort
26f87cbc b nfs_path
26f87cc0 b NfsState
26f87cc4 b nfs_filename
26f87cc8 b nfs_len
26f87ccc b nfs_download_state
26f87cd0 b NfsTimeoutCount
26f87cd4 b nfs_path_buff
26f884d4 b default_filename
26f88514 B NetPingIP
26f88518 b PingSeqNo
26f8851c b TftpState
26f88520 b tftp_filename
26f885a0 b TftpBlock
26f885a4 b TftpRemoteIP
26f885a8 b TftpRemotePort
26f885ac b TftpOurPort
26f885b0 b TftpBlockWrap
26f885b4 b TftpBlockWrapOffset
26f885b8 b TftpTimeoutCount
26f885bc b TftpLastBlock
26f885c0 b default_filename
26f885d0 B __bss_end__
