Archive member included because of file (symbol)

/usr/lib/gcc-cross/arm-linux-gnueabi/4.7/libgcc.a(_udivsi3.o)
                              arch/arm/cpu/armv7/at91/libat91.o (__aeabi_uidiv)
/usr/lib/gcc-cross/arm-linux-gnueabi/4.7/libgcc.a(_divsi3.o)
                              common/libcommon.o (__aeabi_idiv)
/usr/lib/gcc-cross/arm-linux-gnueabi/4.7/libgcc.a(_lshrdi3.o)
                              common/libcommon.o (__aeabi_llsr)
/usr/lib/gcc-cross/arm-linux-gnueabi/4.7/libgcc.a(_ashrdi3.o)
                              drivers/mtd/nand/libnand.o (__aeabi_lasr)
/usr/lib/gcc-cross/arm-linux-gnueabi/4.7/libgcc.a(_ashldi3.o)
                              drivers/mmc/libmmc.o (__aeabi_llsl)
/usr/lib/gcc-cross/arm-linux-gnueabi/4.7/libgcc.a(_dvmd_lnx.o)
                              /usr/lib/gcc-cross/arm-linux-gnueabi/4.7/libgcc.a(_udivsi3.o) (__aeabi_idiv0)

Memory Configuration

Name             Origin             Length             Attributes
*default*        0x0000000000000000 0xffffffffffffffff

Linker script and memory map

                0x0000000000000000                . = 0x0
                0x0000000000000000                . = ALIGN (0x4)

.text           0x0000000026f00000    0x34238
                0x0000000026f00000                __image_copy_start = .
 arch/arm/cpu/armv7/start.o(.text)
 .text          0x0000000026f00000      0x4a0 arch/arm/cpu/armv7/start.o
                0x0000000026f00000                _start
                0x0000000026f00040                _end_vect
                0x0000000026f00040                _TEXT_BASE
                0x0000000026f00044                _bss_start_ofs
                0x0000000026f00048                _image_copy_end_ofs
                0x0000000026f0004c                _bss_end_ofs
                0x0000000026f00050                _end_ofs
                0x0000000026f00054                IRQ_STACK_START_IN
                0x0000000026f00090                relocate_code
                0x0000000026f001b0                save_boot_params
                0x0000000026f001b4                cpu_init_cp15
 *(.text)
 .text          0x0000000026f004a0      0xa0c arch/arm/cpu/armv7/at91/libat91.o
                0x0000000026f004a0                has_emac
                0x0000000026f0050c                has_gmac
                0x0000000026f00544                has_lcdc
                0x0000000026f0057c                get_cpu_name
                0x0000000026f0061c                at91_serial0_hw_init
                0x0000000026f0064c                at91_serial1_hw_init
                0x0000000026f0067c                at91_serial2_hw_init
                0x0000000026f006ac                at91_seriald_hw_init
                0x0000000026f006dc                at91_spi0_hw_init
                0x0000000026f007e0                at91_macb_hw_init
                0x0000000026f00890                at91_gmacb_hw_init
                0x0000000026f00990                at91_lcd_hw_init
                0x0000000026f00b80                at91_clock_init
                0x0000000026f00c64                at91_periph_clk_enable
                0x0000000026f00c94                arch_cpu_init
                0x0000000026f00ca0                arch_preboot_os
                0x0000000026f00cb8                print_cpuinfo
                0x0000000026f00d34                get_chip_id
                0x0000000026f00d44                get_extension_chip_id
                0x0000000026f00d50                reset_cpu
                0x0000000026f00d64                timer_init
                0x0000000026f00d98                get_ticks
                0x0000000026f00dd8                __udelay
                0x0000000026f00e4c                get_timer
                0x0000000026f00ea4                get_tbclk
 .text          0x0000000026f00eac      0x2e0 arch/arm/cpu/armv7/libarmv7.o
                0x0000000026f00ffc                invalidate_icache_all
                0x0000000026f01014                __v7_outer_cache_enable
                0x0000000026f01014                v7_outer_cache_enable
                0x0000000026f01018                v7_outer_cache_disable
                0x0000000026f01018                __v7_outer_cache_disable
                0x0000000026f0101c                __v7_outer_cache_flush_all
                0x0000000026f0101c                v7_outer_cache_flush_all
                0x0000000026f01020                flush_dcache_all
                0x0000000026f01034                v7_outer_cache_inval_all
                0x0000000026f01034                __v7_outer_cache_inval_all
                0x0000000026f01038                invalidate_dcache_all
                0x0000000026f0104c                arm_init_before_mmu
                0x0000000026f01074                v7_outer_cache_flush_range
                0x0000000026f01074                __v7_outer_cache_flush_range
                0x0000000026f01078                flush_dcache_range
                0x0000000026f010b4                flush_cache
                0x0000000026f010bc                __v7_outer_cache_inval_range
                0x0000000026f010bc                v7_outer_cache_inval_range
                0x0000000026f010c0                invalidate_dcache_range
                0x0000000026f010fc                cpu_cache_initialization
                0x0000000026f01100                cleanup_before_linux
                0x0000000026f01128                sdelay
                0x0000000026f01134                sr32
                0x0000000026f01158                wait_on_value
 .text          0x0000000026f0118c      0x8a4 arch/arm/lib/libarm.o
                0x0000000026f0118c                __arch_cpu_init
                0x0000000026f011e0                coloured_LED_init
                0x0000000026f011e0                __coloured_LED_init
                0x0000000026f011e4                __red_led_on
                0x0000000026f011e4                red_led_on
                0x0000000026f011e8                __red_led_off
                0x0000000026f011e8                red_led_off
                0x0000000026f011ec                green_led_on
                0x0000000026f011ec                __green_led_on
                0x0000000026f011f0                green_led_off
                0x0000000026f011f0                __green_led_off
                0x0000000026f011f4                yellow_led_on
                0x0000000026f011f4                __yellow_led_on
                0x0000000026f011f8                __yellow_led_off
                0x0000000026f011f8                yellow_led_off
                0x0000000026f011fc                blue_led_on
                0x0000000026f011fc                __blue_led_on
                0x0000000026f01200                __blue_led_off
                0x0000000026f01200                blue_led_off
                0x0000000026f01204                __dram_init_banksize
                0x0000000026f01204                dram_init_banksize
                0x0000000026f01220                board_init_r
                0x0000000026f012cc                hang
                0x0000000026f012e0                board_init_f
                0x0000000026f01580                arch_lmb_reserve
                0x0000000026f015a4                do_bootm_linux
                0x0000000026f015fc                bootz_setup
                0x0000000026f01640                interrupt_init
                0x0000000026f0165c                enable_interrupts
                0x0000000026f01660                disable_interrupts
                0x0000000026f01668                bad_mode
                0x0000000026f01678                show_regs
                0x0000000026f017b4                do_undefined_instruction
                0x0000000026f017d4                do_software_interrupt
                0x0000000026f017f4                do_prefetch_abort
                0x0000000026f01814                do_data_abort
                0x0000000026f01834                do_not_used
                0x0000000026f01854                do_fiq
                0x0000000026f01874                do_irq
                0x0000000026f01894                do_reset
                0x0000000026f018c0                __flush_cache
                0x0000000026f018c4                __flush_dcache_all
                0x0000000026f018d0                enable_caches
                0x0000000026f018d0                __enable_caches
                0x0000000026f0190c                __arm_init_before_mmu
                0x0000000026f0199c                icache_enable
                0x0000000026f019b4                icache_disable
                0x0000000026f019cc                icache_status
                0x0000000026f019d8                dcache_enable
                0x0000000026f01a00                dcache_disable
                0x0000000026f01a24                dcache_status
 .text          0x0000000026f01a30    0x14b94 common/libcommon.o
                0x0000000026f01a30                do_go_exec
                0x0000000026f01a48                do_go
                0x0000000026f01b00                do_bootd
                0x0000000026f02598                __arch_preboot_os
                0x0000000026f0259c                do_bootm_subcommand
                0x0000000026f02818                do_bootm
                0x0000000026f02ab4                bootm_maybe_autostart
                0x0000000026f02c84                do_coninfo
                0x0000000026f02d3c                common_diskboot
                0x0000000026f02fe8                do_echo
                0x0000000026f03098                do_exit
                0x0000000026f030cc                do_fat_fsinfo
                0x0000000026f0315c                do_fat_fsload
                0x0000000026f032c4                do_fat_ls
                0x0000000026f0361c                set_working_fdt_addr
                0x0000000026f03658                do_fdt
                0x0000000026f042b0                do_flinfo
                0x0000000026f042b8                do_flerase
                0x0000000026f042c0                do_protect
                0x0000000026f042d0                do_help
                0x0000000026f0438c                binary_test
                0x0000000026f04558                do_itest
                0x0000000026f04748                send_pad
                0x0000000026f04778                ktrans
                0x0000000026f0479c                chk1
                0x0000000026f047c8                s1_sendpacket
                0x0000000026f047f0                send_ack
                0x0000000026f0484c                send_nack
                0x0000000026f048a8                k_data_init
                0x0000000026f048c8                k_data_save
                0x0000000026f048ec                k_data_restore
                0x0000000026f04910                k_data_char
                0x0000000026f04960                handle_send_packet
                0x0000000026f04b40                do_load_serial_bin
                0x0000000026f04fac                do_mem_crc
                0x0000000026f05058                do_mem_base
                0x0000000026f05098                do_mem_mtest
                0x0000000026f0523c                do_mem_loop
                0x0000000026f05330                do_mem_cp
                0x0000000026f05404                do_mem_cmp
                0x0000000026f05558                do_mem_mw
                0x0000000026f05614                do_mem_md
                0x0000000026f0584c                do_mem_nm
                0x0000000026f05854                do_mem_mm
                0x0000000026f0585c                do_sleep
                0x0000000026f05ba4                do_nand
                0x0000000026f06758                do_nandboot
                0x0000000026f06a94                do_ping
                0x0000000026f06db0                do_nfs
                0x0000000026f06dbc                do_dhcp
                0x0000000026f06dc8                do_tftpb
                0x0000000026f06dd4                do_bootp
                0x0000000026f07170                do_env_save
                0x0000000026f0723c                do_env_print
                0x0000000026f072c0                get_env_id
                0x0000000026f072d0                env_check_apply
                0x0000000026f0750c                _do_env_set
                0x0000000026f076c4                do_env_set
                0x0000000026f076e4                setenv
                0x0000000026f07990                setenv_ulong
                0x0000000026f079b0                setenv_addr
                0x0000000026f079e4                envmatch
                0x0000000026f07a4c                getenv_f
                0x0000000026f07b1c                getenv
                0x0000000026f07b88                getenv_ulong
                0x0000000026f07bb8                do_env_edit
                0x0000000026f081b4                source
                0x0000000026f0836c                do_source
                0x0000000026f083dc                do_false
                0x0000000026f083e4                do_true
                0x0000000026f083ec                do_test
                0x0000000026f08864                do_usbboot
                0x0000000026f08870                usb_get_class_desc
                0x0000000026f08934                usb_display_class_sub
                0x0000000026f08abc                usb_display_string
                0x0000000026f08b00                usb_display_desc
                0x0000000026f08c2c                usb_display_conf_desc
                0x0000000026f08cd8                usb_display_if_desc
                0x0000000026f08d60                usb_display_ep_desc
                0x0000000026f08e24                usb_display_config
                0x0000000026f08ea8                usb_show_tree_graph
                0x0000000026f090d4                usb_show_tree
                0x0000000026f09104                do_usb
                0x0000000026f0963c                do_version
                0x0000000026f09674                do_imgextract
                0x0000000026f09a30                find_cmd_tbl
                0x0000000026f09ad4                find_cmd
                0x0000000026f09afc                cmd_usage
                0x0000000026f09b58                _do_help
                0x0000000026f09cdc                var_complete
                0x0000000026f09d64                cmd_auto_complete
                0x0000000026f0a22c                cmd_get_data_size
                0x0000000026f0a27c                cmd_process
                0x0000000026f0a3d0                serial_printf
                0x0000000026f0a410                fgetc
                0x0000000026f0a43c                ftstc
                0x0000000026f0a468                fputc
                0x0000000026f0a490                fputs
                0x0000000026f0a4b8                fprintf
                0x0000000026f0a500                getc
                0x0000000026f0a53c                tstc
                0x0000000026f0a578                putc
                0x0000000026f0a5b4                puts
                0x0000000026f0a5f0                printf
                0x0000000026f0a63c                vprintf
                0x0000000026f0a67c                ctrlc
                0x0000000026f0a6cc                disable_ctrlc
                0x0000000026f0a6e4                had_ctrlc
                0x0000000026f0a6f4                clear_ctrlc
                0x0000000026f0a708                dbg
                0x0000000026f0a714                search_device
                0x0000000026f0a744                console_assign
                0x0000000026f0a78c                console_init_f
                0x0000000026f0a79c                stdio_print_current_devices
                0x0000000026f0a854                console_init_r
                0x0000000026f0a9a8                sbrk
                0x0000000026f0aa0c                mem_malloc_init
                0x0000000026f0aa30                malloc_trim
                0x0000000026f0aaf4                free
                0x0000000026f0ad24                cfree
                0x0000000026f0ad28                malloc
                0x0000000026f0b300                calloc
                0x0000000026f0b3d8                memalign
                0x0000000026f0b4e4                pvalloc
                0x0000000026f0b4fc                valloc
                0x0000000026f0b508                realloc
                0x0000000026f0b9c4                malloc_usable_size
                0x0000000026f0ba00                mallopt
                0x0000000026f0ba6c                env_get_char_spec
                0x0000000026f0ba78                env_get_addr
                0x0000000026f0ba98                env_get_char_memory
                0x0000000026f0baa8                env_get_char
                0x0000000026f0bad8                set_default_env
                0x0000000026f0bb94                set_default_vars
                0x0000000026f0bbc8                env_import
                0x0000000026f0bca8                env_relocate
                0x0000000026f0bcd8                env_complete
                0x0000000026f0bdac                env_init
                0x0000000026f0bdc8                writeenv
                0x0000000026f0be80                saveenv
                0x0000000026f0c054                readenv
                0x0000000026f0c110                env_relocate_spec
                0x0000000026f0c2ac                get_version
                0x0000000026f0c2b4                jumptable_init
                0x0000000026f0c678                fdt_getprop_u32_default
                0x0000000026f0c6c0                fdt_find_and_setprop
                0x0000000026f0c730                fdt_initrd
                0x0000000026f0c8f4                fdt_chosen
                0x0000000026f0c9fc                do_fixup_by_path
                0x0000000026f0ca50                do_fixup_by_path_u32
                0x0000000026f0ca94                do_fixup_by_prop
                0x0000000026f0cb28                do_fixup_by_prop_u32
                0x0000000026f0cb84                do_fixup_by_compat
                0x0000000026f0cc08                do_fixup_by_compat_u32
                0x0000000026f0cc4c                fdt_fixup_memory_banks
                0x0000000026f0cea4                fdt_fixup_memory
                0x0000000026f0cec4                fdt_fixup_ethernet
                0x0000000026f0d004                fdt_resize
                0x0000000026f0d0dc                fdt_increase_size
                0x0000000026f0d104                fdt_del_node_and_alias
                0x0000000026f0d148                __of_translate_address
                0x0000000026f0d38c                fdt_translate_address
                0x0000000026f0d398                fdt_node_offset_by_compat_reg
                0x0000000026f0d41c                fdt_alloc_phandle
                0x0000000026f0d474                fdt_set_phandle
                0x0000000026f0d4b8                fdt_create_phandle
                0x0000000026f0d51c                fdt_set_node_status
                0x0000000026f0d628                fdt_set_status_by_alias
                0x0000000026f0d654                fdt_verify_alias_address
                0x0000000026f0d720                fdt_get_base_address
                0x0000000026f0d7f4                do_showvar
                0x0000000026f0dd8c                get_local_var
                0x0000000026f0de14                set_local_var
                0x0000000026f0e284                unset_local_var
                0x0000000026f0e328                new_pipe
                0x0000000026f0e398                reserved_word
                0x0000000026f0e66c                mapset
                0x0000000026f0e694                update_ifs_map
                0x0000000026f0e720                parse_string_outer
                0x0000000026f0f608                parse_file_outer
                0x0000000026f0f64c                u_boot_hush_start
                0x0000000026f0f6ec                image_check_hcrc
                0x0000000026f0f73c                image_check_dcrc
                0x0000000026f0f778                image_multi_count
                0x0000000026f0f798                image_multi_getimg
                0x0000000026f0f820                getenv_yesno
                0x0000000026f0f848                getenv_bootm_low
                0x0000000026f0f878                getenv_bootm_size
                0x0000000026f0f8d8                getenv_bootm_mapsize
                0x0000000026f0f908                memmove_wd
                0x0000000026f0f914                genimg_print_size
                0x0000000026f0f944                get_table_entry_name
                0x0000000026f0f970                genimg_get_os_name
                0x0000000026f0f988                genimg_get_arch_name
                0x0000000026f0f9a0                genimg_get_type_name
                0x0000000026f0f9b8                genimg_get_comp_name
                0x0000000026f0f9d0                image_print_contents
                0x0000000026f0fb48                get_table_entry_id
                0x0000000026f0fb98                genimg_get_os_id
                0x0000000026f0fbb0                genimg_get_arch_id
                0x0000000026f0fbc8                genimg_get_type_id
                0x0000000026f0fbe0                genimg_get_comp_id
                0x0000000026f0fbf8                genimg_get_format
                0x0000000026f0fc34                genimg_get_image
                0x0000000026f0fc38                genimg_has_config
                0x0000000026f0fc48                boot_ramdisk_high
                0x0000000026f0fd88                boot_fdt_add_mem_rsv_regions
                0x0000000026f0fe10                boot_relocate_fdt
                0x0000000026f0ffa8                fit_parse_conf
                0x0000000026f1000c                fit_parse_subimage
                0x0000000026f10070                fit_get_desc
                0x0000000026f1009c                fit_get_timestamp
                0x0000000026f100ec                fit_image_get_node
                0x0000000026f10144                fit_image_get_os
                0x0000000026f1017c                fit_image_get_arch
                0x0000000026f101b4                fit_image_get_type
                0x0000000026f101ec                fit_image_get_comp
                0x0000000026f10224                fit_image_get_load
                0x0000000026f10260                fit_image_get_entry
                0x0000000026f1029c                fit_image_get_data
                0x0000000026f102d8                fit_image_hash_get_algo
                0x0000000026f10304                fit_image_hash_get_value
                0x0000000026f10340                fit_image_print_hash
                0x0000000026f10438                fit_image_print
                0x0000000026f106ec                fit_set_timestamp
                0x0000000026f10774                fit_image_check_hashes
                0x0000000026f109d4                fit_all_image_check_hashes
                0x0000000026f10ab4                fit_image_check_os
                0x0000000026f10ae8                fit_image_check_arch
                0x0000000026f10b1c                fit_image_check_type
                0x0000000026f10b50                fit_image_check_comp
                0x0000000026f10b84                fit_check_format
                0x0000000026f10bc4                fit_conf_get_node
                0x0000000026f10c2c                fit_conf_get_kernel_node
                0x0000000026f10c38                fit_conf_get_ramdisk_node
                0x0000000026f10c44                boot_get_ramdisk
                0x0000000026f111a4                fit_conf_get_fdt_node
                0x0000000026f111b0                boot_get_fdt
                0x0000000026f11704                fit_conf_print
                0x0000000026f11808                fit_print_contents
                0x0000000026f11b40                lcd_putc
                0x0000000026f11ca4                lcd_puts
                0x0000000026f11ce0                lcd_printf
                0x0000000026f11d18                lcd_setmem
                0x0000000026f11d5c                bitmap_plot
                0x0000000026f11e5c                lcd_clear
                0x0000000026f11f04                drv_lcd_init
                0x0000000026f121a4                __show_boot_progress
                0x0000000026f121a4                show_boot_progress
                0x0000000026f121a8                readline_into_buffer
                0x0000000026f12b44                readline
                0x0000000026f12b60                parse_line
                0x0000000026f12be8                run_command
                0x0000000026f12bf0                run_command_list
                0x0000000026f12c4c                main_loop
                0x0000000026f12d44                do_run
                0x0000000026f12db8                get_ram_size
                0x0000000026f12f34                srec_decode
                0x0000000026f13190                stdio_get_list
                0x0000000026f1319c                stdio_get_by_name
                0x0000000026f131ec                stdio_clone
                0x0000000026f13238                stdio_register
                0x0000000026f1327c                stdio_init
                0x0000000026f13374                usb_stop
                0x0000000026f133a8                usb_disable_asynch
                0x0000000026f133c8                usb_submit_int_msg
                0x0000000026f133cc                usb_control_msg
                0x0000000026f13668                usb_bulk_msg
                0x0000000026f136dc                usb_maxpacket
                0x0000000026f136f8                usb_clear_halt
                0x0000000026f137a0                usb_get_configuration_no
                0x0000000026f1383c                usb_set_interface
                0x0000000026f138fc                usb_set_protocol
                0x0000000026f13950                usb_set_idle
                0x0000000026f139ac                usb_get_report
                0x0000000026f13a10                usb_get_class_descriptor
                0x0000000026f13a74                usb_string
                0x0000000026f13b7c                usb_get_dev_index
                0x0000000026f13ba8                usb_alloc_new_device
                0x0000000026f13c2c                usb_new_device
                0x0000000026f140d4                usb_init
                0x0000000026f14360                usb_hub_reset
                0x0000000026f14374                hub_port_reset
                0x0000000026f14420                usb_hub_port_connect_change
                0x0000000026f147a4                usb_hub_probe
                0x0000000026f14a5c                usb_stor_read
                0x0000000026f14c08                usb_stor_write
                0x0000000026f14db4                usb_stor_get_dev
                0x0000000026f14dd8                usb_show_progress
                0x0000000026f14ddc                usb_stor_info
                0x0000000026f14e4c                usb_stor_BBB_comdat
                0x0000000026f14f30                usb_stor_CB_comdat
                0x0000000026f1514c                usb_stor_CBI_get_status
                0x0000000026f15214                usb_stor_CB_transport
                0x0000000026f15438                usb_stor_BBB_clear_endpt_stall
                0x0000000026f15484                usb_stor_BBB_transport
                0x0000000026f15660                usb_storage_probe
                0x0000000026f15870                usb_stor_get_info
                0x0000000026f15b0c                usb_stor_scan
                0x0000000026f15d0c                CYGACC_COMM_IF_GETC_TIMEOUT
                0x0000000026f15ff8                CYGACC_COMM_IF_PUTC
                0x0000000026f16000                parse_num
                0x0000000026f16120                xyzModem_stream_open
                0x0000000026f1626c                xyzModem_stream_read
                0x0000000026f164c0                xyzModem_stream_close
                0x0000000026f16510                xyzModem_stream_terminate
                0x0000000026f165a4                xyzModem_error
 .text          0x0000000026f165c4      0xcc4 disk/libdisk.o
                0x0000000026f165c4                get_dev
                0x0000000026f16628                dev_print
                0x0000000026f1683c                init_part
                0x0000000026f1685c                print_part
                0x0000000026f16944                get_partition_info
                0x0000000026f16970                get_device
                0x0000000026f169f0                get_device_and_partition
                0x0000000026f171dc                test_part_dos
                0x0000000026f17240                print_part_dos
                0x0000000026f1726c                get_partition_info_dos
 .text          0x0000000026f17288      0x3cc drivers/gpio/libgpio.o
                0x0000000026f17288                at91_set_pio_pullup
                0x0000000026f172bc                at91_set_pio_periph
                0x0000000026f172f0                at91_set_a_periph
                0x0000000026f1734c                at91_set_b_periph
                0x0000000026f173a4                at91_set_c_periph
                0x0000000026f173fc                at91_set_d_periph
                0x0000000026f17454                at91_set_pio_input
                0x0000000026f17494                at91_set_pio_output
                0x0000000026f174e4                at91_set_pio_deglitch
                0x0000000026f17520                at91_set_pio_debounce
                0x0000000026f17564                at91_set_pio_pulldown
                0x0000000026f17598                at91_set_pio_disable_schmitt_trig
                0x0000000026f175c4                at91_set_pio_multi_drive
                0x0000000026f175f0                at91_set_pio_value
                0x0000000026f1761c                at91_get_pio_value
 .text          0x0000000026f17654      0x4f8 drivers/input/libinput.o
                0x0000000026f17654                input_queue_ascii
                0x0000000026f1769c                input_tstc
                0x0000000026f176e4                input_getc
                0x0000000026f17740                input_send_keycodes
                0x0000000026f17a0c                input_add_table
                0x0000000026f17a4c                input_init
                0x0000000026f17af8                input_stdio_register
 .text          0x0000000026f17b4c     0x1b48 drivers/mmc/libmmc.o
                0x0000000026f17b54                __board_mmc_getcd
                0x0000000026f17b54                board_mmc_getcd
                0x0000000026f17b5c                mmc_send_cmd
                0x0000000026f17b98                mmc_send_status
                0x0000000026f17c64                mmc_set_blocklen
                0x0000000026f17c94                find_mmc_device
                0x0000000026f17fd4                mmc_read_blocks
                0x0000000026f18134                mmc_go_idle
                0x0000000026f18180                sd_send_op_cond
                0x0000000026f182c4                mmc_send_op_cond
                0x0000000026f18404                mmc_send_ext_csd
                0x0000000026f18450                mmc_switch
                0x0000000026f184a4                mmc_change_freq
                0x0000000026f18554                mmc_switch_part
                0x0000000026f18590                mmc_getcd
                0x0000000026f185bc                sd_switch
                0x0000000026f18620                sd_change_freq
                0x0000000026f18814                mmc_set_ios
                0x0000000026f18824                mmc_set_clock
                0x0000000026f18844                mmc_set_bus_width
                0x0000000026f1884c                mmc_startup
                0x0000000026f18ec4                mmc_send_if_cond
                0x0000000026f18f38                mmc_register
                0x0000000026f18fbc                mmc_init
                0x0000000026f19098                mmc_get_dev
                0x0000000026f190c4                cpu_mmc_init
                0x0000000026f190c4                board_mmc_init
                0x0000000026f190cc                print_mmc_devices
                0x0000000026f19130                get_mmc_num
                0x0000000026f19140                mmc_initialize
                0x0000000026f195dc                atmel_mci_init
 .text          0x0000000026f19694     0x7210 drivers/mtd/nand/libnand.o
                0x0000000026f19694                nand_register
                0x0000000026f19714                nand_init
                0x0000000026f1a988                nand_update_bbt
                0x0000000026f1ac5c                nand_scan_bbt
                0x0000000026f1b148                nand_default_bbt
                0x0000000026f1b244                nand_isbad_bbt
                0x0000000026f1b328                nand_erase_opts
                0x0000000026f1b634                nand_write_skip_bad
                0x0000000026f1b878                nand_read_skip_bad
                0x0000000026f1ba60                nand_calculate_ecc
                0x0000000026f1bb54                nand_correct_data
                0x0000000026f1bc90                nand_read_byte
                0x0000000026f1bcd0                nand_write_buf
                0x0000000026f1bcfc                nand_read_buf
                0x0000000026f1bd6c                nand_write_buf16
                0x0000000026f1bda0                nand_read_buf16
                0x0000000026f1dc58                nand_wait_ready
                0x0000000026f1e7a4                nand_erase_nand
                0x0000000026f1eb5c                nand_scan_ident
                0x0000000026f1f32c                nand_scan_tail
                0x0000000026f1f8cc                nand_scan
                0x0000000026f1f8f0                nand_release
                0x0000000026f2049c                atmel_nand_chip_init
                0x0000000026f20878                board_nand_init
 .text          0x0000000026f208a4     0x10a8 drivers/mtd/spi/libspi_flash.o
                0x0000000026f20918                spi_flash_cmd_read
                0x0000000026f20934                spi_flash_cmd
                0x0000000026f20960                spi_flash_cmd_write
                0x0000000026f2097c                spi_flash_read_common
                0x0000000026f209c8                spi_flash_cmd_read_fast
                0x0000000026f20a08                spi_flash_cmd_poll_bit
                0x0000000026f20ad0                spi_flash_cmd_wait_ready
                0x0000000026f20adc                spi_flash_cmd_write_multi
                0x0000000026f20be4                spi_flash_cmd_erase
                0x0000000026f20ce0                spi_flash_cmd_write_status
                0x0000000026f20d48                spi_flash_probe
                0x0000000026f20e30                spi_flash_free
                0x0000000026f2116c                dataflash_erase_at45
                0x0000000026f2127c                dataflash_erase_p2
                0x0000000026f21524                dataflash_erase_block_at25
                0x0000000026f2159c                dataflash_erase_at25
                0x0000000026f216c4                dataflash_write_at25
                0x0000000026f217b8                spi_flash_probe_atmel
 .text          0x0000000026f2194c     0x1030 drivers/net/libnet.o
                0x0000000026f2207c                gmacb_eth_initialize
                0x0000000026f22850                macb_eth_initialize
 .text          0x0000000026f2297c        0x0 drivers/pcmcia/libpcmcia.o
 .text          0x0000000026f2297c        0x0 drivers/rtc/librtc.o
 .text          0x0000000026f2297c       0xf4 drivers/serial/libserial.o
                0x0000000026f2297c                serial_setbrg
                0x0000000026f229a8                serial_init
                0x0000000026f229f0                serial_putc
                0x0000000026f22a24                serial_puts
                0x0000000026f22a44                serial_getc
                0x0000000026f22a60                serial_tstc
 .text          0x0000000026f22a70      0x1f4 drivers/spi/libspi.o
                0x0000000026f22a70                spi_init
                0x0000000026f22a74                spi_setup_slave
                0x0000000026f22b54                spi_free_slave
                0x0000000026f22b58                spi_claim_bus
                0x0000000026f22b78                spi_release_bus
                0x0000000026f22b88                spi_xfer
 .text          0x0000000026f22c64     0x17b8 drivers/usb/host/libusb_host.o
                0x0000000026f23078                sohci_submit_job
                0x0000000026f2359c                rh_check_port_status
                0x0000000026f235ec                submit_common_msg
                0x0000000026f23c64                submit_bulk_msg
                0x0000000026f23c7c                submit_control_msg
                0x0000000026f241f0                submit_int_msg
                0x0000000026f2420c                usb_lowlevel_init
                0x0000000026f24370                usb_lowlevel_stop
                0x0000000026f243a0                usb_cpu_init
                0x0000000026f243e8                usb_cpu_stop
                0x0000000026f24418                usb_cpu_init_fail
 .text          0x0000000026f2441c      0x2d0 drivers/video/libvideo.o
                0x0000000026f2441c                lcd_ctrl_init
 .text          0x0000000026f246ec     0x19bc fs/fat/libfat.o
                0x0000000026f24ec0                fat_register_device
                0x0000000026f2502c                do_fat_read_at
                0x0000000026f25b6c                do_fat_read
                0x0000000026f25b90                file_fat_detectfs
                0x0000000026f25ce8                file_fat_ls
                0x0000000026f25cf8                file_fat_read_at
                0x0000000026f25d3c                file_fat_read
                0x0000000026f25d50                file_getfsname
                0x0000000026f25d68                file_cd
                0x0000000026f25f54                file_detectfs
                0x0000000026f25f90                file_ls
                0x0000000026f26014                file_read
 .text          0x0000000026f260a8     0x206c lib/libfdt/libfdt.o
                0x0000000026f260b0                fdt_check_header
                0x0000000026f26130                fdt_offset_ptr
                0x0000000026f2618c                fdt_next_tag
                0x0000000026f26288                _fdt_check_node_offset
                0x0000000026f262c0                _fdt_check_prop_offset
                0x0000000026f262f8                fdt_next_node
                0x0000000026f263b8                _fdt_find_string
                0x0000000026f26410                fdt_move
                0x0000000026f26528                fdt_string
                0x0000000026f26548                fdt_get_mem_rsv
                0x0000000026f265a0                fdt_num_mem_rsv
                0x0000000026f265d8                fdt_subnode_offset_namelen
                0x0000000026f266a4                fdt_subnode_offset
                0x0000000026f266d4                fdt_get_name
                0x0000000026f2673c                fdt_first_property_offset
                0x0000000026f2675c                fdt_next_property_offset
                0x0000000026f2677c                fdt_get_property_by_offset
                0x0000000026f267dc                fdt_get_property_namelen
                0x0000000026f2688c                fdt_get_property
                0x0000000026f268c4                fdt_getprop_namelen
                0x0000000026f268e0                fdt_getprop_by_offset
                0x0000000026f2692c                fdt_getprop
                0x0000000026f26964                fdt_get_phandle
                0x0000000026f269dc                fdt_get_alias_namelen
                0x0000000026f26a24                fdt_path_offset
                0x0000000026f26b08                fdt_get_alias
                0x0000000026f26b30                fdt_get_path
                0x0000000026f26c68                fdt_supernode_atdepth_offset
                0x0000000026f26d20                fdt_node_depth
                0x0000000026f26d44                fdt_parent_offset
                0x0000000026f26d74                fdt_node_offset_by_prop_value
                0x0000000026f26e10                fdt_node_offset_by_phandle
                0x0000000026f26e84                fdt_node_check_compatible
                0x0000000026f26f10                fdt_node_offset_by_compatible
                0x0000000026f27370                fdt_add_mem_rsv
                0x0000000026f273e4                fdt_del_mem_rsv
                0x0000000026f2743c                fdt_set_name
                0x0000000026f274c0                fdt_setprop
                0x0000000026f2767c                fdt_delprop
                0x0000000026f276e0                fdt_add_subnode_namelen
                0x0000000026f277d4                fdt_add_subnode
                0x0000000026f27804                fdt_del_node
                0x0000000026f2785c                fdt_open_into
                0x0000000026f27a08                fdt_pack
                0x0000000026f27a64                fdt_strerror
                0x0000000026f27bf0                fdt_create
                0x0000000026f27c68                fdt_add_reservemap_entry
                0x0000000026f27cf8                fdt_finish_reservemap
                0x0000000026f27d10                fdt_begin_node
                0x0000000026f27d78                fdt_end_node
                0x0000000026f27db0                fdt_property
                0x0000000026f27ee4                fdt_finish
                0x0000000026f28004                fdt_setprop_inplace
                0x0000000026f28048                fdt_nop_property
                0x0000000026f28084                _fdt_node_end_offset
                0x0000000026f280c4                fdt_nop_node
 .text          0x0000000026f28114     0x5670 lib/libgeneric.o
                0x0000000026f28114                cyg_crc16
                0x0000000026f28158                crc32_no_comp
                0x0000000026f28238                crc32
                0x0000000026f2824c                crc32_wd
                0x0000000026f28250                crc7
                0x0000000026f28278                display_options
                0x0000000026f28298                print_size
                0x0000000026f283d0                print_buffer
                0x0000000026f28550                __div64_32
                0x0000000026f2862c                gzfree
                0x0000000026f28634                gzalloc
                0x0000000026f28644                zunzip
                0x0000000026f28750                gunzip
                0x0000000026f28860                hcreate_r
                0x0000000026f28914                hdestroy_r
                0x0000000026f289b4                hstrstr_r
                0x0000000026f28a60                hmatch_r
                0x0000000026f28b00                hsearch_r
                0x0000000026f28df0                hdelete_r
                0x0000000026f28ea4                hexport_r
                0x0000000026f2913c                himport_r
                0x0000000026f294d8                ldiv
                0x0000000026f296f8                lmb_dump_all
                0x0000000026f296fc                lmb_init
                0x0000000026f29724                lmb_add
                0x0000000026f29728                lmb_free
                0x0000000026f29834                lmb_reserve
                0x0000000026f2983c                lmb_overlaps_region
                0x0000000026f2989c                __lmb_alloc_base
                0x0000000026f299ac                lmb_alloc_base
                0x0000000026f299e0                lmb_alloc
                0x0000000026f299e8                lmb_is_reserved
                0x0000000026f29a38                board_lmb_reserve
                0x0000000026f29a38                __board_lmb_reserve
                0x0000000026f29a3c                __arch_lmb_reserve
                0x0000000026f2a61c                md5
                0x0000000026f2a684                md5_wd
                0x0000000026f2a6ec                string_to_ip
                0x0000000026f2a74c                qsort
                0x0000000026f2a82c                strcmp_compar
                0x0000000026f2bd68                sha1_starts
                0x0000000026f2bdb4                sha1_update
                0x0000000026f2be6c                sha1_finish
                0x0000000026f2bfac                sha1_csum
                0x0000000026f2bfec                sha1_csum_wd
                0x0000000026f2c02c                sha1_hmac
                0x0000000026f2c154                sha1_self_test
                0x0000000026f2c15c                strcpy
                0x0000000026f2c178                strncpy
                0x0000000026f2c19c                strcat
                0x0000000026f2c1cc                strncat
                0x0000000026f2c220                strcmp
                0x0000000026f2c24c                strncmp
                0x0000000026f2c28c                strchr
                0x0000000026f2c2c0                skip_spaces
                0x0000000026f2c2e8                strlen
                0x0000000026f2c308                strim
                0x0000000026f2c368                strrchr
                0x0000000026f2c3a4                strnlen
                0x0000000026f2c3d4                strdup
                0x0000000026f2c40c                strspn
                0x0000000026f2c454                strpbrk
                0x0000000026f2c490                strtok
                0x0000000026f2c514                strsep
                0x0000000026f2c548                strswab
                0x0000000026f2c594                memset
                0x0000000026f2c600                bcopy
                0x0000000026f2c624                memcpy
                0x0000000026f2c68c                memmove
                0x0000000026f2c6ec                memcmp
                0x0000000026f2c720                memscan
                0x0000000026f2c744                strstr
                0x0000000026f2c7a8                memchr
                0x0000000026f2c7d8                strmhz
                0x0000000026f2c844                udelay
                0x0000000026f2c874                mdelay
                0x0000000026f2d3f0                simple_strtoul
                0x0000000026f2d4b0                strict_strtoul
                0x0000000026f2d528                simple_strtol
                0x0000000026f2d550                ustrtoul
                0x0000000026f2d5c0                simple_strtoull
                0x0000000026f2d6ac                vsprintf
                0x0000000026f2d6b0                sprintf
                0x0000000026f2d6d4                panic
                0x0000000026f2d718                __assert_fail
                0x0000000026f2d72c                simple_itoa
 .text          0x0000000026f2d784     0x26c8 lib/zlib/libz.o
                0x0000000026f2d784                zcfree
                0x0000000026f2d78c                zcalloc
                0x0000000026f2d794                inflate_fast
                0x0000000026f2dd3c                inflate_table
                0x0000000026f2e2f0                inflateReset
                0x0000000026f2e36c                inflateInit2_
                0x0000000026f2e470                inflateInit_
                0x0000000026f2e484                inflateEnd
                0x0000000026f2e4e8                adler32
                0x0000000026f2e824                inflate
 .text          0x0000000026f2fe4c     0x3cb8 net/libnet.o
                0x0000000026f2fe4c                ArpInit
                0x0000000026f2fe78                arp_raw_request
                0x0000000026f2ff38                ArpRequest
                0x0000000026f2ffb0                ArpTimeoutCheck
                0x0000000026f30020                ArpReceive
                0x0000000026f308ac                BootpRequest
                0x0000000026f30b54                DhcpRequest
                0x0000000026f30ba0                cpu_eth_init
                0x0000000026f30c08                eth_parse_enetaddr
                0x0000000026f30c5c                eth_getenv_enetaddr
                0x0000000026f30c7c                eth_setenv_enetaddr
                0x0000000026f30cb0                eth_getenv_enetaddr_by_index
                0x0000000026f30d00                eth_get_dev_by_name
                0x0000000026f30d88                eth_get_dev_by_index
                0x0000000026f30dc0                eth_get_dev_index
                0x0000000026f30ddc                eth_write_hwaddr
                0x0000000026f30f58                eth_register
                0x0000000026f30fc4                eth_unregister
                0x0000000026f31060                eth_initialize
                0x0000000026f31220                eth_halt
                0x0000000026f31250                eth_send
                0x0000000026f31288                eth_rx
                0x0000000026f312b4                eth_try_another
                0x0000000026f31334                eth_init
                0x0000000026f313fc                eth_set_current
                0x0000000026f31490                eth_get_name
                0x0000000026f314fc                net_auto_load
                0x0000000026f3155c                NetStartAgain
                0x0000000026f3167c                net_get_udp_handler
                0x0000000026f3168c                net_set_udp_handler
                0x0000000026f316ac                net_get_arp_handler
                0x0000000026f316bc                net_set_arp_handler
                0x0000000026f316dc                NetSetTimeout
                0x0000000026f31718                NetCksum
                0x0000000026f31750                NetCksumOk
                0x0000000026f31770                NetReceive
                0x0000000026f319d8                NetEthHdrSize
                0x0000000026f31a10                NetSetEther
                0x0000000026f31aac                net_update_ether
                0x0000000026f31b24                net_set_ip_header
                0x0000000026f31bac                net_set_udp_header
                0x0000000026f31c34                NetSendUDPPacket
                0x0000000026f31d40                copy_filename
                0x0000000026f31d8c                random_port
                0x0000000026f31da4                ip_to_string
                0x0000000026f31dd8                VLAN_to_string
                0x0000000026f31e1c                string_to_VLAN
                0x0000000026f31e64                getenv_VLAN
                0x0000000026f31f24                net_init
                0x0000000026f31f90                NetLoop
                0x0000000026f32ee4                NfsStart
                0x0000000026f33134                ping_start
                0x0000000026f33250                ping_receive
                0x0000000026f3381c                TftpStart
 .text          0x0000000026f33b04      0x260 board/sdsIndustries/controller/libcontroller.o
                0x0000000026f33b04                sama5d3xek_nand_hw_init
                0x0000000026f33b54                lcd_enable
                0x0000000026f33b64                lcd_disable
                0x0000000026f33b74                lcd_show_board_info
                0x0000000026f33c10                board_early_init_f
                0x0000000026f33c20                board_init
                0x0000000026f33cb8                dram_init
                0x0000000026f33cd8                reset_phy
                0x0000000026f33cdc                board_eth_init
                0x0000000026f33d30                spi_cs_is_valid
                0x0000000026f33d44                spi_cs_activate
                0x0000000026f33d54                spi_cs_deactivate
 .text          0x0000000026f33d64       0x24 /home/scott/controller/tap-uboot/arch/arm/lib/eabi_compat.o
                0x0000000026f33d64                raise
                0x0000000026f33d80                __aeabi_unwind_cpp_pr0
                0x0000000026f33d84                __aeabi_unwind_cpp_pr1
 .text          0x0000000026f33d88      0x20c /usr/lib/gcc-cross/arm-linux-gnueabi/4.7/libgcc.a(_udivsi3.o)
                0x0000000026f33d88                __udivsi3
                0x0000000026f33d88                __aeabi_uidiv
                0x0000000026f33f74                __aeabi_uidivmod
 .text          0x0000000026f33f94      0x240 /usr/lib/gcc-cross/arm-linux-gnueabi/4.7/libgcc.a(_divsi3.o)
                0x0000000026f33f94                __aeabi_idiv
                0x0000000026f33f94                __divsi3
                0x0000000026f341b4                __aeabi_idivmod
 .text          0x0000000026f341d4       0x1c /usr/lib/gcc-cross/arm-linux-gnueabi/4.7/libgcc.a(_lshrdi3.o)
                0x0000000026f341d4                __aeabi_llsr
                0x0000000026f341d4                __lshrdi3
 .text          0x0000000026f341f0       0x1c /usr/lib/gcc-cross/arm-linux-gnueabi/4.7/libgcc.a(_ashrdi3.o)
                0x0000000026f341f0                __ashrdi3
                0x0000000026f341f0                __aeabi_lasr
 .text          0x0000000026f3420c       0x1c /usr/lib/gcc-cross/arm-linux-gnueabi/4.7/libgcc.a(_ashldi3.o)
                0x0000000026f3420c                __ashldi3
                0x0000000026f3420c                __aeabi_llsl
 .text          0x0000000026f34228       0x10 /usr/lib/gcc-cross/arm-linux-gnueabi/4.7/libgcc.a(_dvmd_lnx.o)
                0x0000000026f34228                __aeabi_ldiv0
                0x0000000026f34228                __aeabi_idiv0

.glue_7         0x0000000026f34238        0x0
 .glue_7        0x0000000000000000        0x0 linker stubs

.glue_7t        0x0000000026f34238        0x0
 .glue_7t       0x0000000000000000        0x0 linker stubs

.vfp11_veneer   0x0000000026f34238        0x0
 .vfp11_veneer  0x0000000000000000        0x0 linker stubs

.v4_bx          0x0000000026f34238        0x0
 .v4_bx         0x0000000000000000        0x0 linker stubs

.iplt           0x0000000026f34238        0x0
 .iplt          0x0000000000000000        0x0 arch/arm/cpu/armv7/start.o
                0x0000000026f34238                . = ALIGN (0x4)

.rodata         0x0000000026f34238     0xcecf
 *(SORT(.rodata*))
 .rodata        0x0000000026f34238       0x80 arch/arm/lib/libarm.o
 .rodata        0x0000000026f342b8     0x15bc common/libcommon.o
                0x0000000026f343ac                version_string
                0x0000000026f343f9                default_environment
 .rodata        0x0000000026f35874       0x10 disk/libdisk.o
 .rodata        0x0000000026f35884       0x55 drivers/mmc/libmmc.o
 *fill*         0x0000000026f358d9        0x3 
 .rodata        0x0000000026f358dc      0x8d0 drivers/mtd/nand/libnand.o
                0x0000000026f358f8                nand_manuf_ids
                0x0000000026f35948                nand_flash_ids
 .rodata        0x0000000026f361ac       0x60 drivers/mtd/spi/libspi_flash.o
 .rodata        0x0000000026f3620c       0x80 drivers/usb/host/libusb_host.o
 .rodata        0x0000000026f3628c       0x18 fs/fat/libfat.o
 .rodata        0x0000000026f362a4       0x34 lib/libfdt/libfdt.o
 .rodata        0x0000000026f362d8      0x867 lib/libgeneric.o
                0x0000000026f368d8                crc7_syndrome_table
                0x0000000026f369d8                _ctype
                0x0000000026f36b2e                hex_asc
 *fill*         0x0000000026f36b3f        0x1 
 .rodata        0x0000000026f36b40      0x9cc lib/zlib/libz.o
                0x0000000026f374e4                z_errmsg
 .rodata        0x0000000026f3750c       0x16 arch/arm/cpu/armv7/libarmv7.o
 .rodata        0x0000000026f37522       0x70 drivers/input/libinput.o
 .rodata        0x0000000026f37592        0xe drivers/video/libvideo.o
 .rodata        0x0000000026f375a0       0x22 net/libnet.o
 .rodata.str1.1
                0x0000000026f375c2       0x92 arch/arm/cpu/armv7/at91/libat91.o
 .rodata.str1.1
                0x0000000026f37654       0x65 arch/arm/cpu/armv7/libarmv7.o
 .rodata.str1.1
                0x0000000026f376b9      0x3ab arch/arm/lib/libarm.o
                                        0x3c4 (size before relaxing)
 .rodata.str1.1
                0x0000000026f37a64     0x68c3 common/libcommon.o
                                       0x6eb3 (size before relaxing)
 .rodata.str1.1
                0x0000000026f3e327      0x3de disk/libdisk.o
                                        0x414 (size before relaxing)
 .rodata.str1.1
                0x0000000000000000        0x6 drivers/input/libinput.o
 .rodata.str1.1
                0x0000000026f3e705      0x257 drivers/mmc/libmmc.o
                                        0x263 (size before relaxing)
 .rodata.str1.1
                0x0000000026f3e95c      0xe85 drivers/mtd/nand/libnand.o
                                        0xee1 (size before relaxing)
 .rodata.str1.1
                0x0000000026f3f7e1       0xbf drivers/mtd/spi/libspi_flash.o
                                         0xc1 (size before relaxing)
 .rodata.str1.1
                0x0000000026f3f8a0      0x1c6 drivers/net/libnet.o
                                        0x312 (size before relaxing)
 .rodata.str1.1
                0x0000000026f3fa66      0x7dd drivers/usb/host/libusb_host.o
 .rodata.str1.1
                0x0000000026f40243        0xf drivers/video/libvideo.o
                                         0x31 (size before relaxing)
 .rodata.str1.1
                0x0000000026f40252      0x1cf fs/fat/libfat.o
                                        0x204 (size before relaxing)
 .rodata.str1.1
                0x0000000026f40421       0xfc lib/libfdt/libfdt.o
                                        0x11b (size before relaxing)
 .rodata.str1.1
                0x0000000026f4051d      0x1dd lib/libgeneric.o
                                        0x1f7 (size before relaxing)
 .rodata.str1.1
                0x0000000026f406fa      0x21c lib/zlib/libz.o
                                        0x21d (size before relaxing)
 .rodata.str1.1
                0x0000000026f40916      0x754 net/libnet.o
                                        0x8ec (size before relaxing)
 .rodata.str1.1
                0x0000000026f4106a       0x82 board/sdsIndustries/controller/libcontroller.o
                                         0x86 (size before relaxing)
 .rodata.str1.1
                0x0000000026f410ec       0x1b /home/scott/controller/tap-uboot/arch/arm/lib/eabi_compat.o

.hash           0x0000000026f41108       0x48
 .hash          0x0000000026f41108       0x48 arch/arm/cpu/armv7/start.o
                0x0000000026f41150                . = ALIGN (0x4)

.data           0x0000000026f41150     0x50b0
 *(.data)
 .data          0x0000000026f41150        0x0 arch/arm/cpu/armv7/start.o
 .data          0x0000000026f41150        0x0 arch/arm/cpu/armv7/at91/libat91.o
 .data          0x0000000026f41150        0x0 arch/arm/cpu/armv7/libarmv7.o
 .data          0x0000000026f41150       0x2c arch/arm/lib/libarm.o
                0x0000000026f41150                init_sequence
 .data          0x0000000026f4117c     0x4320 common/libcommon.o
                0x0000000026f41384                load_addr
                0x0000000026f417a0                env_htab
                0x0000000026f417b0                env_name_spec
                0x0000000026f4184c                bmp_logo_palette
                0x0000000026f4188a                bmp_logo_bitmap
                0x0000000026f45490                stdio_names
 .data          0x0000000026f4549c        0x0 disk/libdisk.o
 .data          0x0000000026f4549c        0x0 drivers/gpio/libgpio.o
 .data          0x0000000026f4549c       0xc6 drivers/input/libinput.o
 *fill*         0x0000000026f45562        0x2 
 .data          0x0000000026f45564        0x4 drivers/mmc/libmmc.o
 .data          0x0000000026f45568      0x9e8 drivers/mtd/nand/libnand.o
                0x0000000026f45568                nand_curr_device
 .data          0x0000000026f45f50        0x0 drivers/mtd/spi/libspi_flash.o
 .data          0x0000000026f45f50        0x0 drivers/net/libnet.o
 .data          0x0000000026f45f50        0x0 drivers/pcmcia/libpcmcia.o
 .data          0x0000000026f45f50        0x0 drivers/rtc/librtc.o
 .data          0x0000000026f45f50        0x0 drivers/serial/libserial.o
 .data          0x0000000026f45f50        0x0 drivers/spi/libspi.o
 .data          0x0000000026f45f50       0x4b drivers/usb/host/libusb_host.o
 .data          0x0000000026f45f9b        0x0 drivers/video/libvideo.o
 *fill*         0x0000000026f45f9b        0x1 
 .data          0x0000000026f45f9c      0x204 fs/fat/libfat.o
                0x0000000026f45f9c                file_cwd
 .data          0x0000000026f461a0        0x0 lib/libfdt/libfdt.o
 .data          0x0000000026f461a0        0x0 lib/libgeneric.o
 .data          0x0000000026f461a0        0x0 lib/zlib/libz.o
 .data          0x0000000026f461a0       0x28 net/libnet.o
                0x0000000026f461a0                NetOurVLAN
                0x0000000026f461a2                NetOurNativeVLAN
                0x0000000026f461a4                NetBcastAddr
                0x0000000026f461c0                TftpRRQTimeoutCountMax
                0x0000000026f461c4                TftpRRQTimeoutMSecs
 .data          0x0000000026f461c8       0x38 board/sdsIndustries/controller/libcontroller.o
                0x0000000026f461c8                panel_info
 .data          0x0000000026f46200        0x0 /home/scott/controller/tap-uboot/arch/arm/lib/eabi_compat.o
 .data          0x0000000026f46200        0x0 /usr/lib/gcc-cross/arm-linux-gnueabi/4.7/libgcc.a(_udivsi3.o)
 .data          0x0000000026f46200        0x0 /usr/lib/gcc-cross/arm-linux-gnueabi/4.7/libgcc.a(_divsi3.o)
 .data          0x0000000026f46200        0x0 /usr/lib/gcc-cross/arm-linux-gnueabi/4.7/libgcc.a(_lshrdi3.o)
 .data          0x0000000026f46200        0x0 /usr/lib/gcc-cross/arm-linux-gnueabi/4.7/libgcc.a(_ashrdi3.o)
 .data          0x0000000026f46200        0x0 /usr/lib/gcc-cross/arm-linux-gnueabi/4.7/libgcc.a(_ashldi3.o)
 .data          0x0000000026f46200        0x0 /usr/lib/gcc-cross/arm-linux-gnueabi/4.7/libgcc.a(_dvmd_lnx.o)

.got            0x0000000026f46200        0x0
 .got           0x0000000000000000        0x0 arch/arm/cpu/armv7/start.o

.got.plt        0x0000000026f46200        0xc
 .got.plt       0x0000000026f46200        0xc arch/arm/cpu/armv7/start.o
                0x0000000026f46200                _GLOBAL_OFFSET_TABLE_

.igot.plt       0x0000000026f4620c        0x0
 .igot.plt      0x0000000000000000        0x0 arch/arm/cpu/armv7/start.o
                0x0000000026f4620c                . = ALIGN (0x4)
                0x0000000026f4620c                . = .
                0x0000000026f4620c                __u_boot_cmd_start = .

.u_boot_cmd     0x0000000026f4620c      0x620
 *(.u_boot_cmd)
 .u_boot_cmd    0x0000000026f4620c      0x620 common/libcommon.o
                0x0000000026f4620c                __u_boot_cmd_reset
                0x0000000026f46228                __u_boot_cmd_go
                0x0000000026f46244                __u_boot_cmd_bootz
                0x0000000026f46260                __u_boot_cmd_bootd
                0x0000000026f4627c                __u_boot_cmd_boot
                0x0000000026f46298                __u_boot_cmd_bootm
                0x0000000026f462b4                __u_boot_cmd_coninfo
                0x0000000026f462d0                __u_boot_cmd_echo
                0x0000000026f462ec                __u_boot_cmd_exit
                0x0000000026f46308                __u_boot_cmd_fatinfo
                0x0000000026f46324                __u_boot_cmd_fatls
                0x0000000026f46340                __u_boot_cmd_fatload
                0x0000000026f4635c                __u_boot_cmd_fdt
                0x0000000026f46378                __u_boot_cmd_protect
                0x0000000026f46394                __u_boot_cmd_erase
                0x0000000026f463b0                __u_boot_cmd_flinfo
                0x0000000026f463cc                __u_boot_cmd_question_mark
                0x0000000026f463e8                __u_boot_cmd_help
                0x0000000026f46404                __u_boot_cmd_itest
                0x0000000026f46420                __u_boot_cmd_loady
                0x0000000026f4643c                __u_boot_cmd_loadb
                0x0000000026f46458                __u_boot_cmd_mtest
                0x0000000026f46474                __u_boot_cmd_loop
                0x0000000026f46490                __u_boot_cmd_base
                0x0000000026f464ac                __u_boot_cmd_crc32
                0x0000000026f464c8                __u_boot_cmd_cmp
                0x0000000026f464e4                __u_boot_cmd_cp
                0x0000000026f46500                __u_boot_cmd_mw
                0x0000000026f4651c                __u_boot_cmd_nm
                0x0000000026f46538                __u_boot_cmd_mm
                0x0000000026f46554                __u_boot_cmd_md
                0x0000000026f46570                __u_boot_cmd_sleep
                0x0000000026f4658c                __u_boot_cmd_nboot
                0x0000000026f465a8                __u_boot_cmd_nand
                0x0000000026f465c4                __u_boot_cmd_ping
                0x0000000026f465e0                __u_boot_cmd_nfs
                0x0000000026f465fc                __u_boot_cmd_dhcp
                0x0000000026f46618                __u_boot_cmd_tftpboot
                0x0000000026f46634                __u_boot_cmd_bootp
                0x0000000026f46650                __u_boot_cmd_run
                0x0000000026f4666c                __u_boot_cmd_setenv
                0x0000000026f46688                __u_boot_cmd_printenv
                0x0000000026f466a4                __u_boot_cmd_editenv
                0x0000000026f466c0                __u_boot_cmd_env
                0x0000000026f466dc                __u_boot_cmd_saveenv
                0x0000000026f466f8                __u_boot_cmd_sf
                0x0000000026f46714                __u_boot_cmd_source
                0x0000000026f46730                __u_boot_cmd_true
                0x0000000026f4674c                __u_boot_cmd_false
                0x0000000026f46768                __u_boot_cmd_test
                0x0000000026f46784                __u_boot_cmd_usbboot
                0x0000000026f467a0                __u_boot_cmd_usb
                0x0000000026f467bc                __u_boot_cmd_version
                0x0000000026f467d8                __u_boot_cmd_imxtract
                0x0000000026f467f4                __u_boot_cmd_showvar
                0x0000000026f46810                __u_boot_cmd_cls
                0x0000000026f4682c                __u_boot_cmd_end = .
                0x0000000026f4682c                . = ALIGN (0x4)
                0x0000000026f4682c                __image_copy_end = .

.rel.dyn        0x0000000026f4682c     0x61a0
                0x0000000026f4682c                __rel_dyn_start = .
 *(.rel*)
 .rel.got       0x0000000000000000        0x0 arch/arm/cpu/armv7/start.o
 .rel.plt       0x0000000000000000        0x0 arch/arm/cpu/armv7/start.o
 .rel.iplt      0x0000000000000000        0x0 arch/arm/cpu/armv7/start.o
 .rel.text      0x0000000026f4682c     0x4698 arch/arm/cpu/armv7/start.o
 .rel.rodata    0x0000000026f4aec4      0x8f8 arch/arm/cpu/armv7/start.o
 .rel.data      0x0000000026f4b7bc      0xb00 arch/arm/cpu/armv7/start.o
 .rel.u_boot_cmd
                0x0000000026f4c2bc      0x710 arch/arm/cpu/armv7/start.o
                0x0000000026f4c9cc                __rel_dyn_end = .

.dynsym         0x0000000026f4c9cc       0xd0
                0x0000000026f4c9cc                __dynsym_start = .
 *(.dynsym)
 .dynsym        0x0000000026f4c9cc       0xd0 arch/arm/cpu/armv7/start.o
                0x0000000026f4ca9c                _end = .
                0x0000000026f4d000                . = ALIGN (0x1000)

.mmutable
 *(.mmutable)

.bss            0x0000000026f4682c    0x425a4
                0x0000000026f4682c                __bss_start = .
 *(.bss)
 .bss           0x0000000026f4682c        0x0 arch/arm/cpu/armv7/start.o
 .bss           0x0000000026f4682c        0x0 arch/arm/cpu/armv7/at91/libat91.o
 .bss           0x0000000026f4682c        0x0 arch/arm/cpu/armv7/libarmv7.o
 .bss           0x0000000026f4682c        0x4 arch/arm/lib/libarm.o
                0x0000000026f4682c                monitor_flash_len
 *fill*         0x0000000026f46830       0x10 
 .bss           0x0000000026f46840     0xdb3c common/libcommon.o
                0x0000000026f46840                images
                0x0000000026f46998                working_fdt
                0x0000000026f46da8                his_pad_count
                0x0000000026f46dac                his_pad_char
                0x0000000026f46dc5                his_eol
                0x0000000026f46dcc                os_data_init
                0x0000000026f46ddc                os_data_char
                0x0000000026f46de0                his_quote
                0x0000000026f46de4                send_ptr
                0x0000000026f46de8                send_parms
                0x0000000026f46e18                save_size
                0x0000000026f46e1c                save_addr
                0x0000000026f4712c                mem_malloc_brk
                0x0000000026f47130                mem_malloc_start
                0x0000000026f47134                mem_malloc_end
                0x0000000026f47174                env_ptr
                0x0000000026f472ac                last_return_code
                0x0000000026f473b4                nesting_level
                0x0000000026f473b8                lcd_is_enabled
                0x0000000026f473c8                hist_num
                0x0000000026f473cc                hist_lines
                0x0000000026f487e0                hist_list
                0x0000000026f48830                console_buffer
                0x0000000026f48970                stdio_devices
                0x0000000026f48980                usb_started
 .bss           0x0000000026f5437c        0x0 disk/libdisk.o
 .bss           0x0000000026f5437c        0x0 drivers/gpio/libgpio.o
 .bss           0x0000000026f5437c        0x0 drivers/input/libinput.o
 .bss           0x0000000026f5437c        0xc drivers/mmc/libmmc.o
 .bss           0x0000000026f54388      0x470 drivers/mtd/nand/libnand.o
                0x0000000026f54388                nand_info
 .bss           0x0000000026f547f8        0x0 drivers/mtd/spi/libspi_flash.o
 .bss           0x0000000026f547f8        0x0 drivers/net/libnet.o
 .bss           0x0000000026f547f8        0x0 drivers/pcmcia/libpcmcia.o
 .bss           0x0000000026f547f8        0x0 drivers/rtc/librtc.o
 .bss           0x0000000026f547f8        0x0 drivers/serial/libserial.o
 .bss           0x0000000026f547f8        0x0 drivers/spi/libspi.o
 *fill*         0x0000000026f547f8        0x8 
 .bss           0x0000000026f54800     0x1500 drivers/usb/host/libusb_host.o
                0x0000000026f54800                ptd
                0x0000000026f54950                ohci_dev
                0x0000000026f54ae0                devgone
                0x0000000026f54ae4                phcca
                0x0000000026f54b00                ghcca
                0x0000000026f54c00                gtd
 .bss           0x0000000026f55d00       0x18 drivers/video/libvideo.o
                0x0000000026f55d00                console_row
                0x0000000026f55d02                console_col
                0x0000000026f55d04                lcd_console_address
                0x0000000026f55d08                lcd_base
                0x0000000026f55d0c                lcd_color_bg
                0x0000000026f55d10                lcd_color_fg
                0x0000000026f55d14                lcd_line_length
 *fill*         0x0000000026f55d18       0x28 
 .bss           0x0000000026f55d40    0x300c0 fs/fat/libfat.o
                0x0000000026f55dc0                get_contents_vfatname_block
                0x0000000026f65e00                do_fat_read_at_block
                0x0000000026f75e00                get_dentfromdir_block
 .bss           0x0000000026f85e00        0x0 lib/libfdt/libfdt.o
 .bss           0x0000000026f85e00       0x1e lib/libgeneric.o
                0x0000000026f85e00                errno
                0x0000000026f85e04                ___strtok
 .bss           0x0000000026f85e1e        0x0 lib/zlib/libz.o
 *fill*         0x0000000026f85e1e        0x2 
 .bss           0x0000000026f85e20     0x2fb0 net/libnet.o
                0x0000000026f85e20                NetArpWaitPacketMAC
                0x0000000026f85e24                NetArpWaitPacketIP
                0x0000000026f85e28                NetArpWaitReplyIP
                0x0000000026f85e2c                NetArpWaitTxPacketSize
                0x0000000026f85e30                NetArpTxPacket
                0x0000000026f85e34                NetArpPacketBuf
                0x0000000026f86474                NetArpWaitTimerStart
                0x0000000026f86478                NetArpWaitTry
                0x0000000026f8647c                dhcp_leasetime
                0x0000000026f86480                NetDHCPServerIP
                0x0000000026f86484                BootpID
                0x0000000026f86488                dhcp_state
                0x0000000026f8648c                BootpTry
                0x0000000026f86490                eth_current
                0x0000000026f864a8                net_state
                0x0000000026f864c0                NetRestartWrap
                0x0000000026f864d0                NetRxPacket
                0x0000000026f864d4                NetRxPacketLen
                0x0000000026f864d8                NetOurIP
                0x0000000026f864dc                NetOurEther
                0x0000000026f864e4                NetIPID
                0x0000000026f864e8                NetTxPacket
                0x0000000026f864ec                NetEtherNullAddr
                0x0000000026f864f8                NetOurGatewayIP
                0x0000000026f864fc                NetOurSubnetMask
                0x0000000026f86500                NetServerIP
                0x0000000026f86504                PktBuf
                0x0000000026f88344                NetRxPackets
                0x0000000026f88354                NetBootFileXferSize
                0x0000000026f88358                BootFile
                0x0000000026f883d8                NetServerEther
                0x0000000026f883de                NetBootFileSize
                0x0000000026f883e0                NetOurRootPath
                0x0000000026f88420                NetOurHostName
                0x0000000026f88440                NetOurNISDomain
                0x0000000026f88460                NetOurDNSIP
                0x0000000026f88d14                NetPingIP
 .bss           0x0000000026f88dd0        0x0 board/sdsIndustries/controller/libcontroller.o
 .bss           0x0000000026f88dd0        0x0 /home/scott/controller/tap-uboot/arch/arm/lib/eabi_compat.o
 .bss           0x0000000026f88dd0        0x0 /usr/lib/gcc-cross/arm-linux-gnueabi/4.7/libgcc.a(_udivsi3.o)
 .bss           0x0000000026f88dd0        0x0 /usr/lib/gcc-cross/arm-linux-gnueabi/4.7/libgcc.a(_divsi3.o)
 .bss           0x0000000026f88dd0        0x0 /usr/lib/gcc-cross/arm-linux-gnueabi/4.7/libgcc.a(_lshrdi3.o)
 .bss           0x0000000026f88dd0        0x0 /usr/lib/gcc-cross/arm-linux-gnueabi/4.7/libgcc.a(_ashrdi3.o)
 .bss           0x0000000026f88dd0        0x0 /usr/lib/gcc-cross/arm-linux-gnueabi/4.7/libgcc.a(_ashldi3.o)
 .bss           0x0000000026f88dd0        0x0 /usr/lib/gcc-cross/arm-linux-gnueabi/4.7/libgcc.a(_dvmd_lnx.o)
                0x0000000026f88dd0                . = ALIGN (0x4)
                0x0000000026f88dd0                __bss_end__ = .

.dynbss         0x0000000026f4d000        0x0 load address 0x0000000026f88dd0
 .dynbss        0x0000000000000000        0x0 arch/arm/cpu/armv7/start.o

/DISCARD/
 *(.dynstr*)
 *(.dynamic*)
 *(.plt*)
 *(.interp*)
 *(.gnu*)
Address of section .text set to 0x26f00000
LOAD arch/arm/cpu/armv7/start.o
START GROUP
LOAD api/libapi.o
LOAD arch/arm/cpu/armv7/at91/libat91.o
LOAD arch/arm/cpu/armv7/libarmv7.o
LOAD arch/arm/lib/libarm.o
LOAD common/libcommon.o
LOAD disk/libdisk.o
LOAD drivers/bios_emulator/libatibiosemu.o
LOAD drivers/block/libblock.o
LOAD drivers/dfu/libdfu.o
LOAD drivers/dma/libdma.o
LOAD drivers/fpga/libfpga.o
LOAD drivers/gpio/libgpio.o
LOAD drivers/hwmon/libhwmon.o
LOAD drivers/i2c/libi2c.o
LOAD drivers/input/libinput.o
LOAD drivers/misc/libmisc.o
LOAD drivers/mmc/libmmc.o
LOAD drivers/mtd/libmtd.o
LOAD drivers/mtd/nand/libnand.o
LOAD drivers/mtd/onenand/libonenand.o
LOAD drivers/mtd/spi/libspi_flash.o
LOAD drivers/mtd/ubi/libubi.o
LOAD drivers/net/libnet.o
LOAD drivers/net/phy/libphy.o
LOAD drivers/pci/libpci.o
LOAD drivers/pcmcia/libpcmcia.o
LOAD drivers/power/libpower.o
LOAD drivers/rtc/librtc.o
LOAD drivers/serial/libserial.o
LOAD drivers/spi/libspi.o
LOAD drivers/twserial/libtws.o
LOAD drivers/usb/eth/libusb_eth.o
LOAD drivers/usb/gadget/libusb_gadget.o
LOAD drivers/usb/host/libusb_host.o
LOAD drivers/usb/musb/libusb_musb.o
LOAD drivers/usb/phy/libusb_phy.o
LOAD drivers/usb/ulpi/libusb_ulpi.o
LOAD drivers/video/libvideo.o
LOAD drivers/watchdog/libwatchdog.o
LOAD fs/cramfs/libcramfs.o
LOAD fs/ext4/libext4fs.o
LOAD fs/fat/libfat.o
LOAD fs/fdos/libfdos.o
LOAD fs/jffs2/libjffs2.o
LOAD fs/reiserfs/libreiserfs.o
LOAD fs/ubifs/libubifs.o
LOAD fs/yaffs2/libyaffs2.o
LOAD fs/zfs/libzfs.o
LOAD lib/libfdt/libfdt.o
LOAD lib/libgeneric.o
LOAD lib/lzma/liblzma.o
LOAD lib/lzo/liblzo.o
LOAD lib/zlib/libz.o
LOAD net/libnet.o
LOAD post/libpost.o
LOAD test/libtest.o
LOAD board/sdsIndustries/controller/libcontroller.o
END GROUP
[...]
 .comment       0x0000000000000000       0x58 drivers/mmc/libmmc.o
 .comment       0x0000000000000000      0x134 drivers/mtd/nand/libnand.o
 .comment       0x0000000000000000       0x58 drivers/mtd/spi/libspi_flash.o
 .comment       0x0000000000000000       0x58 drivers/net/libnet.o
 .comment       0x0000000000000000       0x58 drivers/pcmcia/libpcmcia.o
 .comment       0x0000000000000000       0x2c drivers/rtc/librtc.o
 .comment       0x0000000000000000       0x2c drivers/serial/libserial.o
 .comment       0x0000000000000000       0x2c drivers/spi/libspi.o
 .comment       0x0000000000000000       0x58 drivers/usb/host/libusb_host.o
 .comment       0x0000000000000000       0x2c drivers/video/libvideo.o
 .comment       0x0000000000000000       0x58 fs/fat/libfat.o
 .comment       0x0000000000000000      0x108 lib/libfdt/libfdt.o
 .comment       0x0000000000000000      0x344 lib/libgeneric.o
 .comment       0x0000000000000000       0x2c lib/zlib/libz.o
 .comment       0x0000000000000000      0x134 net/libnet.o
 .comment       0x0000000000000000       0x2c board/sdsIndustries/controller/libcontroller.o
 .comment       0x0000000000000000       0x2c /home/scott/controller/tap-uboot/arch/arm/lib/eabi_compat.o

.note.GNU-stack
                0x0000000000000000        0x0
 .note.GNU-stack
                0x0000000000000000        0x0 arch/arm/cpu/armv7/at91/libat91.o
 .note.GNU-stack
                0x0000000000000000        0x0 arch/arm/cpu/armv7/libarmv7.o
 .note.GNU-stack
                0x0000000000000000        0x0 arch/arm/lib/libarm.o
 .note.GNU-stack
                0x0000000000000000        0x0 common/libcommon.o
 .note.GNU-stack
                0x0000000000000000        0x0 disk/libdisk.o
 .note.GNU-stack
                0x0000000000000000        0x0 drivers/gpio/libgpio.o
 .note.GNU-stack
                0x0000000000000000        0x0 drivers/input/libinput.o
 .note.GNU-stack
                0x0000000000000000        0x0 drivers/mmc/libmmc.o
 .note.GNU-stack
                0x0000000000000000        0x0 drivers/mtd/nand/libnand.o
 .note.GNU-stack
                0x0000000000000000        0x0 drivers/mtd/spi/libspi_flash.o
 .note.GNU-stack
                0x0000000000000000        0x0 drivers/net/libnet.o
 .note.GNU-stack
                0x0000000000000000        0x0 drivers/pcmcia/libpcmcia.o
 .note.GNU-stack
                0x0000000000000000        0x0 drivers/rtc/librtc.o
 .note.GNU-stack
                0x0000000000000000        0x0 drivers/serial/libserial.o
 .note.GNU-stack
                0x0000000000000000        0x0 drivers/spi/libspi.o
 .note.GNU-stack
                0x0000000000000000        0x0 drivers/usb/host/libusb_host.o
 .note.GNU-stack
                0x0000000000000000        0x0 drivers/video/libvideo.o
 .note.GNU-stack
                0x0000000000000000        0x0 fs/fat/libfat.o
 .note.GNU-stack
                0x0000000000000000        0x0 lib/libfdt/libfdt.o
 .note.GNU-stack
                0x0000000000000000        0x0 lib/libgeneric.o
 .note.GNU-stack
                0x0000000000000000        0x0 lib/zlib/libz.o
 .note.GNU-stack
                0x0000000000000000        0x0 net/libnet.o
 .note.GNU-stack
                0x0000000000000000        0x0 board/sdsIndustries/controller/libcontroller.o
 .note.GNU-stack
                0x0000000000000000        0x0 /home/scott/controller/tap-uboot/arch/arm/lib/eabi_compat.o
 .note.GNU-stack
                0x0000000000000000        0x0 /usr/lib/gcc-cross/arm-linux-gnueabi/4.7/libgcc.a(_udivsi3.o)
 .note.GNU-stack
                0x0000000000000000        0x0 /usr/lib/gcc-cross/arm-linux-gnueabi/4.7/libgcc.a(_divsi3.o)
 .note.GNU-stack
                0x0000000000000000        0x0 /usr/lib/gcc-cross/arm-linux-gnueabi/4.7/libgcc.a(_lshrdi3.o)
 .note.GNU-stack
                0x0000000000000000        0x0 /usr/lib/gcc-cross/arm-linux-gnueabi/4.7/libgcc.a(_ashrdi3.o)
 .note.GNU-stack
                0x0000000000000000        0x0 /usr/lib/gcc-cross/arm-linux-gnueabi/4.7/libgcc.a(_ashldi3.o)
 .note.GNU-stack
                0x0000000000000000        0x0 /usr/lib/gcc-cross/arm-linux-gnueabi/4.7/libgcc.a(_dvmd_lnx.o)

.debug_line     0x0000000000000000    0x14579
 .debug_line    0x0000000000000000       0xd9 arch/arm/cpu/armv7/start.o
 .debug_line    0x00000000000000d9      0x7c6 arch/arm/cpu/armv7/at91/libat91.o
 .debug_line    0x000000000000089f      0x3eb arch/arm/cpu/armv7/libarmv7.o
 .debug_line    0x0000000000000c8a      0x9b5 arch/arm/lib/libarm.o
 .debug_line    0x000000000000163f     0x7d60 common/libcommon.o
 .debug_line    0x000000000000939f      0x4ca disk/libdisk.o
 .debug_line    0x0000000000009869      0x1bf drivers/gpio/libgpio.o
 .debug_line    0x0000000000009a28      0x23b drivers/input/libinput.o
 .debug_line    0x0000000000009c63      0x958 drivers/mmc/libmmc.o
 .debug_line    0x000000000000a5bb     0x2435 drivers/mtd/nand/libnand.o
 .debug_line    0x000000000000c9f0      0x6ca drivers/mtd/spi/libspi_flash.o
 .debug_line    0x000000000000d0ba      0x6d2 drivers/net/libnet.o
 .debug_line    0x000000000000d78c      0x184 drivers/pcmcia/libpcmcia.o
 .debug_line    0x000000000000d910       0xc2 drivers/rtc/librtc.o
 .debug_line    0x000000000000d9d2      0x194 drivers/serial/libserial.o
 .debug_line    0x000000000000db66      0x1f6 drivers/spi/libspi.o
 .debug_line    0x000000000000dd5c      0x76d drivers/usb/host/libusb_host.o
 .debug_line    0x000000000000e4c9      0x22d drivers/video/libvideo.o
 .debug_line    0x000000000000e6f6      0x790 fs/fat/libfat.o
 .debug_line    0x000000000000ee86      0xdf1 lib/libfdt/libfdt.o
 .debug_line    0x000000000000fc77     0x2369 lib/libgeneric.o
 .debug_line    0x0000000000011fe0      0xb5c lib/zlib/libz.o
 .debug_line    0x0000000000012b3c     0x16b7 net/libnet.o
 .debug_line    0x00000000000141f3      0x292 board/sdsIndustries/controller/libcontroller.o
 .debug_line    0x0000000000014485       0xf4 /home/scott/controller/tap-uboot/arch/arm/lib/eabi_compat.o

.debug_info     0x0000000000000000    0x7af00
 .debug_info    0x0000000000000000       0x62 arch/arm/cpu/armv7/start.o
 .debug_info    0x0000000000000062     0x2c57 arch/arm/cpu/armv7/at91/libat91.o
 .debug_info    0x0000000000002cb9     0x132c arch/arm/cpu/armv7/libarmv7.o
 .debug_info    0x0000000000003fe5     0x3cc5 arch/arm/lib/libarm.o
 .debug_info    0x0000000000007caa    0x34c0a common/libcommon.o
 .debug_info    0x000000000003c8b4     0x1e58 disk/libdisk.o
 .debug_info    0x000000000003e70c     0x144c drivers/gpio/libgpio.o
 .debug_info    0x000000000003fb58      0xfe8 drivers/input/libinput.o
 .debug_info    0x0000000000040b40     0x39f9 drivers/mmc/libmmc.o
 .debug_info    0x0000000000044539     0xf298 drivers/mtd/nand/libnand.o
 .debug_info    0x00000000000537d1     0x2902 drivers/mtd/spi/libspi_flash.o
 .debug_info    0x00000000000560d3     0x2c5e drivers/net/libnet.o
 .debug_info    0x0000000000058d31      0x566 drivers/pcmcia/libpcmcia.o
 .debug_info    0x0000000000059297      0x2b3 drivers/rtc/librtc.o
 .debug_info    0x000000000005954a      0x8e3 drivers/serial/libserial.o
 .debug_info    0x0000000000059e2d      0xa42 drivers/spi/libspi.o
 .debug_info    0x000000000005a86f     0x3454 drivers/usb/host/libusb_host.o
 .debug_info    0x000000000005dcc3      0xa81 drivers/video/libvideo.o
 .debug_info    0x000000000005e744     0x29cd fs/fat/libfat.o
 .debug_info    0x0000000000061111     0x5747 lib/libfdt/libfdt.o
 .debug_info    0x0000000000066858     0x77c5 lib/libgeneric.o
 .debug_info    0x000000000006e01d     0x166a lib/zlib/libz.o
 .debug_info    0x000000000006f687     0x9fcd net/libnet.o
 .debug_info    0x0000000000079654     0x155e board/sdsIndustries/controller/libcontroller.o
 .debug_info    0x000000000007abb2      0x34e /home/scott/controller/tap-uboot/arch/arm/lib/eabi_compat.o

.debug_abbrev   0x0000000000000000    0x1587c
 .debug_abbrev  0x0000000000000000       0x14 arch/arm/cpu/armv7/start.o
 .debug_abbrev  0x0000000000000014      0xa86 arch/arm/cpu/armv7/at91/libat91.o
 .debug_abbrev  0x0000000000000a9a      0x64b arch/arm/cpu/armv7/libarmv7.o
 .debug_abbrev  0x00000000000010e5      0xeaf arch/arm/lib/libarm.o
 .debug_abbrev  0x0000000000001f94     0x8491 common/libcommon.o
 .debug_abbrev  0x000000000000a425      0x717 disk/libdisk.o
 .debug_abbrev  0x000000000000ab3c      0x32f drivers/gpio/libgpio.o
 .debug_abbrev  0x000000000000ae6b      0x3a9 drivers/input/libinput.o
 .debug_abbrev  0x000000000000b214      0xa50 drivers/mmc/libmmc.o
 .debug_abbrev  0x000000000000bc64     0x18b1 drivers/mtd/nand/libnand.o
 .debug_abbrev  0x000000000000d515      0x805 drivers/mtd/spi/libspi_flash.o
 .debug_abbrev  0x000000000000dd1a      0x96b drivers/net/libnet.o
 .debug_abbrev  0x000000000000e685      0x1aa drivers/pcmcia/libpcmcia.o
 .debug_abbrev  0x000000000000e82f       0xd5 drivers/rtc/librtc.o
 .debug_abbrev  0x000000000000e904      0x2c6 drivers/serial/libserial.o
 .debug_abbrev  0x000000000000ebca      0x33c drivers/spi/libspi.o
 .debug_abbrev  0x000000000000ef06      0x62d drivers/usb/host/libusb_host.o
 .debug_abbrev  0x000000000000f533      0x260 drivers/video/libvideo.o
 .debug_abbrev  0x000000000000f793      0x759 fs/fat/libfat.o
 .debug_abbrev  0x000000000000feec      0xe43 lib/libfdt/libfdt.o
 .debug_abbrev  0x0000000000010d2f     0x2335 lib/libgeneric.o
 .debug_abbrev  0x0000000000013064      0x45b lib/zlib/libz.o
 .debug_abbrev  0x00000000000134bf     0x1e6e net/libnet.o
 .debug_abbrev  0x000000000001532d      0x3fd board/sdsIndustries/controller/libcontroller.o
 .debug_abbrev  0x000000000001572a      0x152 /home/scott/controller/tap-uboot/arch/arm/lib/eabi_compat.o

.debug_aranges  0x0000000000000000      0xec0
 .debug_aranges
                0x0000000000000000       0x20 arch/arm/cpu/armv7/start.o
 .debug_aranges
                0x0000000000000020       0xa0 arch/arm/cpu/armv7/at91/libat91.o
 .debug_aranges
                0x00000000000000c0       0x60 arch/arm/cpu/armv7/libarmv7.o
 .debug_aranges
                0x0000000000000120       0xc0 arch/arm/lib/libarm.o
 .debug_aranges
                0x00000000000001e0      0x550 common/libcommon.o
 .debug_aranges
                0x0000000000000730       0x40 disk/libdisk.o
 .debug_aranges
                0x0000000000000770       0x20 drivers/gpio/libgpio.o
 .debug_aranges
                0x0000000000000790       0x20 drivers/input/libinput.o
 .debug_aranges
                0x00000000000007b0       0x40 drivers/mmc/libmmc.o
 .debug_aranges
                0x00000000000007f0       0xd8 drivers/mtd/nand/libnand.o
 .debug_aranges
                0x00000000000008c8       0x40 drivers/mtd/spi/libspi_flash.o
 .debug_aranges
                0x0000000000000908       0x40 drivers/net/libnet.o
 .debug_aranges
                0x0000000000000948       0x30 drivers/pcmcia/libpcmcia.o
 .debug_aranges
                0x0000000000000978       0x18 drivers/rtc/librtc.o
 .debug_aranges
                0x0000000000000990       0x20 drivers/serial/libserial.o
 .debug_aranges
                0x00000000000009b0       0x20 drivers/spi/libspi.o
 .debug_aranges
                0x00000000000009d0       0x40 drivers/usb/host/libusb_host.o
 .debug_aranges
                0x0000000000000a10       0x20 drivers/video/libvideo.o
 .debug_aranges
                0x0000000000000a30       0x40 fs/fat/libfat.o
 .debug_aranges
                0x0000000000000a70       0xc0 lib/libfdt/libfdt.o
 .debug_aranges
                0x0000000000000b30      0x250 lib/libgeneric.o
 .debug_aranges
                0x0000000000000d80       0x20 lib/zlib/libz.o
 .debug_aranges
                0x0000000000000da0       0xe0 net/libnet.o
 .debug_aranges
                0x0000000000000e80       0x20 board/sdsIndustries/controller/libcontroller.o
 .debug_aranges
                0x0000000000000ea0       0x20 /home/scott/controller/tap-uboot/arch/arm/lib/eabi_compat.o

.debug_frame    0x0000000000000000     0x76b4
 .debug_frame   0x0000000000000000      0x284 arch/arm/cpu/armv7/at91/libat91.o
 .debug_frame   0x0000000000000284      0x1d0 arch/arm/cpu/armv7/libarmv7.o
 .debug_frame   0x0000000000000454      0x41c arch/arm/lib/libarm.o
 .debug_frame   0x0000000000000870     0x2dbc common/libcommon.o
 .debug_frame   0x000000000000362c      0x1d4 disk/libdisk.o
 .debug_frame   0x0000000000003800      0x150 drivers/gpio/libgpio.o
 .debug_frame   0x0000000000003950       0xd0 drivers/input/libinput.o
 .debug_frame   0x0000000000003a20      0x454 drivers/mmc/libmmc.o
 .debug_frame   0x0000000000003e74      0xb20 drivers/mtd/nand/libnand.o
 .debug_frame   0x0000000000004994      0x3b4 drivers/mtd/spi/libspi_flash.o
 .debug_frame   0x0000000000004d48      0x1e4 drivers/net/libnet.o
 .debug_frame   0x0000000000004f2c       0x90 drivers/serial/libserial.o
 .debug_frame   0x0000000000004fbc       0x90 drivers/spi/libspi.o
 .debug_frame   0x000000000000504c      0x1f8 drivers/usb/host/libusb_host.o
 .debug_frame   0x0000000000005244       0x30 drivers/video/libvideo.o
 .debug_frame   0x0000000000005274      0x278 fs/fat/libfat.o
 .debug_frame   0x00000000000054ec      0xa6c lib/libfdt/libfdt.o
 .debug_frame   0x0000000000005f58      0xb64 lib/libgeneric.o
 .debug_frame   0x0000000000006abc      0x124 lib/zlib/libz.o
 .debug_frame   0x0000000000006be0      0x988 net/libnet.o
 .debug_frame   0x0000000000007568      0x104 board/sdsIndustries/controller/libcontroller.o
 .debug_frame   0x000000000000766c       0x48 /home/scott/controller/tap-uboot/arch/arm/lib/eabi_compat.o

.debug_str      0x0000000000000000     0xb9b1
 .debug_str     0x0000000000000000      0x60d arch/arm/cpu/armv7/at91/libat91.o
                                       0x12b9 (size before relaxing)
 .debug_str     0x000000000000060d      0x355 arch/arm/cpu/armv7/libarmv7.o
                                        0x9f9 (size before relaxing)
 .debug_str     0x0000000000000962     0x12a1 arch/arm/lib/libarm.o
                                       0x305a (size before relaxing)
 .debug_str     0x0000000000001c03     0x49f3 common/libcommon.o
                                      0x14d1f (size before relaxing)
 .debug_str     0x00000000000065f6      0x268 disk/libdisk.o
                                        0xa3c (size before relaxing)
 .debug_str     0x000000000000685e      0x27f drivers/gpio/libgpio.o
                                        0x4fa (size before relaxing)
 .debug_str     0x0000000000006add      0x2d4 drivers/input/libinput.o
                                        0x596 (size before relaxing)
 .debug_str     0x0000000000006db1      0x4ff drivers/mmc/libmmc.o
                                        0xeb8 (size before relaxing)
 .debug_str     0x00000000000072b0     0x104f drivers/mtd/nand/libnand.o
                                       0x4580 (size before relaxing)
 .debug_str     0x00000000000082ff      0x3bf drivers/mtd/spi/libspi_flash.o
                                        0xa6a (size before relaxing)
 .debug_str     0x00000000000086be      0x2c2 drivers/net/libnet.o
                                        0xcd0 (size before relaxing)
 .debug_str     0x0000000000008980       0x4d drivers/pcmcia/libpcmcia.o
                                        0x415 (size before relaxing)
 .debug_str     0x00000000000089cd       0x34 drivers/rtc/librtc.o
                                        0x200 (size before relaxing)
 .debug_str     0x0000000000008a01       0x9c drivers/serial/libserial.o
                                        0x417 (size before relaxing)
 .debug_str     0x0000000000008a9d       0xcb drivers/spi/libspi.o
                                        0x480 (size before relaxing)
 .debug_str     0x0000000000008b68      0x5c8 drivers/usb/host/libusb_host.o
                                        0xfde (size before relaxing)
 .debug_str     0x0000000000009130      0x19a drivers/video/libvideo.o
                                        0x641 (size before relaxing)
 .debug_str     0x00000000000092ca      0x528 fs/fat/libfat.o
                                        0xbd8 (size before relaxing)
 .debug_str     0x00000000000097f2      0x6c7 lib/libfdt/libfdt.o
                                       0x1619 (size before relaxing)
 .debug_str     0x0000000000009eb9      0x6cc lib/libgeneric.o
                                       0x2988 (size before relaxing)
 .debug_str     0x000000000000a585      0x285 lib/zlib/libz.o
                                        0x6c2 (size before relaxing)
 .debug_str     0x000000000000a80a     0x1012 net/libnet.o
                                       0x4fdc (size before relaxing)
 .debug_str     0x000000000000b81c      0x14c board/sdsIndustries/controller/libcontroller.o
                                        0xa41 (size before relaxing)
 .debug_str     0x000000000000b968       0x49 /home/scott/controller/tap-uboot/arch/arm/lib/eabi_compat.o
                                        0x24a (size before relaxing)

.debug_loc      0x0000000000000000    0x46c13
 .debug_loc     0x0000000000000000      0x53b arch/arm/cpu/armv7/at91/libat91.o
 .debug_loc     0x000000000000053b      0x673 arch/arm/cpu/armv7/libarmv7.o
 .debug_loc     0x0000000000000bae      0xd27 arch/arm/lib/libarm.o
 .debug_loc     0x00000000000018d5    0x1b8da common/libcommon.o
 .debug_loc     0x000000000001d1af      0xe0d disk/libdisk.o
 .debug_loc     0x000000000001dfbc      0xad9 drivers/gpio/libgpio.o
 .debug_loc     0x000000000001ea95      0x951 drivers/input/libinput.o
 .debug_loc     0x000000000001f3e6     0x2034 drivers/mmc/libmmc.o
 .debug_loc     0x000000000002141a     0x8e28 drivers/mtd/nand/libnand.o
 .debug_loc     0x000000000002a242     0x1fd2 drivers/mtd/spi/libspi_flash.o
 .debug_loc     0x000000000002c214     0x166b drivers/net/libnet.o
 .debug_loc     0x000000000002d87f      0x125 drivers/serial/libserial.o
 .debug_loc     0x000000000002d9a4      0x3c5 drivers/spi/libspi.o
 .debug_loc     0x000000000002dd69     0x255f drivers/usb/host/libusb_host.o
 .debug_loc     0x00000000000302c8      0x155 drivers/video/libvideo.o
 .debug_loc     0x000000000003041d     0x2209 fs/fat/libfat.o
 .debug_loc     0x0000000000032626     0x4260 lib/libfdt/libfdt.o
 .debug_loc     0x0000000000036886     0x9581 lib/libgeneric.o
 .debug_loc     0x000000000003fe07     0x2ba5 lib/zlib/libz.o
 .debug_loc     0x00000000000429ac     0x4056 net/libnet.o
 .debug_loc     0x0000000000046a02      0x1c5 board/sdsIndustries/controller/libcontroller.o
 .debug_loc     0x0000000000046bc7       0x4c /home/scott/controller/tap-uboot/arch/arm/lib/eabi_compat.o

.debug_ranges   0x0000000000000000     0x3b88
 .debug_ranges  0x0000000000000000       0xc0 arch/arm/cpu/armv7/at91/libat91.o
 .debug_ranges  0x00000000000000c0       0x60 arch/arm/cpu/armv7/libarmv7.o
 .debug_ranges  0x0000000000000120       0x60 arch/arm/lib/libarm.o
 .debug_ranges  0x0000000000000180     0x16b8 common/libcommon.o
 .debug_ranges  0x0000000000001838       0x60 disk/libdisk.o
 .debug_ranges  0x0000000000001898       0xa8 drivers/gpio/libgpio.o
 .debug_ranges  0x0000000000001940      0x100 drivers/input/libinput.o
 .debug_ranges  0x0000000000001a40      0x178 drivers/mmc/libmmc.o
 .debug_ranges  0x0000000000001bb8      0x978 drivers/mtd/nand/libnand.o
 .debug_ranges  0x0000000000002530      0x208 drivers/mtd/spi/libspi_flash.o
 .debug_ranges  0x0000000000002738      0x3a0 drivers/net/libnet.o
 .debug_ranges  0x0000000000002ad8       0x18 drivers/serial/libserial.o
 .debug_ranges  0x0000000000002af0       0x30 drivers/spi/libspi.o
 .debug_ranges  0x0000000000002b20      0x2e0 drivers/usb/host/libusb_host.o
 .debug_ranges  0x0000000000002e00      0x160 fs/fat/libfat.o
 .debug_ranges  0x0000000000002f60      0x2c0 lib/libfdt/libfdt.o
 .debug_ranges  0x0000000000003220      0x340 lib/libgeneric.o
 .debug_ranges  0x0000000000003560       0x20 lib/zlib/libz.o
 .debug_ranges  0x0000000000003580      0x5f0 net/libnet.o
 .debug_ranges  0x0000000000003b70       0x18 board/sdsIndustries/controller/libcontroller.o
