Archive member included to satisfy reference by file (symbol)

/usr/lib/gcc-cross/arm-linux-gnueabi/4.7/libgcc.a(_udivsi3.o)
                              arch/arm/cpu/armv7/at91/libat91.o (__aeabi_uidiv)
/usr/lib/gcc-cross/arm-linux-gnueabi/4.7/libgcc.a(_divsi3.o)
                              common/libcommon.o (__aeabi_idiv)
/usr/lib/gcc-cross/arm-linux-gnueabi/4.7/libgcc.a(_lshrdi3.o)
                              common/libcommon.o (__aeabi_llsr)
/usr/lib/gcc-cross/arm-linux-gnueabi/4.7/libgcc.a(_ashrdi3.o)
                              drivers/mtd/nand/libnand.o (__aeabi_lasr)
/usr/lib/gcc-cross/arm-linux-gnueabi/4.7/libgcc.a(_ashldi3.o)
                              drivers/mtd/nand/libnand.o (__aeabi_llsl)
/usr/lib/gcc-cross/arm-linux-gnueabi/4.7/libgcc.a(_dvmd_lnx.o)
                              /usr/lib/gcc-cross/arm-linux-gnueabi/4.7/libgcc.a(_udivsi3.o) (__aeabi_idiv0)

Memory Configuration

Name             Origin             Length             Attributes
*default*        0x0000000000000000 0xffffffffffffffff

Linker script and memory map

                0x0000000000000000                . = 0x0
                0x0000000000000000                . = ALIGN (0x4)

.text           0x0000000026f00000    0x32694
                0x0000000026f00000                __image_copy_start = .
 arch/arm/cpu/armv7/start.o(.text)
 .text          0x0000000026f00000      0x4a0 arch/arm/cpu/armv7/start.o
                0x0000000026f00000                _start
                0x0000000026f00040                _end_vect
                0x0000000026f00040                _TEXT_BASE
                0x0000000026f00044                _bss_start_ofs
                0x0000000026f00048                _image_copy_end_ofs
                0x0000000026f0004c                _bss_end_ofs
                0x0000000026f00050                _end_ofs
                0x0000000026f00054                IRQ_STACK_START_IN
                0x0000000026f00090                relocate_code
                0x0000000026f001b0                save_boot_params
                0x0000000026f001b4                cpu_init_cp15
 *(.text)
 .text          0x0000000026f004a0      0xa0c arch/arm/cpu/armv7/at91/libat91.o
                0x0000000026f004a0                has_emac
                0x0000000026f0050c                has_gmac
                0x0000000026f00544                has_lcdc
                0x0000000026f0057c                get_cpu_name
                0x0000000026f0061c                at91_serial0_hw_init
                0x0000000026f0064c                at91_serial1_hw_init
                0x0000000026f0067c                at91_serial2_hw_init
                0x0000000026f006ac                at91_seriald_hw_init
                0x0000000026f006dc                at91_spi0_hw_init
                0x0000000026f007e0                at91_macb_hw_init
                0x0000000026f00890                at91_gmacb_hw_init
                0x0000000026f00990                at91_lcd_hw_init
                0x0000000026f00b80                at91_clock_init
                0x0000000026f00c64                at91_periph_clk_enable
                0x0000000026f00c94                arch_cpu_init
                0x0000000026f00ca0                arch_preboot_os
                0x0000000026f00cb8                print_cpuinfo
                0x0000000026f00d34                get_chip_id
                0x0000000026f00d44                get_extension_chip_id
                0x0000000026f00d50                reset_cpu
                0x0000000026f00d64                timer_init
                0x0000000026f00d98                get_ticks
                0x0000000026f00dd8                __udelay
                0x0000000026f00e4c                get_timer
                0x0000000026f00ea4                get_tbclk
 .text          0x0000000026f00eac      0x2e0 arch/arm/cpu/armv7/libarmv7.o
                0x0000000026f00ffc                invalidate_icache_all
                0x0000000026f01014                __v7_outer_cache_enable
                0x0000000026f01014                v7_outer_cache_enable
                0x0000000026f01018                v7_outer_cache_disable
                0x0000000026f01018                __v7_outer_cache_disable
                0x0000000026f0101c                __v7_outer_cache_flush_all
                0x0000000026f0101c                v7_outer_cache_flush_all
                0x0000000026f01020                flush_dcache_all
                0x0000000026f01034                v7_outer_cache_inval_all
                0x0000000026f01034                __v7_outer_cache_inval_all
                0x0000000026f01038                invalidate_dcache_all
                0x0000000026f0104c                arm_init_before_mmu
                0x0000000026f01074                v7_outer_cache_flush_range
                0x0000000026f01074                __v7_outer_cache_flush_range
                0x0000000026f01078                flush_dcache_range
                0x0000000026f010b4                flush_cache
                0x0000000026f010bc                __v7_outer_cache_inval_range
                0x0000000026f010bc                v7_outer_cache_inval_range
                0x0000000026f010c0                invalidate_dcache_range
                0x0000000026f010fc                cpu_cache_initialization
                0x0000000026f01100                cleanup_before_linux
                0x0000000026f01128                sdelay
                0x0000000026f01134                sr32
                0x0000000026f01158                wait_on_value
 .text          0x0000000026f0118c      0x8a4 arch/arm/lib/libarm.o
                0x0000000026f0118c                __arch_cpu_init
                0x0000000026f011e0                coloured_LED_init
                0x0000000026f011e0                __coloured_LED_init
                0x0000000026f011e4                __red_led_on
                0x0000000026f011e4                red_led_on
                0x0000000026f011e8                __red_led_off
                0x0000000026f011e8                red_led_off
                0x0000000026f011ec                green_led_on
                0x0000000026f011ec                __green_led_on
                0x0000000026f011f0                green_led_off
                0x0000000026f011f0                __green_led_off
                0x0000000026f011f4                yellow_led_on
                0x0000000026f011f4                __yellow_led_on
                0x0000000026f011f8                __yellow_led_off
                0x0000000026f011f8                yellow_led_off
                0x0000000026f011fc                blue_led_on
                0x0000000026f011fc                __blue_led_on
                0x0000000026f01200                __blue_led_off
                0x0000000026f01200                blue_led_off
                0x0000000026f01204                __dram_init_banksize
                0x0000000026f01204                dram_init_banksize
                0x0000000026f01220                board_init_r
                0x0000000026f012cc                hang
                0x0000000026f012e0                board_init_f
                0x0000000026f01580                arch_lmb_reserve
                0x0000000026f015a4                do_bootm_linux
                0x0000000026f015fc                bootz_setup
                0x0000000026f01640                interrupt_init
                0x0000000026f0165c                enable_interrupts
                0x0000000026f01660                disable_interrupts
                0x0000000026f01668                bad_mode
                0x0000000026f01678                show_regs
                0x0000000026f017b4                do_undefined_instruction
                0x0000000026f017d4                do_software_interrupt
                0x0000000026f017f4                do_prefetch_abort
                0x0000000026f01814                do_data_abort
                0x0000000026f01834                do_not_used
                0x0000000026f01854                do_fiq
                0x0000000026f01874                do_irq
                0x0000000026f01894                do_reset
                0x0000000026f018c0                __flush_cache
                0x0000000026f018c4                __flush_dcache_all
                0x0000000026f018d0                enable_caches
                0x0000000026f018d0                __enable_caches
                0x0000000026f0190c                __arm_init_before_mmu
                0x0000000026f0199c                icache_enable
                0x0000000026f019b4                icache_disable
                0x0000000026f019cc                icache_status
                0x0000000026f019d8                dcache_enable
                0x0000000026f01a00                dcache_disable
                0x0000000026f01a24                dcache_status
 .text          0x0000000026f01a30    0x14b9c common/libcommon.o
                0x0000000026f01a30                do_go_exec
                0x0000000026f01a48                do_go
                0x0000000026f01b00                do_bootd
                0x0000000026f02598                __arch_preboot_os
                0x0000000026f0259c                do_bootm_subcommand
                0x0000000026f02818                do_bootm
                0x0000000026f02ab4                bootm_maybe_autostart
                0x0000000026f02c84                do_coninfo
                0x0000000026f02d3c                common_diskboot
                0x0000000026f02fe8                do_echo
                0x0000000026f03098                do_exit
                0x0000000026f030cc                do_fat_fsinfo
                0x0000000026f0315c                do_fat_fsload
                0x0000000026f032c4                do_fat_ls
                0x0000000026f0361c                set_working_fdt_addr
                0x0000000026f03658                do_fdt
                0x0000000026f042b0                do_flinfo
                0x0000000026f042b8                do_flerase
                0x0000000026f042c0                do_protect
                0x0000000026f042d0                do_help
                0x0000000026f0438c                binary_test
                0x0000000026f04558                do_itest
                0x0000000026f04748                send_pad
                0x0000000026f04778                ktrans
                0x0000000026f0479c                chk1
                0x0000000026f047c8                s1_sendpacket
                0x0000000026f047f0                send_ack
                0x0000000026f0484c                send_nack
                0x0000000026f048a8                k_data_init
                0x0000000026f048c8                k_data_save
                0x0000000026f048ec                k_data_restore
                0x0000000026f04910                k_data_char
                0x0000000026f04960                handle_send_packet
                0x0000000026f04b40                do_load_serial_bin
                0x0000000026f04fac                do_mem_crc
                0x0000000026f05058                do_mem_base
                0x0000000026f05098                do_mem_mtest
                0x0000000026f0523c                do_mem_loop
                0x0000000026f05330                do_mem_cp
                0x0000000026f05404                do_mem_cmp
                0x0000000026f05558                do_mem_mw
                0x0000000026f05614                do_mem_md
                0x0000000026f0584c                do_mem_nm
                0x0000000026f05854                do_mem_mm
                0x0000000026f0585c                do_sleep
                0x0000000026f05ba4                do_nand
                0x0000000026f06758                do_nandboot
                0x0000000026f06a94                do_ping
                0x0000000026f06db0                do_nfs
                0x0000000026f06dbc                do_dhcp
                0x0000000026f06dc8                do_tftpb
                0x0000000026f06dd4                do_bootp
                0x0000000026f07170                do_env_save
                0x0000000026f0723c                do_env_print
                0x0000000026f072c0                get_env_id
                0x0000000026f072d0                env_check_apply
                0x0000000026f0750c                _do_env_set
                0x0000000026f076c4                do_env_set
                0x0000000026f076e4                setenv
                0x0000000026f07990                setenv_ulong
                0x0000000026f079b0                setenv_addr
                0x0000000026f079e4                envmatch
                0x0000000026f07a4c                getenv_f
                0x0000000026f07b1c                getenv
                0x0000000026f07b88                getenv_ulong
                0x0000000026f07bb8                do_env_edit
                0x0000000026f081b4                source
                0x0000000026f0836c                do_source
                0x0000000026f083dc                do_false
                0x0000000026f083e4                do_true
                0x0000000026f083ec                do_test
                0x0000000026f08864                do_usbboot
                0x0000000026f08870                usb_get_class_desc
                0x0000000026f08934                usb_display_class_sub
                0x0000000026f08abc                usb_display_string
                0x0000000026f08b00                usb_display_desc
                0x0000000026f08c2c                usb_display_conf_desc
                0x0000000026f08cd8                usb_display_if_desc
                0x0000000026f08d60                usb_display_ep_desc
                0x0000000026f08e24                usb_display_config
                0x0000000026f08ea8                usb_show_tree_graph
                0x0000000026f090d4                usb_show_tree
                0x0000000026f09104                do_usb
                0x0000000026f0963c                do_version
                0x0000000026f09674                do_imgextract
                0x0000000026f09a30                find_cmd_tbl
                0x0000000026f09ad4                find_cmd
                0x0000000026f09afc                cmd_usage
                0x0000000026f09b58                _do_help
                0x0000000026f09cdc                var_complete
                0x0000000026f09d64                cmd_auto_complete
                0x0000000026f0a22c                cmd_get_data_size
                0x0000000026f0a27c                cmd_process
                0x0000000026f0a3d0                serial_printf
                0x0000000026f0a410                fgetc
                0x0000000026f0a43c                ftstc
                0x0000000026f0a468                fputc
                0x0000000026f0a490                fputs
                0x0000000026f0a4b8                fprintf
                0x0000000026f0a500                getc
                0x0000000026f0a53c                tstc
                0x0000000026f0a578                putc
                0x0000000026f0a5b4                puts
                0x0000000026f0a5f0                printf
                0x0000000026f0a63c                vprintf
                0x0000000026f0a67c                ctrlc
                0x0000000026f0a6cc                disable_ctrlc
                0x0000000026f0a6e4                had_ctrlc
                0x0000000026f0a6f4                clear_ctrlc
                0x0000000026f0a708                dbg
                0x0000000026f0a714                search_device
                0x0000000026f0a744                console_assign
                0x0000000026f0a78c                console_init_f
                0x0000000026f0a79c                stdio_print_current_devices
                0x0000000026f0a854                console_init_r
                0x0000000026f0a9a8                sbrk
                0x0000000026f0aa0c                mem_malloc_init
                0x0000000026f0aa30                malloc_trim
                0x0000000026f0aaf4                free
                0x0000000026f0ad24                cfree
                0x0000000026f0ad28                malloc
                0x0000000026f0b300                calloc
                0x0000000026f0b3d8                memalign
                0x0000000026f0b4e4                pvalloc
                0x0000000026f0b4fc                valloc
                0x0000000026f0b508                realloc
                0x0000000026f0b9c4                malloc_usable_size
                0x0000000026f0ba00                mallopt
                0x0000000026f0ba6c                env_get_char_spec
                0x0000000026f0ba78                env_get_addr
                0x0000000026f0ba98                env_get_char_memory
                0x0000000026f0baa8                env_get_char
                0x0000000026f0bad8                set_default_env
                0x0000000026f0bb94                set_default_vars
                0x0000000026f0bbc8                env_import
                0x0000000026f0bca8                env_relocate
                0x0000000026f0bcd8                env_complete
                0x0000000026f0bdac                env_init
                0x0000000026f0bdc8                writeenv
                0x0000000026f0be80                saveenv
                0x0000000026f0c054                readenv
                0x0000000026f0c110                env_relocate_spec
                0x0000000026f0c2ac                get_version
                0x0000000026f0c2b4                jumptable_init
                0x0000000026f0c678                fdt_getprop_u32_default
                0x0000000026f0c6c0                fdt_find_and_setprop
                0x0000000026f0c730                fdt_initrd
                0x0000000026f0c8f4                fdt_chosen
                0x0000000026f0c9fc                do_fixup_by_path
                0x0000000026f0ca50                do_fixup_by_path_u32
                0x0000000026f0ca94                do_fixup_by_prop
                0x0000000026f0cb28                do_fixup_by_prop_u32
                0x0000000026f0cb84                do_fixup_by_compat
                0x0000000026f0cc08                do_fixup_by_compat_u32
                0x0000000026f0cc4c                fdt_fixup_memory_banks
                0x0000000026f0cea4                fdt_fixup_memory
                0x0000000026f0cec4                fdt_fixup_ethernet
                0x0000000026f0d004                fdt_resize
                0x0000000026f0d0dc                fdt_increase_size
                0x0000000026f0d104                fdt_del_node_and_alias
                0x0000000026f0d148                __of_translate_address
                0x0000000026f0d38c                fdt_translate_address
                0x0000000026f0d398                fdt_node_offset_by_compat_reg
                0x0000000026f0d41c                fdt_alloc_phandle
                0x0000000026f0d474                fdt_set_phandle
                0x0000000026f0d4b8                fdt_create_phandle
                0x0000000026f0d51c                fdt_set_node_status
                0x0000000026f0d628                fdt_set_status_by_alias
                0x0000000026f0d654                fdt_verify_alias_address
                0x0000000026f0d720                fdt_get_base_address
                0x0000000026f0d7f4                do_showvar
                0x0000000026f0dd8c                get_local_var
                0x0000000026f0de14                set_local_var
                0x0000000026f0e284                unset_local_var
                0x0000000026f0e328                new_pipe
                0x0000000026f0e398                reserved_word
                0x0000000026f0e66c                mapset
                0x0000000026f0e694                update_ifs_map
                0x0000000026f0e720                parse_string_outer
                0x0000000026f0f608                parse_file_outer
                0x0000000026f0f64c                u_boot_hush_start
                0x0000000026f0f6ec                image_check_hcrc
                0x0000000026f0f73c                image_check_dcrc
                0x0000000026f0f778                image_multi_count
                0x0000000026f0f798                image_multi_getimg
                0x0000000026f0f820                getenv_yesno
                0x0000000026f0f848                getenv_bootm_low
                0x0000000026f0f878                getenv_bootm_size
                0x0000000026f0f8d8                getenv_bootm_mapsize
                0x0000000026f0f908                memmove_wd
                0x0000000026f0f914                genimg_print_size
                0x0000000026f0f944                get_table_entry_name
                0x0000000026f0f970                genimg_get_os_name
                0x0000000026f0f988                genimg_get_arch_name
                0x0000000026f0f9a0                genimg_get_type_name
                0x0000000026f0f9b8                genimg_get_comp_name
                0x0000000026f0f9d0                image_print_contents
                0x0000000026f0fb48                get_table_entry_id
                0x0000000026f0fb98                genimg_get_os_id
                0x0000000026f0fbb0                genimg_get_arch_id
                0x0000000026f0fbc8                genimg_get_type_id
                0x0000000026f0fbe0                genimg_get_comp_id
                0x0000000026f0fbf8                genimg_get_format
                0x0000000026f0fc34                genimg_get_image
                0x0000000026f0fc38                genimg_has_config
                0x0000000026f0fc48                boot_ramdisk_high
                0x0000000026f0fd88                boot_fdt_add_mem_rsv_regions
                0x0000000026f0fe10                boot_relocate_fdt
                0x0000000026f0ffa8                fit_parse_conf
                0x0000000026f1000c                fit_parse_subimage
                0x0000000026f10070                fit_get_desc
                0x0000000026f1009c                fit_get_timestamp
                0x0000000026f100ec                fit_image_get_node
                0x0000000026f10144                fit_image_get_os
                0x0000000026f1017c                fit_image_get_arch
                0x0000000026f101b4                fit_image_get_type
                0x0000000026f101ec                fit_image_get_comp
                0x0000000026f10224                fit_image_get_load
                0x0000000026f10260                fit_image_get_entry
                0x0000000026f1029c                fit_image_get_data
                0x0000000026f102d8                fit_image_hash_get_algo
                0x0000000026f10304                fit_image_hash_get_value
                0x0000000026f10340                fit_image_print_hash
                0x0000000026f10438                fit_image_print
                0x0000000026f106ec                fit_set_timestamp
                0x0000000026f10774                fit_image_check_hashes
                0x0000000026f109d4                fit_all_image_check_hashes
                0x0000000026f10ab4                fit_image_check_os
                0x0000000026f10ae8                fit_image_check_arch
                0x0000000026f10b1c                fit_image_check_type
                0x0000000026f10b50                fit_image_check_comp
                0x0000000026f10b84                fit_check_format
                0x0000000026f10bc4                fit_conf_get_node
                0x0000000026f10c2c                fit_conf_get_kernel_node
                0x0000000026f10c38                fit_conf_get_ramdisk_node
                0x0000000026f10c44                boot_get_ramdisk
                0x0000000026f111a4                fit_conf_get_fdt_node
                0x0000000026f111b0                boot_get_fdt
                0x0000000026f11704                fit_conf_print
                0x0000000026f11808                fit_print_contents
                0x0000000026f11b40                lcd_putc
                0x0000000026f11ca4                lcd_puts
                0x0000000026f11ce0                lcd_printf
                0x0000000026f11d18                lcd_setmem
                0x0000000026f11d5c                bitmap_plot
                0x0000000026f11e64                lcd_clear
                0x0000000026f11f0c                drv_lcd_init
                0x0000000026f121ac                __show_boot_progress
                0x0000000026f121ac                show_boot_progress
                0x0000000026f121b0                readline_into_buffer
                0x0000000026f12b4c                readline
                0x0000000026f12b68                parse_line
                0x0000000026f12bf0                run_command
                0x0000000026f12bf8                run_command_list
                0x0000000026f12c54                main_loop
                0x0000000026f12d4c                do_run
                0x0000000026f12dc0                get_ram_size
                0x0000000026f12f3c                srec_decode
                0x0000000026f13198                stdio_get_list
                0x0000000026f131a4                stdio_get_by_name
                0x0000000026f131f4                stdio_clone
                0x0000000026f13240                stdio_register
                0x0000000026f13284                stdio_init
                0x0000000026f1337c                usb_stop
                0x0000000026f133b0                usb_disable_asynch
                0x0000000026f133d0                usb_submit_int_msg
                0x0000000026f133d4                usb_control_msg
                0x0000000026f13670                usb_bulk_msg
                0x0000000026f136e4                usb_maxpacket
                0x0000000026f13700                usb_clear_halt
                0x0000000026f137a8                usb_get_configuration_no
                0x0000000026f13844                usb_set_interface
                0x0000000026f13904                usb_set_protocol
                0x0000000026f13958                usb_set_idle
                0x0000000026f139b4                usb_get_report
                0x0000000026f13a18                usb_get_class_descriptor
                0x0000000026f13a7c                usb_string
                0x0000000026f13b84                usb_get_dev_index
                0x0000000026f13bb0                usb_alloc_new_device
                0x0000000026f13c34                usb_new_device
                0x0000000026f140dc                usb_init
                0x0000000026f14368                usb_hub_reset
                0x0000000026f1437c                hub_port_reset
                0x0000000026f14428                usb_hub_port_connect_change
                0x0000000026f147ac                usb_hub_probe
                0x0000000026f14a64                usb_stor_read
                0x0000000026f14c10                usb_stor_write
                0x0000000026f14dbc                usb_stor_get_dev
                0x0000000026f14de0                usb_show_progress
                0x0000000026f14de4                usb_stor_info
                0x0000000026f14e54                usb_stor_BBB_comdat
                0x0000000026f14f38                usb_stor_CB_comdat
                0x0000000026f15154                usb_stor_CBI_get_status
                0x0000000026f1521c                usb_stor_CB_transport
                0x0000000026f15440                usb_stor_BBB_clear_endpt_stall
                0x0000000026f1548c                usb_stor_BBB_transport
                0x0000000026f15668                usb_storage_probe
                0x0000000026f15878                usb_stor_get_info
                0x0000000026f15b14                usb_stor_scan
                0x0000000026f15d14                CYGACC_COMM_IF_GETC_TIMEOUT
                0x0000000026f16000                CYGACC_COMM_IF_PUTC
                0x0000000026f16008                parse_num
                0x0000000026f16128                xyzModem_stream_open
                0x0000000026f16274                xyzModem_stream_read
                0x0000000026f164c8                xyzModem_stream_close
                0x0000000026f16518                xyzModem_stream_terminate
                0x0000000026f165ac                xyzModem_error
 .text          0x0000000026f165cc      0xcc4 disk/libdisk.o
                0x0000000026f165cc                get_dev
                0x0000000026f16630                dev_print
                0x0000000026f16844                init_part
                0x0000000026f16864                print_part
                0x0000000026f1694c                get_partition_info
                0x0000000026f16978                get_device
                0x0000000026f169f8                get_device_and_partition
                0x0000000026f171e4                test_part_dos
                0x0000000026f17248                print_part_dos
                0x0000000026f17274                get_partition_info_dos
 .text          0x0000000026f17290      0x3cc drivers/gpio/libgpio.o
                0x0000000026f17290                at91_set_pio_pullup
                0x0000000026f172c4                at91_set_pio_periph
                0x0000000026f172f8                at91_set_a_periph
                0x0000000026f17354                at91_set_b_periph
                0x0000000026f173ac                at91_set_c_periph
                0x0000000026f17404                at91_set_d_periph
                0x0000000026f1745c                at91_set_pio_input
                0x0000000026f1749c                at91_set_pio_output
                0x0000000026f174ec                at91_set_pio_deglitch
                0x0000000026f17528                at91_set_pio_debounce
                0x0000000026f1756c                at91_set_pio_pulldown
                0x0000000026f175a0                at91_set_pio_disable_schmitt_trig
                0x0000000026f175cc                at91_set_pio_multi_drive
                0x0000000026f175f8                at91_set_pio_value
                0x0000000026f17624                at91_get_pio_value
 .text          0x0000000026f1765c      0x4f8 drivers/input/libinput.o
                0x0000000026f1765c                input_queue_ascii
                0x0000000026f176a4                input_tstc
                0x0000000026f176ec                input_getc
                0x0000000026f17748                input_send_keycodes
                0x0000000026f17a14                input_add_table
                0x0000000026f17a54                input_init
                0x0000000026f17b00                input_stdio_register
 .text          0x0000000026f17b54     0x7210 drivers/mtd/nand/libnand.o
                0x0000000026f17b54                nand_register
                0x0000000026f17bd4                nand_init
                0x0000000026f18e48                nand_update_bbt
                0x0000000026f1911c                nand_scan_bbt
                0x0000000026f19608                nand_default_bbt
                0x0000000026f19704                nand_isbad_bbt
                0x0000000026f197e8                nand_erase_opts
                0x0000000026f19af4                nand_write_skip_bad
                0x0000000026f19d38                nand_read_skip_bad
                0x0000000026f19f20                nand_calculate_ecc
                0x0000000026f1a014                nand_correct_data
                0x0000000026f1a150                nand_read_byte
                0x0000000026f1a190                nand_write_buf
                0x0000000026f1a1bc                nand_read_buf
                0x0000000026f1a22c                nand_write_buf16
                0x0000000026f1a260                nand_read_buf16
                0x0000000026f1c118                nand_wait_ready
                0x0000000026f1cc64                nand_erase_nand
                0x0000000026f1d01c                nand_scan_ident
                0x0000000026f1d7ec                nand_scan_tail
                0x0000000026f1dd8c                nand_scan
                0x0000000026f1ddb0                nand_release
                0x0000000026f1e95c                atmel_nand_chip_init
                0x0000000026f1ed38                board_nand_init
 .text          0x0000000026f1ed64     0x10a8 drivers/mtd/spi/libspi_flash.o
                0x0000000026f1edd8                spi_flash_cmd_read
                0x0000000026f1edf4                spi_flash_cmd
                0x0000000026f1ee20                spi_flash_cmd_write
                0x0000000026f1ee3c                spi_flash_read_common
                0x0000000026f1ee88                spi_flash_cmd_read_fast
                0x0000000026f1eec8                spi_flash_cmd_poll_bit
                0x0000000026f1ef90                spi_flash_cmd_wait_ready
                0x0000000026f1ef9c                spi_flash_cmd_write_multi
                0x0000000026f1f0a4                spi_flash_cmd_erase
                0x0000000026f1f1a0                spi_flash_cmd_write_status
                0x0000000026f1f208                spi_flash_probe
                0x0000000026f1f2f0                spi_flash_free
                0x0000000026f1f62c                dataflash_erase_at45
                0x0000000026f1f73c                dataflash_erase_p2
                0x0000000026f1f9e4                dataflash_erase_block_at25
                0x0000000026f1fa5c                dataflash_erase_at25
                0x0000000026f1fb84                dataflash_write_at25
                0x0000000026f1fc78                spi_flash_probe_atmel
 .text          0x0000000026f1fe0c     0x1030 drivers/net/libnet.o
                0x0000000026f2053c                gmacb_eth_initialize
                0x0000000026f20d10                macb_eth_initialize
 .text          0x0000000026f20e3c        0x0 drivers/pcmcia/libpcmcia.o
 .text          0x0000000026f20e3c        0x0 drivers/rtc/librtc.o
 .text          0x0000000026f20e3c       0xf4 drivers/serial/libserial.o
                0x0000000026f20e3c                serial_setbrg
                0x0000000026f20e68                serial_init
                0x0000000026f20eb0                serial_putc
                0x0000000026f20ee4                serial_puts
                0x0000000026f20f04                serial_getc
                0x0000000026f20f20                serial_tstc
 .text          0x0000000026f20f30      0x1f4 drivers/spi/libspi.o
                0x0000000026f20f30                spi_init
                0x0000000026f20f34                spi_setup_slave
                0x0000000026f21014                spi_free_slave
                0x0000000026f21018                spi_claim_bus
                0x0000000026f21038                spi_release_bus
                0x0000000026f21048                spi_xfer
 .text          0x0000000026f21124     0x17b8 drivers/usb/host/libusb_host.o
                0x0000000026f21538                sohci_submit_job
                0x0000000026f21a5c                rh_check_port_status
                0x0000000026f21aac                submit_common_msg
                0x0000000026f22124                submit_bulk_msg
                0x0000000026f2213c                submit_control_msg
                0x0000000026f226b0                submit_int_msg
                0x0000000026f226cc                usb_lowlevel_init
                0x0000000026f22830                usb_lowlevel_stop
                0x0000000026f22860                usb_cpu_init
                0x0000000026f228a8                usb_cpu_stop
                0x0000000026f228d8                usb_cpu_init_fail
 .text          0x0000000026f228dc      0x2d0 drivers/video/libvideo.o
                0x0000000026f228dc                lcd_ctrl_init
 .text          0x0000000026f22bac     0x19bc fs/fat/libfat.o
                0x0000000026f23380                fat_register_device
                0x0000000026f234ec                do_fat_read_at
                0x0000000026f2402c                do_fat_read
                0x0000000026f24050                file_fat_detectfs
                0x0000000026f241a8                file_fat_ls
                0x0000000026f241b8                file_fat_read_at
                0x0000000026f241fc                file_fat_read
                0x0000000026f24210                file_getfsname
                0x0000000026f24228                file_cd
                0x0000000026f24414                file_detectfs
                0x0000000026f24450                file_ls
                0x0000000026f244d4                file_read
 .text          0x0000000026f24568     0x206c lib/libfdt/libfdt.o
                0x0000000026f24570                fdt_check_header
                0x0000000026f245f0                fdt_offset_ptr
                0x0000000026f2464c                fdt_next_tag
                0x0000000026f24748                _fdt_check_node_offset
                0x0000000026f24780                _fdt_check_prop_offset
                0x0000000026f247b8                fdt_next_node
                0x0000000026f24878                _fdt_find_string
                0x0000000026f248d0                fdt_move
                0x0000000026f249e8                fdt_string
                0x0000000026f24a08                fdt_get_mem_rsv
                0x0000000026f24a60                fdt_num_mem_rsv
                0x0000000026f24a98                fdt_subnode_offset_namelen
                0x0000000026f24b64                fdt_subnode_offset
                0x0000000026f24b94                fdt_get_name
                0x0000000026f24bfc                fdt_first_property_offset
                0x0000000026f24c1c                fdt_next_property_offset
                0x0000000026f24c3c                fdt_get_property_by_offset
                0x0000000026f24c9c                fdt_get_property_namelen
                0x0000000026f24d4c                fdt_get_property
                0x0000000026f24d84                fdt_getprop_namelen
                0x0000000026f24da0                fdt_getprop_by_offset
                0x0000000026f24dec                fdt_getprop
                0x0000000026f24e24                fdt_get_phandle
                0x0000000026f24e9c                fdt_get_alias_namelen
                0x0000000026f24ee4                fdt_path_offset
                0x0000000026f24fc8                fdt_get_alias
                0x0000000026f24ff0                fdt_get_path
                0x0000000026f25128                fdt_supernode_atdepth_offset
                0x0000000026f251e0                fdt_node_depth
                0x0000000026f25204                fdt_parent_offset
                0x0000000026f25234                fdt_node_offset_by_prop_value
                0x0000000026f252d0                fdt_node_offset_by_phandle
                0x0000000026f25344                fdt_node_check_compatible
                0x0000000026f253d0                fdt_node_offset_by_compatible
                0x0000000026f25830                fdt_add_mem_rsv
                0x0000000026f258a4                fdt_del_mem_rsv
                0x0000000026f258fc                fdt_set_name
                0x0000000026f25980                fdt_setprop
                0x0000000026f25b3c                fdt_delprop
                0x0000000026f25ba0                fdt_add_subnode_namelen
                0x0000000026f25c94                fdt_add_subnode
                0x0000000026f25cc4                fdt_del_node
                0x0000000026f25d1c                fdt_open_into
                0x0000000026f25ec8                fdt_pack
                0x0000000026f25f24                fdt_strerror
                0x0000000026f260b0                fdt_create
                0x0000000026f26128                fdt_add_reservemap_entry
                0x0000000026f261b8                fdt_finish_reservemap
                0x0000000026f261d0                fdt_begin_node
                0x0000000026f26238                fdt_end_node
                0x0000000026f26270                fdt_property
                0x0000000026f263a4                fdt_finish
                0x0000000026f264c4                fdt_setprop_inplace
                0x0000000026f26508                fdt_nop_property
                0x0000000026f26544                _fdt_node_end_offset
                0x0000000026f26584                fdt_nop_node
 .text          0x0000000026f265d4     0x5670 lib/libgeneric.o
                0x0000000026f265d4                cyg_crc16
                0x0000000026f26618                crc32_no_comp
                0x0000000026f266f8                crc32
                0x0000000026f2670c                crc32_wd
                0x0000000026f26710                crc7
                0x0000000026f26738                display_options
                0x0000000026f26758                print_size
                0x0000000026f26890                print_buffer
                0x0000000026f26a10                __div64_32
                0x0000000026f26aec                gzfree
                0x0000000026f26af4                gzalloc
                0x0000000026f26b04                zunzip
                0x0000000026f26c10                gunzip
                0x0000000026f26d20                hcreate_r
                0x0000000026f26dd4                hdestroy_r
                0x0000000026f26e74                hstrstr_r
                0x0000000026f26f20                hmatch_r
                0x0000000026f26fc0                hsearch_r
                0x0000000026f272b0                hdelete_r
                0x0000000026f27364                hexport_r
                0x0000000026f275fc                himport_r
                0x0000000026f27998                ldiv
                0x0000000026f27bb8                lmb_dump_all
                0x0000000026f27bbc                lmb_init
                0x0000000026f27be4                lmb_add
                0x0000000026f27be8                lmb_free
                0x0000000026f27cf4                lmb_reserve
                0x0000000026f27cfc                lmb_overlaps_region
                0x0000000026f27d5c                __lmb_alloc_base
                0x0000000026f27e6c                lmb_alloc_base
                0x0000000026f27ea0                lmb_alloc
                0x0000000026f27ea8                lmb_is_reserved
                0x0000000026f27ef8                board_lmb_reserve
                0x0000000026f27ef8                __board_lmb_reserve
                0x0000000026f27efc                __arch_lmb_reserve
                0x0000000026f28adc                md5
                0x0000000026f28b44                md5_wd
                0x0000000026f28bac                string_to_ip
                0x0000000026f28c0c                qsort
                0x0000000026f28cec                strcmp_compar
                0x0000000026f2a228                sha1_starts
                0x0000000026f2a274                sha1_update
                0x0000000026f2a32c                sha1_finish
                0x0000000026f2a46c                sha1_csum
                0x0000000026f2a4ac                sha1_csum_wd
                0x0000000026f2a4ec                sha1_hmac
                0x0000000026f2a614                sha1_self_test
                0x0000000026f2a61c                strcpy
                0x0000000026f2a638                strncpy
                0x0000000026f2a65c                strcat
                0x0000000026f2a68c                strncat
                0x0000000026f2a6e0                strcmp
                0x0000000026f2a70c                strncmp
                0x0000000026f2a74c                strchr
                0x0000000026f2a780                skip_spaces
                0x0000000026f2a7a8                strlen
                0x0000000026f2a7c8                strim
                0x0000000026f2a828                strrchr
                0x0000000026f2a864                strnlen
                0x0000000026f2a894                strdup
                0x0000000026f2a8cc                strspn
                0x0000000026f2a914                strpbrk
                0x0000000026f2a950                strtok
                0x0000000026f2a9d4                strsep
                0x0000000026f2aa08                strswab
                0x0000000026f2aa54                memset
                0x0000000026f2aac0                bcopy
                0x0000000026f2aae4                memcpy
                0x0000000026f2ab4c                memmove
                0x0000000026f2abac                memcmp
                0x0000000026f2abe0                memscan
                0x0000000026f2ac04                strstr
                0x0000000026f2ac68                memchr
                0x0000000026f2ac98                strmhz
                0x0000000026f2ad04                udelay
                0x0000000026f2ad34                mdelay
                0x0000000026f2b8b0                simple_strtoul
                0x0000000026f2b970                strict_strtoul
                0x0000000026f2b9e8                simple_strtol
                0x0000000026f2ba10                ustrtoul
                0x0000000026f2ba80                simple_strtoull
                0x0000000026f2bb6c                vsprintf
                0x0000000026f2bb70                sprintf
                0x0000000026f2bb94                panic
                0x0000000026f2bbd8                __assert_fail
                0x0000000026f2bbec                simple_itoa
 .text          0x0000000026f2bc44     0x26c8 lib/zlib/libz.o
                0x0000000026f2bc44                zcfree
                0x0000000026f2bc4c                zcalloc
                0x0000000026f2bc54                inflate_fast
                0x0000000026f2c1fc                inflate_table
                0x0000000026f2c7b0                inflateReset
                0x0000000026f2c82c                inflateInit2_
                0x0000000026f2c930                inflateInit_
                0x0000000026f2c944                inflateEnd
                0x0000000026f2c9a8                adler32
                0x0000000026f2cce4                inflate
 .text          0x0000000026f2e30c     0x3cb8 net/libnet.o
                0x0000000026f2e30c                ArpInit
                0x0000000026f2e338                arp_raw_request
                0x0000000026f2e3f8                ArpRequest
                0x0000000026f2e470                ArpTimeoutCheck
                0x0000000026f2e4e0                ArpReceive
                0x0000000026f2ed6c                BootpRequest
                0x0000000026f2f014                DhcpRequest
                0x0000000026f2f060                cpu_eth_init
                0x0000000026f2f0c8                eth_parse_enetaddr
                0x0000000026f2f11c                eth_getenv_enetaddr
                0x0000000026f2f13c                eth_setenv_enetaddr
                0x0000000026f2f170                eth_getenv_enetaddr_by_index
                0x0000000026f2f1c0                eth_get_dev_by_name
                0x0000000026f2f248                eth_get_dev_by_index
                0x0000000026f2f280                eth_get_dev_index
                0x0000000026f2f29c                eth_write_hwaddr
                0x0000000026f2f418                eth_register
                0x0000000026f2f484                eth_unregister
                0x0000000026f2f520                eth_initialize
                0x0000000026f2f6e0                eth_halt
                0x0000000026f2f710                eth_send
                0x0000000026f2f748                eth_rx
                0x0000000026f2f774                eth_try_another
                0x0000000026f2f7f4                eth_init
                0x0000000026f2f8bc                eth_set_current
                0x0000000026f2f950                eth_get_name
                0x0000000026f2f9bc                net_auto_load
                0x0000000026f2fa1c                NetStartAgain
                0x0000000026f2fb3c                net_get_udp_handler
                0x0000000026f2fb4c                net_set_udp_handler
                0x0000000026f2fb6c                net_get_arp_handler
                0x0000000026f2fb7c                net_set_arp_handler
                0x0000000026f2fb9c                NetSetTimeout
                0x0000000026f2fbd8                NetCksum
                0x0000000026f2fc10                NetCksumOk
                0x0000000026f2fc30                NetReceive
                0x0000000026f2fe98                NetEthHdrSize
                0x0000000026f2fed0                NetSetEther
                0x0000000026f2ff6c                net_update_ether
                0x0000000026f2ffe4                net_set_ip_header
                0x0000000026f3006c                net_set_udp_header
                0x0000000026f300f4                NetSendUDPPacket
                0x0000000026f30200                copy_filename
                0x0000000026f3024c                random_port
                0x0000000026f30264                ip_to_string
                0x0000000026f30298                VLAN_to_string
                0x0000000026f302dc                string_to_VLAN
                0x0000000026f30324                getenv_VLAN
                0x0000000026f303e4                net_init
                0x0000000026f30450                NetLoop
                0x0000000026f313a4                NfsStart
                0x0000000026f315f4                ping_start
                0x0000000026f31710                ping_receive
                0x0000000026f31cdc                TftpStart
 .text          0x0000000026f31fc4      0x1fc board/sdsIndustries/controller/libcontroller.o
                0x0000000026f31fc4                sama5d3xek_nand_hw_init
                0x0000000026f32014                lcd_enable
                0x0000000026f32024                lcd_disable
                0x0000000026f32034                lcd_show_board_info
                0x0000000026f3206c                board_early_init_f
                0x0000000026f3207c                board_init
                0x0000000026f32114                dram_init
                0x0000000026f32134                reset_phy
                0x0000000026f32138                board_eth_init
                0x0000000026f3218c                spi_cs_is_valid
                0x0000000026f321a0                spi_cs_activate
                0x0000000026f321b0                spi_cs_deactivate
 .text          0x0000000026f321c0       0x24 /home/scott/controller/tap-uboot/arch/arm/lib/eabi_compat.o
                0x0000000026f321c0                raise
                0x0000000026f321dc                __aeabi_unwind_cpp_pr0
                0x0000000026f321e0                __aeabi_unwind_cpp_pr1
 .text          0x0000000026f321e4      0x20c /usr/lib/gcc-cross/arm-linux-gnueabi/4.7/libgcc.a(_udivsi3.o)
                0x0000000026f321e4                __udivsi3
                0x0000000026f321e4                __aeabi_uidiv
                0x0000000026f323d0                __aeabi_uidivmod
 .text          0x0000000026f323f0      0x240 /usr/lib/gcc-cross/arm-linux-gnueabi/4.7/libgcc.a(_divsi3.o)
                0x0000000026f323f0                __aeabi_idiv
                0x0000000026f323f0                __divsi3
                0x0000000026f32610                __aeabi_idivmod
 .text          0x0000000026f32630       0x1c /usr/lib/gcc-cross/arm-linux-gnueabi/4.7/libgcc.a(_lshrdi3.o)
                0x0000000026f32630                __aeabi_llsr
                0x0000000026f32630                __lshrdi3
 .text          0x0000000026f3264c       0x1c /usr/lib/gcc-cross/arm-linux-gnueabi/4.7/libgcc.a(_ashrdi3.o)
                0x0000000026f3264c                __ashrdi3
                0x0000000026f3264c                __aeabi_lasr
 .text          0x0000000026f32668       0x1c /usr/lib/gcc-cross/arm-linux-gnueabi/4.7/libgcc.a(_ashldi3.o)
                0x0000000026f32668                __ashldi3
                0x0000000026f32668                __aeabi_llsl
 .text          0x0000000026f32684       0x10 /usr/lib/gcc-cross/arm-linux-gnueabi/4.7/libgcc.a(_dvmd_lnx.o)
                0x0000000026f32684                __aeabi_ldiv0
                0x0000000026f32684                __aeabi_idiv0

.glue_7         0x0000000026f32694        0x0
 .glue_7        0x0000000000000000        0x0 linker stubs

.glue_7t        0x0000000026f32694        0x0
 .glue_7t       0x0000000000000000        0x0 linker stubs

.vfp11_veneer   0x0000000026f32694        0x0
 .vfp11_veneer  0x0000000000000000        0x0 linker stubs

.v4_bx          0x0000000026f32694        0x0
 .v4_bx         0x0000000000000000        0x0 linker stubs

.iplt           0x0000000026f32694        0x0
 .iplt          0x0000000000000000        0x0 arch/arm/cpu/armv7/start.o
                0x0000000026f32694                . = ALIGN (0x4)

.rodata         0x0000000026f32694     0xcbdd
 *(SORT(.rodata*))
 .rodata        0x0000000026f32694       0x80 arch/arm/lib/libarm.o
 .rodata        0x0000000026f32714     0x15bc common/libcommon.o
                0x0000000026f32808                version_string
                0x0000000026f32855                default_environment
 .rodata        0x0000000026f33cd0       0x10 disk/libdisk.o
 .rodata        0x0000000026f33ce0      0x8d0 drivers/mtd/nand/libnand.o
                0x0000000026f33cfc                nand_manuf_ids
                0x0000000026f33d4c                nand_flash_ids
 .rodata        0x0000000026f345b0       0x60 drivers/mtd/spi/libspi_flash.o
 .rodata        0x0000000026f34610       0x80 drivers/usb/host/libusb_host.o
 .rodata        0x0000000026f34690       0x18 fs/fat/libfat.o
 .rodata        0x0000000026f346a8       0x34 lib/libfdt/libfdt.o
 .rodata        0x0000000026f346dc      0x867 lib/libgeneric.o
                0x0000000026f34cdc                crc7_syndrome_table
                0x0000000026f34ddc                _ctype
                0x0000000026f34f32                hex_asc
 *fill*         0x0000000026f34f43        0x1 
 .rodata        0x0000000026f34f44      0x9cc lib/zlib/libz.o
                0x0000000026f358e8                z_errmsg
 .rodata        0x0000000026f35910       0x16 arch/arm/cpu/armv7/libarmv7.o
 .rodata        0x0000000026f35926       0x70 drivers/input/libinput.o
 .rodata        0x0000000026f35996        0xe drivers/video/libvideo.o
 .rodata        0x0000000026f359a4       0x22 net/libnet.o
 .rodata.str1.1
                0x0000000026f359c6       0x92 arch/arm/cpu/armv7/at91/libat91.o
 .rodata.str1.1
                0x0000000026f35a58       0x65 arch/arm/cpu/armv7/libarmv7.o
 .rodata.str1.1
                0x0000000026f35abd      0x3ab arch/arm/lib/libarm.o
                                        0x3c4 (size before relaxing)
 .rodata.str1.1
                0x0000000026f35e68     0x68cd common/libcommon.o
                                       0x6eb3 (size before relaxing)
 .rodata.str1.1
                0x0000000026f3c735      0x3de disk/libdisk.o
                                        0x414 (size before relaxing)
 .rodata.str1.1
                0x0000000000000000        0x6 drivers/input/libinput.o
 .rodata.str1.1
                0x0000000026f3cb13      0xe85 drivers/mtd/nand/libnand.o
                                        0xee1 (size before relaxing)
 .rodata.str1.1
                0x0000000026f3d998       0xbf drivers/mtd/spi/libspi_flash.o
                                         0xc1 (size before relaxing)
 .rodata.str1.1
                0x0000000026f3da57      0x1c6 drivers/net/libnet.o
                                        0x312 (size before relaxing)
 .rodata.str1.1
                0x0000000026f3dc1d      0x7dd drivers/usb/host/libusb_host.o
 .rodata.str1.1
                0x0000000026f3e3fa        0xf drivers/video/libvideo.o
                                         0x31 (size before relaxing)
 .rodata.str1.1
                0x0000000026f3e409      0x1cf fs/fat/libfat.o
                                        0x204 (size before relaxing)
 .rodata.str1.1
                0x0000000026f3e5d8       0xfc lib/libfdt/libfdt.o
                                        0x11b (size before relaxing)
 .rodata.str1.1
                0x0000000026f3e6d4      0x1dd lib/libgeneric.o
                                        0x1f7 (size before relaxing)
 .rodata.str1.1
                0x0000000026f3e8b1      0x21c lib/zlib/libz.o
                                        0x21d (size before relaxing)
 .rodata.str1.1
                0x0000000026f3eacd      0x754 net/libnet.o
                                        0x8ec (size before relaxing)
 .rodata.str1.1
                0x0000000026f3f221       0x35 board/sdsIndustries/controller/libcontroller.o
 .rodata.str1.1
                0x0000000026f3f256       0x1b /home/scott/controller/tap-uboot/arch/arm/lib/eabi_compat.o

.hash           0x0000000026f3f274       0x48
 .hash          0x0000000026f3f274       0x48 arch/arm/cpu/armv7/start.o
                0x0000000026f3f2bc                . = ALIGN (0x4)

.data           0x0000000026f3f2bc     0x6674
 *(.data)
 .data          0x0000000026f3f2bc        0x0 arch/arm/cpu/armv7/start.o
 .data          0x0000000026f3f2bc        0x0 arch/arm/cpu/armv7/at91/libat91.o
 .data          0x0000000026f3f2bc        0x0 arch/arm/cpu/armv7/libarmv7.o
 .data          0x0000000026f3f2bc       0x2c arch/arm/lib/libarm.o
                0x0000000026f3f2bc                init_sequence
 .data          0x0000000026f3f2e8     0x58e8 common/libcommon.o
                0x0000000026f3f4f0                load_addr
                0x0000000026f3f90c                env_htab
                0x0000000026f3f91c                env_name_spec
                0x0000000026f3f9b8                bmp_logo_palette
                0x0000000026f3fb98                bmp_logo_bitmap
                0x0000000026f44bc4                stdio_names
 .data          0x0000000026f44bd0        0x0 disk/libdisk.o
 .data          0x0000000026f44bd0        0x0 drivers/gpio/libgpio.o
 .data          0x0000000026f44bd0       0xc6 drivers/input/libinput.o
 *fill*         0x0000000026f44c96        0x2 
 .data          0x0000000026f44c98      0x9e8 drivers/mtd/nand/libnand.o
                0x0000000026f44c98                nand_curr_device
 .data          0x0000000026f45680        0x0 drivers/mtd/spi/libspi_flash.o
 .data          0x0000000026f45680        0x0 drivers/net/libnet.o
 .data          0x0000000026f45680        0x0 drivers/pcmcia/libpcmcia.o
 .data          0x0000000026f45680        0x0 drivers/rtc/librtc.o
 .data          0x0000000026f45680        0x0 drivers/serial/libserial.o
 .data          0x0000000026f45680        0x0 drivers/spi/libspi.o
 .data          0x0000000026f45680       0x4b drivers/usb/host/libusb_host.o
 .data          0x0000000026f456cb        0x0 drivers/video/libvideo.o
 *fill*         0x0000000026f456cb        0x1 
 .data          0x0000000026f456cc      0x204 fs/fat/libfat.o
                0x0000000026f456cc                file_cwd
 .data          0x0000000026f458d0        0x0 lib/libfdt/libfdt.o
 .data          0x0000000026f458d0        0x0 lib/libgeneric.o
 .data          0x0000000026f458d0        0x0 lib/zlib/libz.o
 .data          0x0000000026f458d0       0x28 net/libnet.o
                0x0000000026f458d0                NetOurVLAN
                0x0000000026f458d2                NetOurNativeVLAN
                0x0000000026f458d4                NetBcastAddr
                0x0000000026f458f0                TftpRRQTimeoutCountMax
                0x0000000026f458f4                TftpRRQTimeoutMSecs
 .data          0x0000000026f458f8       0x38 board/sdsIndustries/controller/libcontroller.o
                0x0000000026f458f8                panel_info
 .data          0x0000000026f45930        0x0 /home/scott/controller/tap-uboot/arch/arm/lib/eabi_compat.o
 .data          0x0000000026f45930        0x0 /usr/lib/gcc-cross/arm-linux-gnueabi/4.7/libgcc.a(_udivsi3.o)
 .data          0x0000000026f45930        0x0 /usr/lib/gcc-cross/arm-linux-gnueabi/4.7/libgcc.a(_divsi3.o)
 .data          0x0000000026f45930        0x0 /usr/lib/gcc-cross/arm-linux-gnueabi/4.7/libgcc.a(_lshrdi3.o)
 .data          0x0000000026f45930        0x0 /usr/lib/gcc-cross/arm-linux-gnueabi/4.7/libgcc.a(_ashrdi3.o)
 .data          0x0000000026f45930        0x0 /usr/lib/gcc-cross/arm-linux-gnueabi/4.7/libgcc.a(_ashldi3.o)
 .data          0x0000000026f45930        0x0 /usr/lib/gcc-cross/arm-linux-gnueabi/4.7/libgcc.a(_dvmd_lnx.o)

.got            0x0000000026f45930        0x0
 .got           0x0000000000000000        0x0 arch/arm/cpu/armv7/start.o

.got.plt        0x0000000026f45930        0xc
 .got.plt       0x0000000026f45930        0xc arch/arm/cpu/armv7/start.o
                0x0000000026f45930                _GLOBAL_OFFSET_TABLE_

.igot.plt       0x0000000026f4593c        0x0
 .igot.plt      0x0000000000000000        0x0 arch/arm/cpu/armv7/start.o
                0x0000000026f4593c                . = ALIGN (0x4)
                0x0000000026f4593c                . = .
                0x0000000026f4593c                __u_boot_cmd_start = .

.u_boot_cmd     0x0000000026f4593c      0x620
 *(.u_boot_cmd)
 .u_boot_cmd    0x0000000026f4593c      0x620 common/libcommon.o
                0x0000000026f4593c                __u_boot_cmd_reset
                0x0000000026f45958                __u_boot_cmd_go
                0x0000000026f45974                __u_boot_cmd_bootz
                0x0000000026f45990                __u_boot_cmd_bootd
                0x0000000026f459ac                __u_boot_cmd_boot
                0x0000000026f459c8                __u_boot_cmd_bootm
                0x0000000026f459e4                __u_boot_cmd_coninfo
                0x0000000026f45a00                __u_boot_cmd_echo
                0x0000000026f45a1c                __u_boot_cmd_exit
                0x0000000026f45a38                __u_boot_cmd_fatinfo
                0x0000000026f45a54                __u_boot_cmd_fatls
                0x0000000026f45a70                __u_boot_cmd_fatload
                0x0000000026f45a8c                __u_boot_cmd_fdt
                0x0000000026f45aa8                __u_boot_cmd_protect
                0x0000000026f45ac4                __u_boot_cmd_erase
                0x0000000026f45ae0                __u_boot_cmd_flinfo
                0x0000000026f45afc                __u_boot_cmd_question_mark
                0x0000000026f45b18                __u_boot_cmd_help
                0x0000000026f45b34                __u_boot_cmd_itest
                0x0000000026f45b50                __u_boot_cmd_loady
                0x0000000026f45b6c                __u_boot_cmd_loadb
                0x0000000026f45b88                __u_boot_cmd_mtest
                0x0000000026f45ba4                __u_boot_cmd_loop
                0x0000000026f45bc0                __u_boot_cmd_base
                0x0000000026f45bdc                __u_boot_cmd_crc32
                0x0000000026f45bf8                __u_boot_cmd_cmp
                0x0000000026f45c14                __u_boot_cmd_cp
                0x0000000026f45c30                __u_boot_cmd_mw
                0x0000000026f45c4c                __u_boot_cmd_nm
                0x0000000026f45c68                __u_boot_cmd_mm
                0x0000000026f45c84                __u_boot_cmd_md
                0x0000000026f45ca0                __u_boot_cmd_sleep
                0x0000000026f45cbc                __u_boot_cmd_nboot
                0x0000000026f45cd8                __u_boot_cmd_nand
                0x0000000026f45cf4                __u_boot_cmd_ping
                0x0000000026f45d10                __u_boot_cmd_nfs
                0x0000000026f45d2c                __u_boot_cmd_dhcp
                0x0000000026f45d48                __u_boot_cmd_tftpboot
                0x0000000026f45d64                __u_boot_cmd_bootp
                0x0000000026f45d80                __u_boot_cmd_run
                0x0000000026f45d9c                __u_boot_cmd_setenv
                0x0000000026f45db8                __u_boot_cmd_printenv
                0x0000000026f45dd4                __u_boot_cmd_editenv
                0x0000000026f45df0                __u_boot_cmd_env
                0x0000000026f45e0c                __u_boot_cmd_saveenv
                0x0000000026f45e28                __u_boot_cmd_sf
                0x0000000026f45e44                __u_boot_cmd_source
                0x0000000026f45e60                __u_boot_cmd_true
                0x0000000026f45e7c                __u_boot_cmd_false
                0x0000000026f45e98                __u_boot_cmd_test
                0x0000000026f45eb4                __u_boot_cmd_usbboot
                0x0000000026f45ed0                __u_boot_cmd_usb
                0x0000000026f45eec                __u_boot_cmd_version
                0x0000000026f45f08                __u_boot_cmd_imxtract
                0x0000000026f45f24                __u_boot_cmd_showvar
                0x0000000026f45f40                __u_boot_cmd_cls
                0x0000000026f45f5c                __u_boot_cmd_end = .
                0x0000000026f45f5c                . = ALIGN (0x4)
                0x0000000026f45f5c                __image_copy_end = .

.rel.dyn        0x0000000026f45f5c     0x5fe0
                0x0000000026f45f5c                __rel_dyn_start = .
 *(.rel*)
 .rel.got       0x0000000000000000        0x0 arch/arm/cpu/armv7/start.o
 .rel.plt       0x0000000000000000        0x0 arch/arm/cpu/armv7/start.o
 .rel.iplt      0x0000000000000000        0x0 arch/arm/cpu/armv7/start.o
 .rel.text      0x0000000026f45f5c     0x44d8 arch/arm/cpu/armv7/start.o
 .rel.rodata    0x0000000026f4a434      0x8f8 arch/arm/cpu/armv7/start.o
 .rel.data      0x0000000026f4ad2c      0xb00 arch/arm/cpu/armv7/start.o
 .rel.u_boot_cmd
                0x0000000026f4b82c      0x710 arch/arm/cpu/armv7/start.o
                0x0000000026f4bf3c                __rel_dyn_end = .

.dynsym         0x0000000026f4bf3c       0xd0
                0x0000000026f4bf3c                __dynsym_start = .
 *(.dynsym)
 .dynsym        0x0000000026f4bf3c       0xd0 arch/arm/cpu/armv7/start.o
                0x0000000026f4c00c                _end = .
                0x0000000026f4d000                . = ALIGN (0x1000)

.mmutable
 *(.mmutable)

.bss            0x0000000026f45f5c    0x42674
                0x0000000026f45f5c                __bss_start = .
 *(.bss)
 .bss           0x0000000026f45f5c        0x0 arch/arm/cpu/armv7/start.o
 .bss           0x0000000026f45f5c        0x0 arch/arm/cpu/armv7/at91/libat91.o
 .bss           0x0000000026f45f5c        0x0 arch/arm/cpu/armv7/libarmv7.o
 .bss           0x0000000026f45f5c        0x4 arch/arm/lib/libarm.o
                0x0000000026f45f5c                monitor_flash_len
 *fill*         0x0000000026f45f60       0x20 
 .bss           0x0000000026f45f80     0xdb3c common/libcommon.o
                0x0000000026f45f80                images
                0x0000000026f460d8                working_fdt
                0x0000000026f464e8                his_pad_count
                0x0000000026f464ec                his_pad_char
                0x0000000026f46505                his_eol
                0x0000000026f4650c                os_data_init
                0x0000000026f4651c                os_data_char
                0x0000000026f46520                his_quote
                0x0000000026f46524                send_ptr
                0x0000000026f46528                send_parms
                0x0000000026f46558                save_size
                0x0000000026f4655c                save_addr
                0x0000000026f4686c                mem_malloc_brk
                0x0000000026f46870                mem_malloc_start
                0x0000000026f46874                mem_malloc_end
                0x0000000026f468b4                env_ptr
                0x0000000026f469ec                last_return_code
                0x0000000026f46af4                nesting_level
                0x0000000026f46af8                lcd_is_enabled
                0x0000000026f46b08                hist_num
                0x0000000026f46b0c                hist_lines
                0x0000000026f47f20                hist_list
                0x0000000026f47f70                console_buffer
                0x0000000026f480b0                stdio_devices
                0x0000000026f480c0                usb_started
 .bss           0x0000000026f53abc        0x0 disk/libdisk.o
 .bss           0x0000000026f53abc        0x0 drivers/gpio/libgpio.o
 .bss           0x0000000026f53abc        0x0 drivers/input/libinput.o
 *fill*         0x0000000026f53abc        0x4 
 .bss           0x0000000026f53ac0      0x470 drivers/mtd/nand/libnand.o
                0x0000000026f53ac0                nand_info
 .bss           0x0000000026f53f30        0x0 drivers/mtd/spi/libspi_flash.o
 .bss           0x0000000026f53f30        0x0 drivers/net/libnet.o
 .bss           0x0000000026f53f30        0x0 drivers/pcmcia/libpcmcia.o
 .bss           0x0000000026f53f30        0x0 drivers/rtc/librtc.o
 .bss           0x0000000026f53f30        0x0 drivers/serial/libserial.o
 .bss           0x0000000026f53f30        0x0 drivers/spi/libspi.o
 *fill*         0x0000000026f53f30       0xd0 
 .bss           0x0000000026f54000     0x1500 drivers/usb/host/libusb_host.o
                0x0000000026f54000                ptd
                0x0000000026f54150                ohci_dev
                0x0000000026f542e0                devgone
                0x0000000026f542e4                phcca
                0x0000000026f54300                ghcca
                0x0000000026f54400                gtd
 .bss           0x0000000026f55500       0x18 drivers/video/libvideo.o
                0x0000000026f55500                console_row
                0x0000000026f55502                console_col
                0x0000000026f55504                lcd_console_address
                0x0000000026f55508                lcd_base
                0x0000000026f5550c                lcd_color_bg
                0x0000000026f55510                lcd_color_fg
                0x0000000026f55514                lcd_line_length
 *fill*         0x0000000026f55518       0x28 
 .bss           0x0000000026f55540    0x300c0 fs/fat/libfat.o
                0x0000000026f555c0                get_contents_vfatname_block
                0x0000000026f65600                do_fat_read_at_block
                0x0000000026f75600                get_dentfromdir_block
 .bss           0x0000000026f85600        0x0 lib/libfdt/libfdt.o
 .bss           0x0000000026f85600       0x1e lib/libgeneric.o
                0x0000000026f85600                errno
                0x0000000026f85604                ___strtok
 .bss           0x0000000026f8561e        0x0 lib/zlib/libz.o
 *fill*         0x0000000026f8561e        0x2 
 .bss           0x0000000026f85620     0x2fb0 net/libnet.o
                0x0000000026f85620                NetArpWaitPacketMAC
                0x0000000026f85624                NetArpWaitPacketIP
                0x0000000026f85628                NetArpWaitReplyIP
                0x0000000026f8562c                NetArpWaitTxPacketSize
                0x0000000026f85630                NetArpTxPacket
                0x0000000026f85634                NetArpPacketBuf
                0x0000000026f85c74                NetArpWaitTimerStart
                0x0000000026f85c78                NetArpWaitTry
                0x0000000026f85c7c                dhcp_leasetime
                0x0000000026f85c80                NetDHCPServerIP
                0x0000000026f85c84                BootpID
                0x0000000026f85c88                dhcp_state
                0x0000000026f85c8c                BootpTry
                0x0000000026f85c90                eth_current
                0x0000000026f85ca8                net_state
                0x0000000026f85cc0                NetRestartWrap
                0x0000000026f85cd0                NetRxPacket
                0x0000000026f85cd4                NetRxPacketLen
                0x0000000026f85cd8                NetOurIP
                0x0000000026f85cdc                NetOurEther
                0x0000000026f85ce4                NetIPID
                0x0000000026f85ce8                NetTxPacket
                0x0000000026f85cec                NetEtherNullAddr
                0x0000000026f85cf8                NetOurGatewayIP
                0x0000000026f85cfc                NetOurSubnetMask
                0x0000000026f85d00                NetServerIP
                0x0000000026f85d04                PktBuf
                0x0000000026f87b44                NetRxPackets
                0x0000000026f87b54                NetBootFileXferSize
                0x0000000026f87b58                BootFile
                0x0000000026f87bd8                NetServerEther
                0x0000000026f87bde                NetBootFileSize
                0x0000000026f87be0                NetOurRootPath
                0x0000000026f87c20                NetOurHostName
                0x0000000026f87c40                NetOurNISDomain
                0x0000000026f87c60                NetOurDNSIP
                0x0000000026f88514                NetPingIP
 .bss           0x0000000026f885d0        0x0 board/sdsIndustries/controller/libcontroller.o
 .bss           0x0000000026f885d0        0x0 /home/scott/controller/tap-uboot/arch/arm/lib/eabi_compat.o
 .bss           0x0000000026f885d0        0x0 /usr/lib/gcc-cross/arm-linux-gnueabi/4.7/libgcc.a(_udivsi3.o)
 .bss           0x0000000026f885d0        0x0 /usr/lib/gcc-cross/arm-linux-gnueabi/4.7/libgcc.a(_divsi3.o)
 .bss           0x0000000026f885d0        0x0 /usr/lib/gcc-cross/arm-linux-gnueabi/4.7/libgcc.a(_lshrdi3.o)
 .bss           0x0000000026f885d0        0x0 /usr/lib/gcc-cross/arm-linux-gnueabi/4.7/libgcc.a(_ashrdi3.o)
 .bss           0x0000000026f885d0        0x0 /usr/lib/gcc-cross/arm-linux-gnueabi/4.7/libgcc.a(_ashldi3.o)
 .bss           0x0000000026f885d0        0x0 /usr/lib/gcc-cross/arm-linux-gnueabi/4.7/libgcc.a(_dvmd_lnx.o)
                0x0000000026f885d0                . = ALIGN (0x4)
                0x0000000026f885d0                __bss_end__ = .

.dynbss         0x0000000026f4d000        0x0 load address 0x0000000026f885d0
 .dynbss        0x0000000000000000        0x0 arch/arm/cpu/armv7/start.o

/DISCARD/
 *(.dynstr*)
 *(.dynamic*)
 *(.plt*)
 *(.interp*)
 *(.gnu*)
Address of section .text set to 0x26f00000
LOAD arch/arm/cpu/armv7/start.o
START GROUP
LOAD api/libapi.o
LOAD arch/arm/cpu/armv7/at91/libat91.o
LOAD arch/arm/cpu/armv7/libarmv7.o
LOAD arch/arm/lib/libarm.o
LOAD common/libcommon.o
LOAD disk/libdisk.o
LOAD drivers/bios_emulator/libatibiosemu.o
LOAD drivers/block/libblock.o
LOAD drivers/dfu/libdfu.o
LOAD drivers/dma/libdma.o
LOAD drivers/fpga/libfpga.o
LOAD drivers/gpio/libgpio.o
LOAD drivers/hwmon/libhwmon.o
LOAD drivers/i2c/libi2c.o
LOAD drivers/input/libinput.o
LOAD drivers/misc/libmisc.o
LOAD drivers/mmc/libmmc.o
LOAD drivers/mtd/libmtd.o
LOAD drivers/mtd/nand/libnand.o
LOAD drivers/mtd/onenand/libonenand.o
LOAD drivers/mtd/spi/libspi_flash.o
LOAD drivers/mtd/ubi/libubi.o
LOAD drivers/net/libnet.o
LOAD drivers/net/phy/libphy.o
LOAD drivers/pci/libpci.o
LOAD drivers/pcmcia/libpcmcia.o
LOAD drivers/power/libpower.o
LOAD drivers/rtc/librtc.o
LOAD drivers/serial/libserial.o
LOAD drivers/spi/libspi.o
LOAD drivers/twserial/libtws.o
LOAD drivers/usb/eth/libusb_eth.o
LOAD drivers/usb/gadget/libusb_gadget.o
LOAD drivers/usb/host/libusb_host.o
LOAD drivers/usb/musb/libusb_musb.o
LOAD drivers/usb/phy/libusb_phy.o
LOAD drivers/usb/ulpi/libusb_ulpi.o
LOAD drivers/video/libvideo.o
LOAD drivers/watchdog/libwatchdog.o
LOAD fs/cramfs/libcramfs.o
LOAD fs/ext4/libext4fs.o
LOAD fs/fat/libfat.o
LOAD fs/fdos/libfdos.o
LOAD fs/jffs2/libjffs2.o
LOAD fs/reiserfs/libreiserfs.o
LOAD fs/ubifs/libubifs.o
LOAD fs/yaffs2/libyaffs2.o
LOAD fs/zfs/libzfs.o
LOAD lib/libfdt/libfdt.o
LOAD lib/libgeneric.o
LOAD lib/lzma/liblzma.o
LOAD lib/lzo/liblzo.o
LOAD lib/zlib/libz.o
LOAD net/libnet.o
LOAD post/libpost.o
LOAD test/libtest.o
LOAD board/sdsIndustries/controller/libcontroller.o
END GROUP
LOAD /home/scott/controller/tap-uboot/arch/arm/lib/eabi_compat.o
LOAD /usr/lib/gcc-cross/arm-linux-gnueabi/4.7/libgcc.a
LOAD /usr/lib/gcc-cross/arm-linux-gnueabi/4.7/libgcc.a
OUTPUT(u-boot elf32-littlearm)

.ARM.attributes
                0x0000000000000000       0x29
 .ARM.attributes
                0x0000000000000000       0x1d arch/arm/cpu/armv7/start.o
 .ARM.attributes
                0x000000000000001d       0x2d arch/arm/cpu/armv7/at91/libat91.o
 .ARM.attributes
                0x000000000000004a       0x2d arch/arm/cpu/armv7/libarmv7.o
 .ARM.attributes
                0x0000000000000077       0x2d arch/arm/lib/libarm.o
 .ARM.attributes
                0x00000000000000a4       0x2d common/libcommon.o
 .ARM.attributes
                0x00000000000000d1       0x2d disk/libdisk.o
 .ARM.attributes
                0x00000000000000fe       0x2d drivers/gpio/libgpio.o
 .ARM.attributes
                0x000000000000012b       0x2d drivers/input/libinput.o
 .ARM.attributes
                0x0000000000000158       0x2d drivers/mtd/nand/libnand.o
 .ARM.attributes
                0x0000000000000185       0x2d drivers/mtd/spi/libspi_flash.o
 .ARM.attributes
                0x00000000000001b2       0x2d drivers/net/libnet.o
 .ARM.attributes
                0x00000000000001df       0x2d drivers/pcmcia/libpcmcia.o
 .ARM.attributes
                0x000000000000020c       0x2d drivers/rtc/librtc.o
 .ARM.attributes
                0x0000000000000239       0x2d drivers/serial/libserial.o
 .ARM.attributes
                0x0000000000000266       0x2d drivers/spi/libspi.o
 .ARM.attributes
                0x0000000000000293       0x2d drivers/usb/host/libusb_host.o
 .ARM.attributes
                0x00000000000002c0       0x2d drivers/video/libvideo.o
 .ARM.attributes
                0x00000000000002ed       0x2d fs/fat/libfat.o
 .ARM.attributes
                0x000000000000031a       0x2d lib/libfdt/libfdt.o
 .ARM.attributes
                0x0000000000000347       0x2d lib/libgeneric.o
 .ARM.attributes
                0x0000000000000374       0x2d lib/zlib/libz.o
 .ARM.attributes
                0x00000000000003a1       0x2d net/libnet.o
 .ARM.attributes
                0x00000000000003ce       0x2d board/sdsIndustries/controller/libcontroller.o
 .ARM.attributes
                0x00000000000003fb       0x2d /home/scott/controller/tap-uboot/arch/arm/lib/eabi_compat.o
 .ARM.attributes
[...]
 .ARM.attributes
                0x0000000000000498       0x1c /usr/lib/gcc-cross/arm-linux-gnueabi/4.7/libgcc.a(_ashldi3.o)
 .ARM.attributes
                0x00000000000004b4       0x1c /usr/lib/gcc-cross/arm-linux-gnueabi/4.7/libgcc.a(_dvmd_lnx.o)

.comment        0x0000000000000000       0x2b
 .comment       0x0000000000000000       0x2b arch/arm/cpu/armv7/at91/libat91.o
                                         0xdc (size before relaxing)
 .comment       0x0000000000000000       0x84 arch/arm/cpu/armv7/libarmv7.o
 .comment       0x0000000000000000      0x108 arch/arm/lib/libarm.o
 .comment       0x0000000000000000      0x764 common/libcommon.o
 .comment       0x0000000000000000       0x58 disk/libdisk.o
 .comment       0x0000000000000000       0x2c drivers/gpio/libgpio.o
 .comment       0x0000000000000000       0x2c drivers/input/libinput.o
 .comment       0x0000000000000000      0x134 drivers/mtd/nand/libnand.o
 .comment       0x0000000000000000       0x58 drivers/mtd/spi/libspi_flash.o
 .comment       0x0000000000000000       0x58 drivers/net/libnet.o
 .comment       0x0000000000000000       0x58 drivers/pcmcia/libpcmcia.o
 .comment       0x0000000000000000       0x2c drivers/rtc/librtc.o
 .comment       0x0000000000000000       0x2c drivers/serial/libserial.o
 .comment       0x0000000000000000       0x2c drivers/spi/libspi.o
 .comment       0x0000000000000000       0x58 drivers/usb/host/libusb_host.o
 .comment       0x0000000000000000       0x2c drivers/video/libvideo.o
 .comment       0x0000000000000000       0x58 fs/fat/libfat.o
 .comment       0x0000000000000000      0x108 lib/libfdt/libfdt.o
 .comment       0x0000000000000000      0x344 lib/libgeneric.o
 .comment       0x0000000000000000       0x2c lib/zlib/libz.o
 .comment       0x0000000000000000      0x134 net/libnet.o
 .comment       0x0000000000000000       0x2c board/sdsIndustries/controller/libcontroller.o
 .comment       0x0000000000000000       0x2c /home/scott/controller/tap-uboot/arch/arm/lib/eabi_compat.o

.note.GNU-stack
                0x0000000000000000        0x0
 .note.GNU-stack
                0x0000000000000000        0x0 arch/arm/cpu/armv7/at91/libat91.o
 .note.GNU-stack
                0x0000000000000000        0x0 arch/arm/cpu/armv7/libarmv7.o
 .note.GNU-stack
                0x0000000000000000        0x0 arch/arm/lib/libarm.o
 .note.GNU-stack
                0x0000000000000000        0x0 common/libcommon.o
 .note.GNU-stack
                0x0000000000000000        0x0 disk/libdisk.o
 .note.GNU-stack
                0x0000000000000000        0x0 drivers/gpio/libgpio.o
 .note.GNU-stack
                0x0000000000000000        0x0 drivers/input/libinput.o
 .note.GNU-stack
                0x0000000000000000        0x0 drivers/mtd/nand/libnand.o
 .note.GNU-stack
                0x0000000000000000        0x0 drivers/mtd/spi/libspi_flash.o
 .note.GNU-stack
                0x0000000000000000        0x0 drivers/net/libnet.o
 .note.GNU-stack
                0x0000000000000000        0x0 drivers/pcmcia/libpcmcia.o
 .note.GNU-stack
                0x0000000000000000        0x0 drivers/rtc/librtc.o
 .note.GNU-stack
                0x0000000000000000        0x0 drivers/serial/libserial.o
 .note.GNU-stack
                0x0000000000000000        0x0 drivers/spi/libspi.o
 .note.GNU-stack
                0x0000000000000000        0x0 drivers/usb/host/libusb_host.o
 .note.GNU-stack
                0x0000000000000000        0x0 drivers/video/libvideo.o
 .note.GNU-stack
                0x0000000000000000        0x0 fs/fat/libfat.o
 .note.GNU-stack
                0x0000000000000000        0x0 lib/libfdt/libfdt.o
 .note.GNU-stack
                0x0000000000000000        0x0 lib/libgeneric.o
 .note.GNU-stack
                0x0000000000000000        0x0 lib/zlib/libz.o
 .note.GNU-stack
                0x0000000000000000        0x0 net/libnet.o
 .note.GNU-stack
                0x0000000000000000        0x0 board/sdsIndustries/controller/libcontroller.o
 .note.GNU-stack
                0x0000000000000000        0x0 /home/scott/controller/tap-uboot/arch/arm/lib/eabi_compat.o
 .note.GNU-stack
                0x0000000000000000        0x0 /usr/lib/gcc-cross/arm-linux-gnueabi/4.7/libgcc.a(_udivsi3.o)
 .note.GNU-stack
                0x0000000000000000        0x0 /usr/lib/gcc-cross/arm-linux-gnueabi/4.7/libgcc.a(_divsi3.o)
 .note.GNU-stack
                0x0000000000000000        0x0 /usr/lib/gcc-cross/arm-linux-gnueabi/4.7/libgcc.a(_lshrdi3.o)
 .note.GNU-stack
                0x0000000000000000        0x0 /usr/lib/gcc-cross/arm-linux-gnueabi/4.7/libgcc.a(_ashrdi3.o)
 .note.GNU-stack
                0x0000000000000000        0x0 /usr/lib/gcc-cross/arm-linux-gnueabi/4.7/libgcc.a(_ashldi3.o)
 .note.GNU-stack
                0x0000000000000000        0x0 /usr/lib/gcc-cross/arm-linux-gnueabi/4.7/libgcc.a(_dvmd_lnx.o)

.debug_line     0x0000000000000000    0x13c00
 .debug_line    0x0000000000000000       0xd9 arch/arm/cpu/armv7/start.o
 .debug_line    0x00000000000000d9      0x7c6 arch/arm/cpu/armv7/at91/libat91.o
 .debug_line    0x000000000000089f      0x3eb arch/arm/cpu/armv7/libarmv7.o
 .debug_line    0x0000000000000c8a      0x9b5 arch/arm/lib/libarm.o
 .debug_line    0x000000000000163f     0x7d5d common/libcommon.o
 .debug_line    0x000000000000939c      0x4ca disk/libdisk.o
 .debug_line    0x0000000000009866      0x1bf drivers/gpio/libgpio.o
 .debug_line    0x0000000000009a25      0x23b drivers/input/libinput.o
 .debug_line    0x0000000000009c60     0x2435 drivers/mtd/nand/libnand.o
 .debug_line    0x000000000000c095      0x6ca drivers/mtd/spi/libspi_flash.o
 .debug_line    0x000000000000c75f      0x6d2 drivers/net/libnet.o
 .debug_line    0x000000000000ce31      0x184 drivers/pcmcia/libpcmcia.o
 .debug_line    0x000000000000cfb5       0xc2 drivers/rtc/librtc.o
 .debug_line    0x000000000000d077      0x194 drivers/serial/libserial.o
 .debug_line    0x000000000000d20b      0x1f6 drivers/spi/libspi.o
 .debug_line    0x000000000000d401      0x76d drivers/usb/host/libusb_host.o
 .debug_line    0x000000000000db6e      0x22d drivers/video/libvideo.o
 .debug_line    0x000000000000dd9b      0x790 fs/fat/libfat.o
 .debug_line    0x000000000000e52b      0xdf1 lib/libfdt/libfdt.o
 .debug_line    0x000000000000f31c     0x2369 lib/libgeneric.o
 .debug_line    0x0000000000011685      0xb5c lib/zlib/libz.o
 .debug_line    0x00000000000121e1     0x16b7 net/libnet.o
 .debug_line    0x0000000000013898      0x274 board/sdsIndustries/controller/libcontroller.o
 .debug_line    0x0000000000013b0c       0xf4 /home/scott/controller/tap-uboot/arch/arm/lib/eabi_compat.o

.debug_info     0x0000000000000000    0x7741c
 .debug_info    0x0000000000000000       0x62 arch/arm/cpu/armv7/start.o
 .debug_info    0x0000000000000062     0x2c57 arch/arm/cpu/armv7/at91/libat91.o
 .debug_info    0x0000000000002cb9     0x132c arch/arm/cpu/armv7/libarmv7.o
 .debug_info    0x0000000000003fe5     0x3cc5 arch/arm/lib/libarm.o
 .debug_info    0x0000000000007caa    0x34c0a common/libcommon.o
 .debug_info    0x000000000003c8b4     0x1e58 disk/libdisk.o
 .debug_info    0x000000000003e70c     0x144c drivers/gpio/libgpio.o
 .debug_info    0x000000000003fb58      0xfe8 drivers/input/libinput.o
 .debug_info    0x0000000000040b40     0xf298 drivers/mtd/nand/libnand.o
 .debug_info    0x000000000004fdd8     0x2902 drivers/mtd/spi/libspi_flash.o
 .debug_info    0x00000000000526da     0x2c5e drivers/net/libnet.o
 .debug_info    0x0000000000055338      0x566 drivers/pcmcia/libpcmcia.o
 .debug_info    0x000000000005589e      0x2b3 drivers/rtc/librtc.o
 .debug_info    0x0000000000055b51      0x8e3 drivers/serial/libserial.o
 .debug_info    0x0000000000056434      0xa42 drivers/spi/libspi.o
 .debug_info    0x0000000000056e76     0x3454 drivers/usb/host/libusb_host.o
 .debug_info    0x000000000005a2ca      0xa81 drivers/video/libvideo.o
 .debug_info    0x000000000005ad4b     0x29cd fs/fat/libfat.o
 .debug_info    0x000000000005d718     0x5747 lib/libfdt/libfdt.o
 .debug_info    0x0000000000062e5f     0x77c5 lib/libgeneric.o
 .debug_info    0x000000000006a624     0x166a lib/zlib/libz.o
 .debug_info    0x000000000006bc8e     0x9fcd net/libnet.o
 .debug_info    0x0000000000075c5b     0x1473 board/sdsIndustries/controller/libcontroller.o
 .debug_info    0x00000000000770ce      0x34e /home/scott/controller/tap-uboot/arch/arm/lib/eabi_compat.o

.debug_abbrev   0x0000000000000000    0x14dcb
 .debug_abbrev  0x0000000000000000       0x14 arch/arm/cpu/armv7/start.o
 .debug_abbrev  0x0000000000000014      0xa86 arch/arm/cpu/armv7/at91/libat91.o
 .debug_abbrev  0x0000000000000a9a      0x64b arch/arm/cpu/armv7/libarmv7.o
 .debug_abbrev  0x00000000000010e5      0xeaf arch/arm/lib/libarm.o
 .debug_abbrev  0x0000000000001f94     0x8491 common/libcommon.o
 .debug_abbrev  0x000000000000a425      0x717 disk/libdisk.o
 .debug_abbrev  0x000000000000ab3c      0x32f drivers/gpio/libgpio.o
 .debug_abbrev  0x000000000000ae6b      0x3a9 drivers/input/libinput.o
 .debug_abbrev  0x000000000000b214     0x18b1 drivers/mtd/nand/libnand.o
 .debug_abbrev  0x000000000000cac5      0x805 drivers/mtd/spi/libspi_flash.o
 .debug_abbrev  0x000000000000d2ca      0x96b drivers/net/libnet.o
 .debug_abbrev  0x000000000000dc35      0x1aa drivers/pcmcia/libpcmcia.o
 .debug_abbrev  0x000000000000dddf       0xd5 drivers/rtc/librtc.o
 .debug_abbrev  0x000000000000deb4      0x2c6 drivers/serial/libserial.o
 .debug_abbrev  0x000000000000e17a      0x33c drivers/spi/libspi.o
 .debug_abbrev  0x000000000000e4b6      0x62d drivers/usb/host/libusb_host.o
 .debug_abbrev  0x000000000000eae3      0x260 drivers/video/libvideo.o
 .debug_abbrev  0x000000000000ed43      0x759 fs/fat/libfat.o
 .debug_abbrev  0x000000000000f49c      0xe43 lib/libfdt/libfdt.o
 .debug_abbrev  0x00000000000102df     0x2335 lib/libgeneric.o
 .debug_abbrev  0x0000000000012614      0x45b lib/zlib/libz.o
 .debug_abbrev  0x0000000000012a6f     0x1e6e net/libnet.o
 .debug_abbrev  0x00000000000148dd      0x39c board/sdsIndustries/controller/libcontroller.o
 .debug_abbrev  0x0000000000014c79      0x152 /home/scott/controller/tap-uboot/arch/arm/lib/eabi_compat.o

.debug_aranges  0x0000000000000000      0xe80
 .debug_aranges
                0x0000000000000000       0x20 arch/arm/cpu/armv7/start.o
 .debug_aranges
                0x0000000000000020       0xa0 arch/arm/cpu/armv7/at91/libat91.o
 .debug_aranges
                0x00000000000000c0       0x60 arch/arm/cpu/armv7/libarmv7.o
 .debug_aranges
                0x0000000000000120       0xc0 arch/arm/lib/libarm.o
 .debug_aranges
                0x00000000000001e0      0x550 common/libcommon.o
 .debug_aranges
                0x0000000000000730       0x40 disk/libdisk.o
 .debug_aranges
                0x0000000000000770       0x20 drivers/gpio/libgpio.o
 .debug_aranges
                0x0000000000000790       0x20 drivers/input/libinput.o
 .debug_aranges
                0x00000000000007b0       0xd8 drivers/mtd/nand/libnand.o
 .debug_aranges
                0x0000000000000888       0x40 drivers/mtd/spi/libspi_flash.o
 .debug_aranges
                0x00000000000008c8       0x40 drivers/net/libnet.o
 .debug_aranges
                0x0000000000000908       0x30 drivers/pcmcia/libpcmcia.o
 .debug_aranges
                0x0000000000000938       0x18 drivers/rtc/librtc.o
 .debug_aranges
                0x0000000000000950       0x20 drivers/serial/libserial.o
 .debug_aranges
                0x0000000000000970       0x20 drivers/spi/libspi.o
 .debug_aranges
                0x0000000000000990       0x40 drivers/usb/host/libusb_host.o
 .debug_aranges
                0x00000000000009d0       0x20 drivers/video/libvideo.o
 .debug_aranges
                0x00000000000009f0       0x40 fs/fat/libfat.o
 .debug_aranges
                0x0000000000000a30       0xc0 lib/libfdt/libfdt.o
 .debug_aranges
                0x0000000000000af0      0x250 lib/libgeneric.o
 .debug_aranges
                0x0000000000000d40       0x20 lib/zlib/libz.o
 .debug_aranges
                0x0000000000000d60       0xe0 net/libnet.o
 .debug_aranges
                0x0000000000000e40       0x20 board/sdsIndustries/controller/libcontroller.o
 .debug_aranges
                0x0000000000000e60       0x20 /home/scott/controller/tap-uboot/arch/arm/lib/eabi_compat.o

.debug_frame    0x0000000000000000     0x725c
 .debug_frame   0x0000000000000000      0x284 arch/arm/cpu/armv7/at91/libat91.o
 .debug_frame   0x0000000000000284      0x1d0 arch/arm/cpu/armv7/libarmv7.o
 .debug_frame   0x0000000000000454      0x41c arch/arm/lib/libarm.o
 .debug_frame   0x0000000000000870     0x2dbc common/libcommon.o
 .debug_frame   0x000000000000362c      0x1d4 disk/libdisk.o
 .debug_frame   0x0000000000003800      0x150 drivers/gpio/libgpio.o
 .debug_frame   0x0000000000003950       0xd0 drivers/input/libinput.o
 .debug_frame   0x0000000000003a20      0xb20 drivers/mtd/nand/libnand.o
 .debug_frame   0x0000000000004540      0x3b4 drivers/mtd/spi/libspi_flash.o
 .debug_frame   0x00000000000048f4      0x1e4 drivers/net/libnet.o
 .debug_frame   0x0000000000004ad8       0x90 drivers/serial/libserial.o
 .debug_frame   0x0000000000004b68       0x90 drivers/spi/libspi.o
 .debug_frame   0x0000000000004bf8      0x1f8 drivers/usb/host/libusb_host.o
 .debug_frame   0x0000000000004df0       0x30 drivers/video/libvideo.o
 .debug_frame   0x0000000000004e20      0x278 fs/fat/libfat.o
 .debug_frame   0x0000000000005098      0xa6c lib/libfdt/libfdt.o
 .debug_frame   0x0000000000005b04      0xb64 lib/libgeneric.o
 .debug_frame   0x0000000000006668      0x124 lib/zlib/libz.o
 .debug_frame   0x000000000000678c      0x988 net/libnet.o
 .debug_frame   0x0000000000007114      0x100 board/sdsIndustries/controller/libcontroller.o
 .debug_frame   0x0000000000007214       0x48 /home/scott/controller/tap-uboot/arch/arm/lib/eabi_compat.o

.debug_str      0x0000000000000000     0xb4f1
 .debug_str     0x0000000000000000      0x60d arch/arm/cpu/armv7/at91/libat91.o
                                       0x12b9 (size before relaxing)
 .debug_str     0x000000000000060d      0x355 arch/arm/cpu/armv7/libarmv7.o
                                        0x9f9 (size before relaxing)
 .debug_str     0x0000000000000962     0x12a1 arch/arm/lib/libarm.o
                                       0x305a (size before relaxing)
 .debug_str     0x0000000000001c03     0x4a02 common/libcommon.o
                                      0x14d1f (size before relaxing)
 .debug_str     0x0000000000006605      0x268 disk/libdisk.o
                                        0xa3c (size before relaxing)
 .debug_str     0x000000000000686d      0x27f drivers/gpio/libgpio.o
                                        0x4fa (size before relaxing)
 .debug_str     0x0000000000006aec      0x2d4 drivers/input/libinput.o
                                        0x596 (size before relaxing)
 .debug_str     0x0000000000006dc0     0x1071 drivers/mtd/nand/libnand.o
                                       0x4580 (size before relaxing)
 .debug_str     0x0000000000007e31      0x3c8 drivers/mtd/spi/libspi_flash.o
                                        0xa6a (size before relaxing)
 .debug_str     0x00000000000081f9      0x2c2 drivers/net/libnet.o
                                        0xcd0 (size before relaxing)
 .debug_str     0x00000000000084bb       0x4d drivers/pcmcia/libpcmcia.o
                                        0x415 (size before relaxing)
 .debug_str     0x0000000000008508       0x34 drivers/rtc/librtc.o
                                        0x200 (size before relaxing)
 .debug_str     0x000000000000853c       0x9c drivers/serial/libserial.o
                                        0x417 (size before relaxing)
 .debug_str     0x00000000000085d8       0xcb drivers/spi/libspi.o
                                        0x480 (size before relaxing)
 .debug_str     0x00000000000086a3      0x5c8 drivers/usb/host/libusb_host.o
                                        0xfde (size before relaxing)
 .debug_str     0x0000000000008c6b      0x19a drivers/video/libvideo.o
                                        0x641 (size before relaxing)
 .debug_str     0x0000000000008e05      0x528 fs/fat/libfat.o
                                        0xbd8 (size before relaxing)
 .debug_str     0x000000000000932d      0x6c7 lib/libfdt/libfdt.o
                                       0x1619 (size before relaxing)
 .debug_str     0x00000000000099f4      0x6d1 lib/libgeneric.o
                                       0x2988 (size before relaxing)
 .debug_str     0x000000000000a0c5      0x285 lib/zlib/libz.o
                                        0x6c2 (size before relaxing)
 .debug_str     0x000000000000a34a     0x1012 net/libnet.o
                                       0x4fdc (size before relaxing)
 .debug_str     0x000000000000b35c      0x14c board/sdsIndustries/controller/libcontroller.o
                                        0xa1c (size before relaxing)
 .debug_str     0x000000000000b4a8       0x49 /home/scott/controller/tap-uboot/arch/arm/lib/eabi_compat.o
                                        0x24a (size before relaxing)

.debug_loc      0x0000000000000000    0x44b9c
 .debug_loc     0x0000000000000000      0x53b arch/arm/cpu/armv7/at91/libat91.o
 .debug_loc     0x000000000000053b      0x673 arch/arm/cpu/armv7/libarmv7.o
 .debug_loc     0x0000000000000bae      0xd27 arch/arm/lib/libarm.o
 .debug_loc     0x00000000000018d5    0x1b8da common/libcommon.o
 .debug_loc     0x000000000001d1af      0xe0d disk/libdisk.o
 .debug_loc     0x000000000001dfbc      0xad9 drivers/gpio/libgpio.o
 .debug_loc     0x000000000001ea95      0x951 drivers/input/libinput.o
 .debug_loc     0x000000000001f3e6     0x8e28 drivers/mtd/nand/libnand.o
 .debug_loc     0x000000000002820e     0x1fd2 drivers/mtd/spi/libspi_flash.o
 .debug_loc     0x000000000002a1e0     0x166b drivers/net/libnet.o
 .debug_loc     0x000000000002b84b      0x125 drivers/serial/libserial.o
 .debug_loc     0x000000000002b970      0x3c5 drivers/spi/libspi.o
 .debug_loc     0x000000000002bd35     0x255f drivers/usb/host/libusb_host.o
 .debug_loc     0x000000000002e294      0x155 drivers/video/libvideo.o
 .debug_loc     0x000000000002e3e9     0x2209 fs/fat/libfat.o
 .debug_loc     0x00000000000305f2     0x4260 lib/libfdt/libfdt.o
 .debug_loc     0x0000000000034852     0x9581 lib/libgeneric.o
 .debug_loc     0x000000000003ddd3     0x2ba5 lib/zlib/libz.o
 .debug_loc     0x0000000000040978     0x4056 net/libnet.o
 .debug_loc     0x00000000000449ce      0x182 board/sdsIndustries/controller/libcontroller.o
 .debug_loc     0x0000000000044b50       0x4c /home/scott/controller/tap-uboot/arch/arm/lib/eabi_compat.o

.debug_ranges   0x0000000000000000     0x39f8
 .debug_ranges  0x0000000000000000       0xc0 arch/arm/cpu/armv7/at91/libat91.o
 .debug_ranges  0x00000000000000c0       0x60 arch/arm/cpu/armv7/libarmv7.o
 .debug_ranges  0x0000000000000120       0x60 arch/arm/lib/libarm.o
 .debug_ranges  0x0000000000000180     0x16b8 common/libcommon.o
 .debug_ranges  0x0000000000001838       0x60 disk/libdisk.o
 .debug_ranges  0x0000000000001898       0xa8 drivers/gpio/libgpio.o
 .debug_ranges  0x0000000000001940      0x100 drivers/input/libinput.o
 .debug_ranges  0x0000000000001a40      0x978 drivers/mtd/nand/libnand.o
 .debug_ranges  0x00000000000023b8      0x208 drivers/mtd/spi/libspi_flash.o
 .debug_ranges  0x00000000000025c0      0x3a0 drivers/net/libnet.o
 .debug_ranges  0x0000000000002960       0x18 drivers/serial/libserial.o
 .debug_ranges  0x0000000000002978       0x30 drivers/spi/libspi.o
 .debug_ranges  0x00000000000029a8      0x2e0 drivers/usb/host/libusb_host.o
 .debug_ranges  0x0000000000002c88      0x160 fs/fat/libfat.o
 .debug_ranges  0x0000000000002de8      0x2c0 lib/libfdt/libfdt.o
 .debug_ranges  0x00000000000030a8      0x340 lib/libgeneric.o
 .debug_ranges  0x00000000000033e8       0x20 lib/zlib/libz.o
 .debug_ranges  0x0000000000003408      0x5f0 net/libnet.o
