Archive member included because of file (symbol)

/usr/lib/gcc-cross/arm-linux-gnueabi/4.7/libgcc.a(_udivsi3.o)
                              arch/arm/cpu/armv7/at91/libat91.o (__aeabi_uidiv)
/usr/lib/gcc-cross/arm-linux-gnueabi/4.7/libgcc.a(_divsi3.o)
                              common/libcommon.o (__aeabi_idiv)
/usr/lib/gcc-cross/arm-linux-gnueabi/4.7/libgcc.a(_lshrdi3.o)
                              common/libcommon.o (__aeabi_llsr)
/usr/lib/gcc-cross/arm-linux-gnueabi/4.7/libgcc.a(_ashrdi3.o)
                              drivers/mtd/nand/libnand.o (__aeabi_lasr)
/usr/lib/gcc-cross/arm-linux-gnueabi/4.7/libgcc.a(_ashldi3.o)
                              drivers/mmc/libmmc.o (__aeabi_llsl)
/usr/lib/gcc-cross/arm-linux-gnueabi/4.7/libgcc.a(_dvmd_lnx.o)
                              /usr/lib/gcc-cross/arm-linux-gnueabi/4.7/libgcc.a(_udivsi3.o) (__aeabi_idiv0)

Memory Configuration

Name             Origin             Length             Attributes
*default*        0x0000000000000000 0xffffffffffffffff

Linker script and memory map

                0x0000000000000000                . = 0x0
                0x0000000000000000                . = ALIGN (0x4)

.text           0x0000000026f00000    0x348dc
                0x0000000026f00000                __image_copy_start = .
 arch/arm/cpu/armv7/start.o(.text)
 .text          0x0000000026f00000      0x4a0 arch/arm/cpu/armv7/start.o
                0x0000000026f00000                _start
                0x0000000026f00040                _end_vect
                0x0000000026f00040                _TEXT_BASE
                0x0000000026f00044                _bss_start_ofs
                0x0000000026f00048                _image_copy_end_ofs
                0x0000000026f0004c                _bss_end_ofs
                0x0000000026f00050                _end_ofs
                0x0000000026f00054                IRQ_STACK_START_IN
                0x0000000026f00090                relocate_code
                0x0000000026f001b0                save_boot_params
                0x0000000026f001b4                cpu_init_cp15
 *(.text)
 .text          0x0000000026f004a0      0xafc arch/arm/cpu/armv7/at91/libat91.o
                0x0000000026f004a0                has_emac
                0x0000000026f0050c                has_gmac
                0x0000000026f00544                has_lcdc
                0x0000000026f0057c                get_cpu_name
                0x0000000026f0061c                at91_serial0_hw_init
                0x0000000026f0064c                at91_serial1_hw_init
                0x0000000026f0067c                at91_serial2_hw_init
                0x0000000026f006ac                at91_seriald_hw_init
                0x0000000026f006dc                at91_spi0_hw_init
                0x0000000026f007e0                at91_mci_hw_init
                0x0000000026f008d0                at91_macb_hw_init
                0x0000000026f00980                at91_gmacb_hw_init
                0x0000000026f00a80                at91_lcd_hw_init
                0x0000000026f00c70                at91_clock_init
                0x0000000026f00d54                at91_periph_clk_enable
                0x0000000026f00d84                arch_cpu_init
                0x0000000026f00d90                arch_preboot_os
                0x0000000026f00da8                print_cpuinfo
                0x0000000026f00e24                get_chip_id
                0x0000000026f00e34                get_extension_chip_id
                0x0000000026f00e40                reset_cpu
                0x0000000026f00e54                timer_init
                0x0000000026f00e88                get_ticks
                0x0000000026f00ec8                __udelay
                0x0000000026f00f3c                get_timer
                0x0000000026f00f94                get_tbclk
 .text          0x0000000026f00f9c      0x2e0 arch/arm/cpu/armv7/libarmv7.o
                0x0000000026f010ec                invalidate_icache_all
                0x0000000026f01104                __v7_outer_cache_enable
                0x0000000026f01104                v7_outer_cache_enable
                0x0000000026f01108                v7_outer_cache_disable
                0x0000000026f01108                __v7_outer_cache_disable
                0x0000000026f0110c                __v7_outer_cache_flush_all
                0x0000000026f0110c                v7_outer_cache_flush_all
                0x0000000026f01110                flush_dcache_all
                0x0000000026f01124                v7_outer_cache_inval_all
                0x0000000026f01124                __v7_outer_cache_inval_all
                0x0000000026f01128                invalidate_dcache_all
                0x0000000026f0113c                arm_init_before_mmu
                0x0000000026f01164                v7_outer_cache_flush_range
                0x0000000026f01164                __v7_outer_cache_flush_range
                0x0000000026f01168                flush_dcache_range
                0x0000000026f011a4                flush_cache
                0x0000000026f011ac                __v7_outer_cache_inval_range
                0x0000000026f011ac                v7_outer_cache_inval_range
                0x0000000026f011b0                invalidate_dcache_range
                0x0000000026f011ec                cpu_cache_initialization
                0x0000000026f011f0                cleanup_before_linux
                0x0000000026f01218                sdelay
                0x0000000026f01224                sr32
                0x0000000026f01248                wait_on_value
 .text          0x0000000026f0127c      0x8b8 arch/arm/lib/libarm.o
                0x0000000026f0127c                __arch_cpu_init
                0x0000000026f012d0                coloured_LED_init
                0x0000000026f012d0                __coloured_LED_init
                0x0000000026f012d4                __red_led_on
                0x0000000026f012d4                red_led_on
                0x0000000026f012d8                __red_led_off
                0x0000000026f012d8                red_led_off
                0x0000000026f012dc                green_led_on
                0x0000000026f012dc                __green_led_on
                0x0000000026f012e0                green_led_off
                0x0000000026f012e0                __green_led_off
                0x0000000026f012e4                yellow_led_on
                0x0000000026f012e4                __yellow_led_on
                0x0000000026f012e8                __yellow_led_off
                0x0000000026f012e8                yellow_led_off
                0x0000000026f012ec                blue_led_on
                0x0000000026f012ec                __blue_led_on
                0x0000000026f012f0                __blue_led_off
                0x0000000026f012f0                blue_led_off
                0x0000000026f012f4                __dram_init_banksize
                0x0000000026f012f4                dram_init_banksize
                0x0000000026f01310                board_init_r
                0x0000000026f013d0                hang
                0x0000000026f013e4                board_init_f
                0x0000000026f01684                arch_lmb_reserve
                0x0000000026f016a8                do_bootm_linux
                0x0000000026f01700                bootz_setup
                0x0000000026f01744                interrupt_init
                0x0000000026f01760                enable_interrupts
                0x0000000026f01764                disable_interrupts
                0x0000000026f0176c                bad_mode
                0x0000000026f0177c                show_regs
                0x0000000026f018b8                do_undefined_instruction
                0x0000000026f018d8                do_software_interrupt
                0x0000000026f018f8                do_prefetch_abort
                0x0000000026f01918                do_data_abort
                0x0000000026f01938                do_not_used
                0x0000000026f01958                do_fiq
                0x0000000026f01978                do_irq
                0x0000000026f01998                do_reset
                0x0000000026f019c4                __flush_cache
                0x0000000026f019c8                __flush_dcache_all
                0x0000000026f019d4                enable_caches
                0x0000000026f019d4                __enable_caches
                0x0000000026f01a10                __arm_init_before_mmu
                0x0000000026f01aa0                icache_enable
                0x0000000026f01ab8                icache_disable
                0x0000000026f01ad0                icache_status
                0x0000000026f01adc                dcache_enable
                0x0000000026f01b04                dcache_disable
                0x0000000026f01b28                dcache_status
 .text          0x0000000026f01b34    0x15138 common/libcommon.o
                0x0000000026f01b34                do_go_exec
                0x0000000026f01b4c                do_go
                0x0000000026f01c04                do_bootd
                0x0000000026f0269c                __arch_preboot_os
                0x0000000026f026a0                do_bootm_subcommand
                0x0000000026f0291c                do_bootm
                0x0000000026f02bb8                bootm_maybe_autostart
                0x0000000026f02d88                do_coninfo
                0x0000000026f02e40                common_diskboot
                0x0000000026f030ec                do_echo
                0x0000000026f0319c                do_exit
                0x0000000026f031d0                do_fat_fsinfo
                0x0000000026f03260                do_fat_fsload
                0x0000000026f033c8                do_fat_ls
                0x0000000026f03720                set_working_fdt_addr
                0x0000000026f0375c                do_fdt
                0x0000000026f043b4                do_flinfo
                0x0000000026f043bc                do_flerase
                0x0000000026f043c4                do_protect
                0x0000000026f043d4                do_help
                0x0000000026f04490                binary_test
                0x0000000026f0465c                do_itest
                0x0000000026f0484c                send_pad
                0x0000000026f0487c                ktrans
                0x0000000026f048a0                chk1
                0x0000000026f048cc                s1_sendpacket
                0x0000000026f048f4                send_ack
                0x0000000026f04950                send_nack
                0x0000000026f049ac                k_data_init
                0x0000000026f049cc                k_data_save
                0x0000000026f049f0                k_data_restore
                0x0000000026f04a14                k_data_char
                0x0000000026f04a64                handle_send_packet
                0x0000000026f04c44                do_load_serial_bin
                0x0000000026f050b0                do_mem_crc
                0x0000000026f0515c                do_mem_base
                0x0000000026f0519c                do_mem_mtest
                0x0000000026f05340                do_mem_loop
                0x0000000026f05434                do_mem_cp
                0x0000000026f05508                do_mem_cmp
                0x0000000026f0565c                do_mem_mw
                0x0000000026f05718                do_mem_md
                0x0000000026f05950                do_mem_nm
                0x0000000026f05958                do_mem_mm
                0x0000000026f05960                do_sleep
                0x0000000026f059d0                do_mmcops
                0x0000000026f05df8                do_mmcinfo
                0x0000000026f0624c                do_nand
                0x0000000026f06e00                do_nandboot
                0x0000000026f0713c                do_ping
                0x0000000026f07458                do_nfs
                0x0000000026f07464                do_dhcp
                0x0000000026f07470                do_tftpb
                0x0000000026f0747c                do_bootp
                0x0000000026f07818                do_env_save
                0x0000000026f078e4                do_env_print
                0x0000000026f07968                get_env_id
                0x0000000026f07978                env_check_apply
                0x0000000026f07bb4                _do_env_set
                0x0000000026f07d6c                do_env_set
                0x0000000026f07d8c                setenv
                0x0000000026f08038                setenv_ulong
                0x0000000026f08058                setenv_addr
                0x0000000026f0808c                envmatch
                0x0000000026f080f4                getenv_f
                0x0000000026f081c4                getenv
                0x0000000026f08230                getenv_ulong
                0x0000000026f08260                do_env_edit
                0x0000000026f0885c                source
                0x0000000026f08a14                do_source
                0x0000000026f08a84                do_false
                0x0000000026f08a8c                do_true
                0x0000000026f08a94                do_test
                0x0000000026f08f0c                do_usbboot
                0x0000000026f08f18                usb_get_class_desc
                0x0000000026f08fdc                usb_display_class_sub
                0x0000000026f09164                usb_display_string
                0x0000000026f091a8                usb_display_desc
                0x0000000026f092d4                usb_display_conf_desc
                0x0000000026f09380                usb_display_if_desc
                0x0000000026f09408                usb_display_ep_desc
                0x0000000026f094cc                usb_display_config
                0x0000000026f09550                usb_show_tree_graph
                0x0000000026f0977c                usb_show_tree
                0x0000000026f097ac                do_usb
                0x0000000026f09ce4                do_version
                0x0000000026f09d1c                do_imgextract
                0x0000000026f0a0d8                find_cmd_tbl
                0x0000000026f0a17c                find_cmd
                0x0000000026f0a1a4                cmd_usage
                0x0000000026f0a200                _do_help
                0x0000000026f0a384                var_complete
                0x0000000026f0a40c                cmd_auto_complete
                0x0000000026f0a8d4                cmd_get_data_size
                0x0000000026f0a924                cmd_process
                0x0000000026f0aa78                serial_printf
                0x0000000026f0aab8                fgetc
                0x0000000026f0aae4                ftstc
                0x0000000026f0ab10                fputc
                0x0000000026f0ab38                fputs
                0x0000000026f0ab60                fprintf
                0x0000000026f0aba8                getc
                0x0000000026f0abe4                tstc
                0x0000000026f0ac20                putc
                0x0000000026f0ac5c                puts
                0x0000000026f0ac98                printf
                0x0000000026f0ace4                vprintf
                0x0000000026f0ad24                ctrlc
                0x0000000026f0ad74                disable_ctrlc
                0x0000000026f0ad8c                had_ctrlc
                0x0000000026f0ad9c                clear_ctrlc
                0x0000000026f0adb0                dbg
                0x0000000026f0adbc                search_device
                0x0000000026f0adec                console_assign
                0x0000000026f0ae34                console_init_f
                0x0000000026f0ae44                stdio_print_current_devices
                0x0000000026f0aefc                console_init_r
                0x0000000026f0b050                sbrk
                0x0000000026f0b0b4                mem_malloc_init
                0x0000000026f0b0d8                malloc_trim
                0x0000000026f0b19c                free
                0x0000000026f0b3cc                cfree
                0x0000000026f0b3d0                malloc
                0x0000000026f0b9a8                calloc
                0x0000000026f0ba80                memalign
                0x0000000026f0bb8c                pvalloc
                0x0000000026f0bba4                valloc
                0x0000000026f0bbb0                realloc
                0x0000000026f0c06c                malloc_usable_size
                0x0000000026f0c0a8                mallopt
                0x0000000026f0c114                env_get_char_spec
                0x0000000026f0c120                env_get_addr
                0x0000000026f0c140                env_get_char_memory
                0x0000000026f0c150                env_get_char
                0x0000000026f0c180                set_default_env
                0x0000000026f0c23c                set_default_vars
                0x0000000026f0c270                env_import
                0x0000000026f0c350                env_relocate
                0x0000000026f0c380                env_complete
                0x0000000026f0c454                env_init
                0x0000000026f0c470                writeenv
                0x0000000026f0c528                saveenv
                0x0000000026f0c6fc                readenv
                0x0000000026f0c7b8                env_relocate_spec
                0x0000000026f0c954                get_version
                0x0000000026f0c95c                jumptable_init
                0x0000000026f0cd20                fdt_getprop_u32_default
                0x0000000026f0cd68                fdt_find_and_setprop
                0x0000000026f0cdd8                fdt_initrd
                0x0000000026f0cf9c                fdt_chosen
                0x0000000026f0d0a4                do_fixup_by_path
                0x0000000026f0d0f8                do_fixup_by_path_u32
                0x0000000026f0d13c                do_fixup_by_prop
                0x0000000026f0d1d0                do_fixup_by_prop_u32
                0x0000000026f0d22c                do_fixup_by_compat
                0x0000000026f0d2b0                do_fixup_by_compat_u32
                0x0000000026f0d2f4                fdt_fixup_memory_banks
                0x0000000026f0d54c                fdt_fixup_memory
                0x0000000026f0d56c                fdt_fixup_ethernet
                0x0000000026f0d6ac                fdt_resize
                0x0000000026f0d784                fdt_increase_size
                0x0000000026f0d7ac                fdt_del_node_and_alias
                0x0000000026f0d7f0                __of_translate_address
                0x0000000026f0da34                fdt_translate_address
                0x0000000026f0da40                fdt_node_offset_by_compat_reg
                0x0000000026f0dac4                fdt_alloc_phandle
                0x0000000026f0db1c                fdt_set_phandle
                0x0000000026f0db60                fdt_create_phandle
                0x0000000026f0dbc4                fdt_set_node_status
                0x0000000026f0dcd0                fdt_set_status_by_alias
                0x0000000026f0dcfc                fdt_verify_alias_address
                0x0000000026f0ddc8                fdt_get_base_address
                0x0000000026f0de9c                do_showvar
                0x0000000026f0e434                get_local_var
                0x0000000026f0e4bc                set_local_var
                0x0000000026f0e92c                unset_local_var
                0x0000000026f0e9d0                new_pipe
                0x0000000026f0ea40                reserved_word
                0x0000000026f0ed14                mapset
                0x0000000026f0ed3c                update_ifs_map
                0x0000000026f0edc8                parse_string_outer
                0x0000000026f0fcb0                parse_file_outer
                0x0000000026f0fcf4                u_boot_hush_start
                0x0000000026f0fd94                image_check_hcrc
                0x0000000026f0fde4                image_check_dcrc
                0x0000000026f0fe20                image_multi_count
                0x0000000026f0fe40                image_multi_getimg
                0x0000000026f0fec8                getenv_yesno
                0x0000000026f0fef0                getenv_bootm_low
                0x0000000026f0ff20                getenv_bootm_size
                0x0000000026f0ff80                getenv_bootm_mapsize
                0x0000000026f0ffb0                memmove_wd
                0x0000000026f0ffbc                genimg_print_size
                0x0000000026f0ffec                get_table_entry_name
                0x0000000026f10018                genimg_get_os_name
                0x0000000026f10030                genimg_get_arch_name
                0x0000000026f10048                genimg_get_type_name
                0x0000000026f10060                genimg_get_comp_name
                0x0000000026f10078                image_print_contents
                0x0000000026f101f0                get_table_entry_id
                0x0000000026f10240                genimg_get_os_id
                0x0000000026f10258                genimg_get_arch_id
                0x0000000026f10270                genimg_get_type_id
                0x0000000026f10288                genimg_get_comp_id
                0x0000000026f102a0                genimg_get_format
                0x0000000026f102dc                genimg_get_image
                0x0000000026f102e0                genimg_has_config
                0x0000000026f102f0                boot_ramdisk_high
                0x0000000026f10430                boot_fdt_add_mem_rsv_regions
                0x0000000026f104b8                boot_relocate_fdt
                0x0000000026f10650                fit_parse_conf
                0x0000000026f106b4                fit_parse_subimage
                0x0000000026f10718                fit_get_desc
                0x0000000026f10744                fit_get_timestamp
                0x0000000026f10794                fit_image_get_node
                0x0000000026f107ec                fit_image_get_os
                0x0000000026f10824                fit_image_get_arch
                0x0000000026f1085c                fit_image_get_type
                0x0000000026f10894                fit_image_get_comp
                0x0000000026f108cc                fit_image_get_load
                0x0000000026f10908                fit_image_get_entry
                0x0000000026f10944                fit_image_get_data
                0x0000000026f10980                fit_image_hash_get_algo
                0x0000000026f109ac                fit_image_hash_get_value
                0x0000000026f109e8                fit_image_print_hash
                0x0000000026f10ae0                fit_image_print
                0x0000000026f10d94                fit_set_timestamp
                0x0000000026f10e1c                fit_image_check_hashes
                0x0000000026f1107c                fit_all_image_check_hashes
                0x0000000026f1115c                fit_image_check_os
                0x0000000026f11190                fit_image_check_arch
                0x0000000026f111c4                fit_image_check_type
                0x0000000026f111f8                fit_image_check_comp
                0x0000000026f1122c                fit_check_format
                0x0000000026f1126c                fit_conf_get_node
                0x0000000026f112d4                fit_conf_get_kernel_node
                0x0000000026f112e0                fit_conf_get_ramdisk_node
                0x0000000026f112ec                boot_get_ramdisk
                0x0000000026f1184c                fit_conf_get_fdt_node
                0x0000000026f11858                boot_get_fdt
                0x0000000026f11dac                fit_conf_print
                0x0000000026f11eb0                fit_print_contents
                0x0000000026f121e8                lcd_putc
                0x0000000026f1234c                lcd_puts
                0x0000000026f12388                lcd_printf
                0x0000000026f123c0                lcd_setmem
                0x0000000026f12404                bitmap_plot
                0x0000000026f12504                lcd_clear
                0x0000000026f125ac                drv_lcd_init
                0x0000000026f1284c                __show_boot_progress
                0x0000000026f1284c                show_boot_progress
                0x0000000026f12850                readline_into_buffer
                0x0000000026f131ec                readline
                0x0000000026f13208                parse_line
                0x0000000026f13290                run_command
                0x0000000026f13298                run_command_list
                0x0000000026f132f4                main_loop
                0x0000000026f133ec                do_run
                0x0000000026f13460                get_ram_size
                0x0000000026f135dc                srec_decode
                0x0000000026f13838                stdio_get_list
                0x0000000026f13844                stdio_get_by_name
                0x0000000026f13894                stdio_clone
                0x0000000026f138e0                stdio_register
                0x0000000026f13924                stdio_init
                0x0000000026f13a1c                usb_stop
                0x0000000026f13a50                usb_disable_asynch
                0x0000000026f13a70                usb_submit_int_msg
                0x0000000026f13a74                usb_control_msg
                0x0000000026f13d10                usb_bulk_msg
                0x0000000026f13d84                usb_maxpacket
                0x0000000026f13da0                usb_clear_halt
                0x0000000026f13e48                usb_get_configuration_no
                0x0000000026f13ee4                usb_set_interface
                0x0000000026f13fa4                usb_set_protocol
                0x0000000026f13ff8                usb_set_idle
                0x0000000026f14054                usb_get_report
                0x0000000026f140b8                usb_get_class_descriptor
                0x0000000026f1411c                usb_string
                0x0000000026f14224                usb_get_dev_index
                0x0000000026f14250                usb_alloc_new_device
                0x0000000026f142d4                usb_new_device
                0x0000000026f1477c                usb_init
                0x0000000026f14a08                usb_hub_reset
                0x0000000026f14a1c                hub_port_reset
                0x0000000026f14ac8                usb_hub_port_connect_change
                0x0000000026f14e4c                usb_hub_probe
                0x0000000026f15104                usb_stor_read
                0x0000000026f152b0                usb_stor_write
                0x0000000026f1545c                usb_stor_get_dev
                0x0000000026f15480                usb_show_progress
                0x0000000026f15484                usb_stor_info
                0x0000000026f154f4                usb_stor_BBB_comdat
                0x0000000026f155d8                usb_stor_CB_comdat
                0x0000000026f157f4                usb_stor_CBI_get_status
                0x0000000026f158bc                usb_stor_CB_transport
                0x0000000026f15ae0                usb_stor_BBB_clear_endpt_stall
                0x0000000026f15b2c                usb_stor_BBB_transport
                0x0000000026f15d08                usb_storage_probe
                0x0000000026f15f18                usb_stor_get_info
                0x0000000026f161b4                usb_stor_scan
                0x0000000026f163b4                CYGACC_COMM_IF_GETC_TIMEOUT
                0x0000000026f166a0                CYGACC_COMM_IF_PUTC
                0x0000000026f166a8                parse_num
                0x0000000026f167c8                xyzModem_stream_open
                0x0000000026f16914                xyzModem_stream_read
                0x0000000026f16b68                xyzModem_stream_close
                0x0000000026f16bb8                xyzModem_stream_terminate
                0x0000000026f16c4c                xyzModem_error
 .text          0x0000000026f16c6c      0xcc4 disk/libdisk.o
                0x0000000026f16c6c                get_dev
                0x0000000026f16cd0                dev_print
                0x0000000026f16ee4                init_part
                0x0000000026f16f04                print_part
                0x0000000026f16fec                get_partition_info
                0x0000000026f17018                get_device
                0x0000000026f17098                get_device_and_partition
                0x0000000026f17884                test_part_dos
                0x0000000026f178e8                print_part_dos
                0x0000000026f17914                get_partition_info_dos
 .text          0x0000000026f17930      0x3cc drivers/gpio/libgpio.o
                0x0000000026f17930                at91_set_pio_pullup
                0x0000000026f17964                at91_set_pio_periph
                0x0000000026f17998                at91_set_a_periph
                0x0000000026f179f4                at91_set_b_periph
                0x0000000026f17a4c                at91_set_c_periph
                0x0000000026f17aa4                at91_set_d_periph
                0x0000000026f17afc                at91_set_pio_input
                0x0000000026f17b3c                at91_set_pio_output
                0x0000000026f17b8c                at91_set_pio_deglitch
                0x0000000026f17bc8                at91_set_pio_debounce
                0x0000000026f17c0c                at91_set_pio_pulldown
                0x0000000026f17c40                at91_set_pio_disable_schmitt_trig
                0x0000000026f17c6c                at91_set_pio_multi_drive
                0x0000000026f17c98                at91_set_pio_value
                0x0000000026f17cc4                at91_get_pio_value
 .text          0x0000000026f17cfc      0x4f8 drivers/input/libinput.o
                0x0000000026f17cfc                input_queue_ascii
                0x0000000026f17d44                input_tstc
                0x0000000026f17d8c                input_getc
                0x0000000026f17de8                input_send_keycodes
                0x0000000026f180b4                input_add_table
                0x0000000026f180f4                input_init
                0x0000000026f181a0                input_stdio_register
 .text          0x0000000026f181f4     0x1b48 drivers/mmc/libmmc.o
                0x0000000026f181fc                __board_mmc_getcd
                0x0000000026f181fc                board_mmc_getcd
                0x0000000026f18204                mmc_send_cmd
                0x0000000026f18240                mmc_send_status
                0x0000000026f1830c                mmc_set_blocklen
                0x0000000026f1833c                find_mmc_device
                0x0000000026f1867c                mmc_read_blocks
                0x0000000026f187dc                mmc_go_idle
                0x0000000026f18828                sd_send_op_cond
                0x0000000026f1896c                mmc_send_op_cond
                0x0000000026f18aac                mmc_send_ext_csd
                0x0000000026f18af8                mmc_switch
                0x0000000026f18b4c                mmc_change_freq
                0x0000000026f18bfc                mmc_switch_part
                0x0000000026f18c38                mmc_getcd
                0x0000000026f18c64                sd_switch
                0x0000000026f18cc8                sd_change_freq
                0x0000000026f18ebc                mmc_set_ios
                0x0000000026f18ecc                mmc_set_clock
                0x0000000026f18eec                mmc_set_bus_width
                0x0000000026f18ef4                mmc_startup
                0x0000000026f1956c                mmc_send_if_cond
                0x0000000026f195e0                mmc_register
                0x0000000026f19664                mmc_init
                0x0000000026f19740                mmc_get_dev
                0x0000000026f1976c                cpu_mmc_init
                0x0000000026f19774                print_mmc_devices
                0x0000000026f197d8                get_mmc_num
                0x0000000026f197e8                mmc_initialize
                0x0000000026f19c84                atmel_mci_init
 .text          0x0000000026f19d3c     0x7210 drivers/mtd/nand/libnand.o
                0x0000000026f19d3c                nand_register
                0x0000000026f19dbc                nand_init
                0x0000000026f1b030                nand_update_bbt
                0x0000000026f1b304                nand_scan_bbt
                0x0000000026f1b7f0                nand_default_bbt
                0x0000000026f1b8ec                nand_isbad_bbt
                0x0000000026f1b9d0                nand_erase_opts
                0x0000000026f1bcdc                nand_write_skip_bad
                0x0000000026f1bf20                nand_read_skip_bad
                0x0000000026f1c108                nand_calculate_ecc
                0x0000000026f1c1fc                nand_correct_data
                0x0000000026f1c338                nand_read_byte
                0x0000000026f1c378                nand_write_buf
                0x0000000026f1c3a4                nand_read_buf
                0x0000000026f1c414                nand_write_buf16
                0x0000000026f1c448                nand_read_buf16
                0x0000000026f1e300                nand_wait_ready
                0x0000000026f1ee4c                nand_erase_nand
                0x0000000026f1f204                nand_scan_ident
                0x0000000026f1f9d4                nand_scan_tail
                0x0000000026f1ff74                nand_scan
                0x0000000026f1ff98                nand_release
                0x0000000026f20b44                atmel_nand_chip_init
                0x0000000026f20f20                board_nand_init
 .text          0x0000000026f20f4c     0x10a8 drivers/mtd/spi/libspi_flash.o
                0x0000000026f20fc0                spi_flash_cmd_read
                0x0000000026f20fdc                spi_flash_cmd
                0x0000000026f21008                spi_flash_cmd_write
                0x0000000026f21024                spi_flash_read_common
                0x0000000026f21070                spi_flash_cmd_read_fast
                0x0000000026f210b0                spi_flash_cmd_poll_bit
                0x0000000026f21178                spi_flash_cmd_wait_ready
                0x0000000026f21184                spi_flash_cmd_write_multi
                0x0000000026f2128c                spi_flash_cmd_erase
                0x0000000026f21388                spi_flash_cmd_write_status
                0x0000000026f213f0                spi_flash_probe
                0x0000000026f214d8                spi_flash_free
                0x0000000026f21814                dataflash_erase_at45
                0x0000000026f21924                dataflash_erase_p2
                0x0000000026f21bcc                dataflash_erase_block_at25
                0x0000000026f21c44                dataflash_erase_at25
                0x0000000026f21d6c                dataflash_write_at25
                0x0000000026f21e60                spi_flash_probe_atmel
 .text          0x0000000026f21ff4     0x1030 drivers/net/libnet.o
                0x0000000026f22724                gmacb_eth_initialize
                0x0000000026f22ef8                macb_eth_initialize
 .text          0x0000000026f23024        0x0 drivers/pcmcia/libpcmcia.o
 .text          0x0000000026f23024        0x0 drivers/rtc/librtc.o
 .text          0x0000000026f23024       0xf4 drivers/serial/libserial.o
                0x0000000026f23024                serial_setbrg
                0x0000000026f23050                serial_init
                0x0000000026f23098                serial_putc
                0x0000000026f230cc                serial_puts
                0x0000000026f230ec                serial_getc
                0x0000000026f23108                serial_tstc
 .text          0x0000000026f23118      0x1f4 drivers/spi/libspi.o
                0x0000000026f23118                spi_init
                0x0000000026f2311c                spi_setup_slave
                0x0000000026f231fc                spi_free_slave
                0x0000000026f23200                spi_claim_bus
                0x0000000026f23220                spi_release_bus
                0x0000000026f23230                spi_xfer
 .text          0x0000000026f2330c     0x17b8 drivers/usb/host/libusb_host.o
                0x0000000026f23720                sohci_submit_job
                0x0000000026f23c44                rh_check_port_status
                0x0000000026f23c94                submit_common_msg
                0x0000000026f2430c                submit_bulk_msg
                0x0000000026f24324                submit_control_msg
                0x0000000026f24898                submit_int_msg
                0x0000000026f248b4                usb_lowlevel_init
                0x0000000026f24a18                usb_lowlevel_stop
                0x0000000026f24a48                usb_cpu_init
                0x0000000026f24a90                usb_cpu_stop
                0x0000000026f24ac0                usb_cpu_init_fail
 .text          0x0000000026f24ac4      0x2d0 drivers/video/libvideo.o
                0x0000000026f24ac4                lcd_ctrl_init
 .text          0x0000000026f24d94     0x19bc fs/fat/libfat.o
                0x0000000026f25568                fat_register_device
                0x0000000026f256d4                do_fat_read_at
                0x0000000026f26214                do_fat_read
                0x0000000026f26238                file_fat_detectfs
                0x0000000026f26390                file_fat_ls
                0x0000000026f263a0                file_fat_read_at
                0x0000000026f263e4                file_fat_read
                0x0000000026f263f8                file_getfsname
                0x0000000026f26410                file_cd
                0x0000000026f265fc                file_detectfs
                0x0000000026f26638                file_ls
                0x0000000026f266bc                file_read
 .text          0x0000000026f26750     0x206c lib/libfdt/libfdt.o
                0x0000000026f26758                fdt_check_header
                0x0000000026f267d8                fdt_offset_ptr
                0x0000000026f26834                fdt_next_tag
                0x0000000026f26930                _fdt_check_node_offset
                0x0000000026f26968                _fdt_check_prop_offset
                0x0000000026f269a0                fdt_next_node
                0x0000000026f26a60                _fdt_find_string
                0x0000000026f26ab8                fdt_move
                0x0000000026f26bd0                fdt_string
                0x0000000026f26bf0                fdt_get_mem_rsv
                0x0000000026f26c48                fdt_num_mem_rsv
                0x0000000026f26c80                fdt_subnode_offset_namelen
                0x0000000026f26d4c                fdt_subnode_offset
                0x0000000026f26d7c                fdt_get_name
                0x0000000026f26de4                fdt_first_property_offset
                0x0000000026f26e04                fdt_next_property_offset
                0x0000000026f26e24                fdt_get_property_by_offset
                0x0000000026f26e84                fdt_get_property_namelen
                0x0000000026f26f34                fdt_get_property
                0x0000000026f26f6c                fdt_getprop_namelen
                0x0000000026f26f88                fdt_getprop_by_offset
                0x0000000026f26fd4                fdt_getprop
                0x0000000026f2700c                fdt_get_phandle
                0x0000000026f27084                fdt_get_alias_namelen
                0x0000000026f270cc                fdt_path_offset
                0x0000000026f271b0                fdt_get_alias
                0x0000000026f271d8                fdt_get_path
                0x0000000026f27310                fdt_supernode_atdepth_offset
                0x0000000026f273c8                fdt_node_depth
                0x0000000026f273ec                fdt_parent_offset
                0x0000000026f2741c                fdt_node_offset_by_prop_value
                0x0000000026f274b8                fdt_node_offset_by_phandle
                0x0000000026f2752c                fdt_node_check_compatible
                0x0000000026f275b8                fdt_node_offset_by_compatible
                0x0000000026f27a18                fdt_add_mem_rsv
                0x0000000026f27a8c                fdt_del_mem_rsv
                0x0000000026f27ae4                fdt_set_name
                0x0000000026f27b68                fdt_setprop
                0x0000000026f27d24                fdt_delprop
                0x0000000026f27d88                fdt_add_subnode_namelen
                0x0000000026f27e7c                fdt_add_subnode
                0x0000000026f27eac                fdt_del_node
                0x0000000026f27f04                fdt_open_into
                0x0000000026f280b0                fdt_pack
                0x0000000026f2810c                fdt_strerror
                0x0000000026f28298                fdt_create
                0x0000000026f28310                fdt_add_reservemap_entry
                0x0000000026f283a0                fdt_finish_reservemap
                0x0000000026f283b8                fdt_begin_node
                0x0000000026f28420                fdt_end_node
                0x0000000026f28458                fdt_property
                0x0000000026f2858c                fdt_finish
                0x0000000026f286ac                fdt_setprop_inplace
                0x0000000026f286f0                fdt_nop_property
                0x0000000026f2872c                _fdt_node_end_offset
                0x0000000026f2876c                fdt_nop_node
 .text          0x0000000026f287bc     0x5670 lib/libgeneric.o
                0x0000000026f287bc                cyg_crc16
                0x0000000026f28800                crc32_no_comp
                0x0000000026f288e0                crc32
                0x0000000026f288f4                crc32_wd
                0x0000000026f288f8                crc7
                0x0000000026f28920                display_options
                0x0000000026f28940                print_size
                0x0000000026f28a78                print_buffer
                0x0000000026f28bf8                __div64_32
                0x0000000026f28cd4                gzfree
                0x0000000026f28cdc                gzalloc
                0x0000000026f28cec                zunzip
                0x0000000026f28df8                gunzip
                0x0000000026f28f08                hcreate_r
                0x0000000026f28fbc                hdestroy_r
                0x0000000026f2905c                hstrstr_r
                0x0000000026f29108                hmatch_r
                0x0000000026f291a8                hsearch_r
                0x0000000026f29498                hdelete_r
                0x0000000026f2954c                hexport_r
                0x0000000026f297e4                himport_r
                0x0000000026f29b80                ldiv
                0x0000000026f29da0                lmb_dump_all
                0x0000000026f29da4                lmb_init
                0x0000000026f29dcc                lmb_add
                0x0000000026f29dd0                lmb_free
                0x0000000026f29edc                lmb_reserve
                0x0000000026f29ee4                lmb_overlaps_region
                0x0000000026f29f44                __lmb_alloc_base
                0x0000000026f2a054                lmb_alloc_base
                0x0000000026f2a088                lmb_alloc
                0x0000000026f2a090                lmb_is_reserved
                0x0000000026f2a0e0                board_lmb_reserve
                0x0000000026f2a0e0                __board_lmb_reserve
                0x0000000026f2a0e4                __arch_lmb_reserve
                0x0000000026f2acc4                md5
                0x0000000026f2ad2c                md5_wd
                0x0000000026f2ad94                string_to_ip
                0x0000000026f2adf4                qsort
                0x0000000026f2aed4                strcmp_compar
                0x0000000026f2c410                sha1_starts
                0x0000000026f2c45c                sha1_update
                0x0000000026f2c514                sha1_finish
                0x0000000026f2c654                sha1_csum
                0x0000000026f2c694                sha1_csum_wd
                0x0000000026f2c6d4                sha1_hmac
                0x0000000026f2c7fc                sha1_self_test
                0x0000000026f2c804                strcpy
                0x0000000026f2c820                strncpy
                0x0000000026f2c844                strcat
                0x0000000026f2c874                strncat
                0x0000000026f2c8c8                strcmp
                0x0000000026f2c8f4                strncmp
                0x0000000026f2c934                strchr
                0x0000000026f2c968                skip_spaces
                0x0000000026f2c990                strlen
                0x0000000026f2c9b0                strim
                0x0000000026f2ca10                strrchr
                0x0000000026f2ca4c                strnlen
                0x0000000026f2ca7c                strdup
                0x0000000026f2cab4                strspn
                0x0000000026f2cafc                strpbrk
                0x0000000026f2cb38                strtok
                0x0000000026f2cbbc                strsep
                0x0000000026f2cbf0                strswab
                0x0000000026f2cc3c                memset
                0x0000000026f2cca8                bcopy
                0x0000000026f2cccc                memcpy
                0x0000000026f2cd34                memmove
                0x0000000026f2cd94                memcmp
                0x0000000026f2cdc8                memscan
                0x0000000026f2cdec                strstr
                0x0000000026f2ce50                memchr
                0x0000000026f2ce80                strmhz
                0x0000000026f2ceec                udelay
                0x0000000026f2cf1c                mdelay
                0x0000000026f2da98                simple_strtoul
                0x0000000026f2db58                strict_strtoul
                0x0000000026f2dbd0                simple_strtol
                0x0000000026f2dbf8                ustrtoul
                0x0000000026f2dc68                simple_strtoull
                0x0000000026f2dd54                vsprintf
                0x0000000026f2dd58                sprintf
                0x0000000026f2dd7c                panic
                0x0000000026f2ddc0                __assert_fail
                0x0000000026f2ddd4                simple_itoa
 .text          0x0000000026f2de2c     0x26c8 lib/zlib/libz.o
                0x0000000026f2de2c                zcfree
                0x0000000026f2de34                zcalloc
                0x0000000026f2de3c                inflate_fast
                0x0000000026f2e3e4                inflate_table
                0x0000000026f2e998                inflateReset
                0x0000000026f2ea14                inflateInit2_
                0x0000000026f2eb18                inflateInit_
                0x0000000026f2eb2c                inflateEnd
                0x0000000026f2eb90                adler32
                0x0000000026f2eecc                inflate
 .text          0x0000000026f304f4     0x3cb8 net/libnet.o
                0x0000000026f304f4                ArpInit
                0x0000000026f30520                arp_raw_request
                0x0000000026f305e0                ArpRequest
                0x0000000026f30658                ArpTimeoutCheck
                0x0000000026f306c8                ArpReceive
                0x0000000026f30f54                BootpRequest
                0x0000000026f311fc                DhcpRequest
                0x0000000026f31248                cpu_eth_init
                0x0000000026f312b0                eth_parse_enetaddr
                0x0000000026f31304                eth_getenv_enetaddr
                0x0000000026f31324                eth_setenv_enetaddr
                0x0000000026f31358                eth_getenv_enetaddr_by_index
                0x0000000026f313a8                eth_get_dev_by_name
                0x0000000026f31430                eth_get_dev_by_index
                0x0000000026f31468                eth_get_dev_index
                0x0000000026f31484                eth_write_hwaddr
                0x0000000026f31600                eth_register
                0x0000000026f3166c                eth_unregister
                0x0000000026f31708                eth_initialize
                0x0000000026f318c8                eth_halt
                0x0000000026f318f8                eth_send
                0x0000000026f31930                eth_rx
                0x0000000026f3195c                eth_try_another
                0x0000000026f319dc                eth_init
                0x0000000026f31aa4                eth_set_current
                0x0000000026f31b38                eth_get_name
                0x0000000026f31ba4                net_auto_load
                0x0000000026f31c04                NetStartAgain
                0x0000000026f31d24                net_get_udp_handler
                0x0000000026f31d34                net_set_udp_handler
                0x0000000026f31d54                net_get_arp_handler
                0x0000000026f31d64                net_set_arp_handler
                0x0000000026f31d84                NetSetTimeout
                0x0000000026f31dc0                NetCksum
                0x0000000026f31df8                NetCksumOk
                0x0000000026f31e18                NetReceive
                0x0000000026f32080                NetEthHdrSize
                0x0000000026f320b8                NetSetEther
                0x0000000026f32154                net_update_ether
                0x0000000026f321cc                net_set_ip_header
                0x0000000026f32254                net_set_udp_header
                0x0000000026f322dc                NetSendUDPPacket
                0x0000000026f323e8                copy_filename
                0x0000000026f32434                random_port
                0x0000000026f3244c                ip_to_string
                0x0000000026f32480                VLAN_to_string
                0x0000000026f324c4                string_to_VLAN
                0x0000000026f3250c                getenv_VLAN
                0x0000000026f325cc                net_init
                0x0000000026f32638                NetLoop
                0x0000000026f3358c                NfsStart
                0x0000000026f337dc                ping_start
                0x0000000026f338f8                ping_receive
                0x0000000026f33ec4                TftpStart
 .text          0x0000000026f341ac      0x25c board/sdsIndustries/controller/libcontroller.o
                0x0000000026f341ac                sama5d3xek_nand_hw_init
                0x0000000026f341fc                lcd_enable
                0x0000000026f3420c                lcd_disable
                0x0000000026f3421c                lcd_show_board_info
                0x0000000026f342a8                board_early_init_f
                0x0000000026f342b8                board_init
                0x0000000026f34354                dram_init
                0x0000000026f34374                reset_phy
                0x0000000026f34378                board_eth_init
                0x0000000026f343cc                board_mmc_init
                0x0000000026f343d4                spi_cs_is_valid
                0x0000000026f343e8                spi_cs_activate
                0x0000000026f343f8                spi_cs_deactivate
 .text          0x0000000026f34408       0x24 /home/scott/myir/U-boot/u-boot-at91/arch/arm/lib/eabi_compat.o
                0x0000000026f34408                raise
                0x0000000026f34424                __aeabi_unwind_cpp_pr0
                0x0000000026f34428                __aeabi_unwind_cpp_pr1
 .text          0x0000000026f3442c      0x20c /usr/lib/gcc-cross/arm-linux-gnueabi/4.7/libgcc.a(_udivsi3.o)
                0x0000000026f3442c                __udivsi3
                0x0000000026f3442c                __aeabi_uidiv
                0x0000000026f34618                __aeabi_uidivmod
 .text          0x0000000026f34638      0x240 /usr/lib/gcc-cross/arm-linux-gnueabi/4.7/libgcc.a(_divsi3.o)
                0x0000000026f34638                __aeabi_idiv
                0x0000000026f34638                __divsi3
                0x0000000026f34858                __aeabi_idivmod
 .text          0x0000000026f34878       0x1c /usr/lib/gcc-cross/arm-linux-gnueabi/4.7/libgcc.a(_lshrdi3.o)
                0x0000000026f34878                __aeabi_llsr
                0x0000000026f34878                __lshrdi3
 .text          0x0000000026f34894       0x1c /usr/lib/gcc-cross/arm-linux-gnueabi/4.7/libgcc.a(_ashrdi3.o)
                0x0000000026f34894                __ashrdi3
                0x0000000026f34894                __aeabi_lasr
 .text          0x0000000026f348b0       0x1c /usr/lib/gcc-cross/arm-linux-gnueabi/4.7/libgcc.a(_ashldi3.o)
                0x0000000026f348b0                __ashldi3
                0x0000000026f348b0                __aeabi_llsl
 .text          0x0000000026f348cc       0x10 /usr/lib/gcc-cross/arm-linux-gnueabi/4.7/libgcc.a(_dvmd_lnx.o)
                0x0000000026f348cc                __aeabi_ldiv0
                0x0000000026f348cc                __aeabi_idiv0

.glue_7         0x0000000026f348dc        0x0
 .glue_7        0x0000000000000000        0x0 linker stubs

.glue_7t        0x0000000026f348dc        0x0
 .glue_7t       0x0000000000000000        0x0 linker stubs

.vfp11_veneer   0x0000000026f348dc        0x0
 .vfp11_veneer  0x0000000000000000        0x0 linker stubs

.v4_bx          0x0000000026f348dc        0x0
 .v4_bx         0x0000000000000000        0x0 linker stubs

.iplt           0x0000000026f348dc        0x0
 .iplt          0x0000000000000000        0x0 arch/arm/cpu/armv7/start.o
                0x0000000026f348dc                . = ALIGN (0x4)

.rodata         0x0000000026f348dc     0xd1a6
 *(SORT(.rodata*))
 .rodata        0x0000000026f348dc       0x80 arch/arm/lib/libarm.o
 .rodata        0x0000000026f3495c     0x157c common/libcommon.o
                0x0000000026f34a50                version_string
                0x0000000026f34a8e                default_environment
 .rodata        0x0000000026f35ed8       0x18 disk/libdisk.o
 .rodata        0x0000000026f35ef0       0x55 drivers/mmc/libmmc.o
 *fill*         0x0000000026f35f45        0x3 
 .rodata        0x0000000026f35f48      0x8d0 drivers/mtd/nand/libnand.o
                0x0000000026f35f64                nand_manuf_ids
                0x0000000026f35fb4                nand_flash_ids
 .rodata        0x0000000026f36818       0x60 drivers/mtd/spi/libspi_flash.o
 .rodata        0x0000000026f36878       0x80 drivers/usb/host/libusb_host.o
 .rodata        0x0000000026f368f8       0x18 fs/fat/libfat.o
 .rodata        0x0000000026f36910       0x34 lib/libfdt/libfdt.o
 .rodata        0x0000000026f36944      0x867 lib/libgeneric.o
                0x0000000026f36f44                crc7_syndrome_table
                0x0000000026f37044                _ctype
                0x0000000026f3719a                hex_asc
 *fill*         0x0000000026f371ab        0x1 
 .rodata        0x0000000026f371ac      0x9cc lib/zlib/libz.o
                0x0000000026f37b50                z_errmsg
 .rodata        0x0000000026f37b78       0x16 arch/arm/cpu/armv7/libarmv7.o
 .rodata        0x0000000026f37b8e       0x70 drivers/input/libinput.o
 .rodata        0x0000000026f37bfe        0xe drivers/video/libvideo.o
 .rodata        0x0000000026f37c0c       0x22 net/libnet.o
 .rodata.str1.1
                0x0000000026f37c2e       0x92 arch/arm/cpu/armv7/at91/libat91.o
 .rodata.str1.1
                0x0000000026f37cc0       0x65 arch/arm/cpu/armv7/libarmv7.o
 .rodata.str1.1
                0x0000000026f37d25      0x3b3 arch/arm/lib/libarm.o
                                        0x3cc (size before relaxing)
 .rodata.str1.1
                0x0000000026f380d8     0x6be0 common/libcommon.o
                                       0x71f8 (size before relaxing)
 .rodata.str1.1
                0x0000000026f3ecb8      0x3da disk/libdisk.o
                                        0x418 (size before relaxing)
 .rodata.str1.1
                0x0000000000000000        0x6 drivers/input/libinput.o
 .rodata.str1.1
                0x0000000026f3f092      0x257 drivers/mmc/libmmc.o
                                        0x263 (size before relaxing)
 .rodata.str1.1
                0x0000000026f3f2e9      0xe85 drivers/mtd/nand/libnand.o
                                        0xee1 (size before relaxing)
 .rodata.str1.1
                0x0000000026f4016e       0xbf drivers/mtd/spi/libspi_flash.o
                                         0xc1 (size before relaxing)
 .rodata.str1.1
                0x0000000026f4022d      0x1c3 drivers/net/libnet.o
                                        0x312 (size before relaxing)
 .rodata.str1.1
                0x0000000026f403f0      0x7dd drivers/usb/host/libusb_host.o
 .rodata.str1.1
                0x0000000026f40bcd        0xf drivers/video/libvideo.o
                                         0x31 (size before relaxing)
 .rodata.str1.1
                0x0000000026f40bdc      0x1cf fs/fat/libfat.o
                                        0x204 (size before relaxing)
 .rodata.str1.1
                0x0000000026f40dab       0xfc lib/libfdt/libfdt.o
                                        0x11b (size before relaxing)
 .rodata.str1.1
                0x0000000026f40ea7      0x1dd lib/libgeneric.o
                                        0x1f7 (size before relaxing)
 .rodata.str1.1
                0x0000000026f41084      0x21c lib/zlib/libz.o
                                        0x21d (size before relaxing)
 .rodata.str1.1
                0x0000000026f412a0      0x754 net/libnet.o
                                        0x8ec (size before relaxing)
 .rodata.str1.1
                0x0000000026f419f4       0x73 board/sdsIndustries/controller/libcontroller.o
                                         0x77 (size before relaxing)
 .rodata.str1.1
                0x0000000026f41a67       0x1b /home/scott/myir/U-boot/u-boot-at91/arch/arm/lib/eabi_compat.o

.hash           0x0000000026f41a84       0x48
 .hash          0x0000000026f41a84       0x48 arch/arm/cpu/armv7/start.o
                0x0000000026f41acc                . = ALIGN (0x4)

.data           0x0000000026f41acc     0x50b4
 *(.data)
 .data          0x0000000026f41acc        0x0 arch/arm/cpu/armv7/start.o
 .data          0x0000000026f41acc        0x0 arch/arm/cpu/armv7/at91/libat91.o
 .data          0x0000000026f41acc        0x0 arch/arm/cpu/armv7/libarmv7.o
 .data          0x0000000026f41acc       0x2c arch/arm/lib/libarm.o
                0x0000000026f41acc                init_sequence
 .data          0x0000000026f41af8     0x4324 common/libcommon.o
                0x0000000026f41d04                load_addr
                0x0000000026f42120                env_htab
                0x0000000026f42130                env_name_spec
                0x0000000026f421cc                bmp_logo_palette
                0x0000000026f4220a                bmp_logo_bitmap
                0x0000000026f45e10                stdio_names
 .data          0x0000000026f45e1c        0x0 disk/libdisk.o
 .data          0x0000000026f45e1c        0x0 drivers/gpio/libgpio.o
 .data          0x0000000026f45e1c       0xc6 drivers/input/libinput.o
 *fill*         0x0000000026f45ee2        0x2 
 .data          0x0000000026f45ee4        0x4 drivers/mmc/libmmc.o
 .data          0x0000000026f45ee8      0x9e8 drivers/mtd/nand/libnand.o
                0x0000000026f45ee8                nand_curr_device
 .data          0x0000000026f468d0        0x0 drivers/mtd/spi/libspi_flash.o
 .data          0x0000000026f468d0        0x0 drivers/net/libnet.o
 .data          0x0000000026f468d0        0x0 drivers/pcmcia/libpcmcia.o
 .data          0x0000000026f468d0        0x0 drivers/rtc/librtc.o
 .data          0x0000000026f468d0        0x0 drivers/serial/libserial.o
 .data          0x0000000026f468d0        0x0 drivers/spi/libspi.o
 .data          0x0000000026f468d0       0x4b drivers/usb/host/libusb_host.o
 .data          0x0000000026f4691b        0x0 drivers/video/libvideo.o
 *fill*         0x0000000026f4691b        0x1 
 .data          0x0000000026f4691c      0x204 fs/fat/libfat.o
                0x0000000026f4691c                file_cwd
 .data          0x0000000026f46b20        0x0 lib/libfdt/libfdt.o
 .data          0x0000000026f46b20        0x0 lib/libgeneric.o
 .data          0x0000000026f46b20        0x0 lib/zlib/libz.o
 .data          0x0000000026f46b20       0x28 net/libnet.o
                0x0000000026f46b20                NetOurVLAN
                0x0000000026f46b22                NetOurNativeVLAN
                0x0000000026f46b24                NetBcastAddr
                0x0000000026f46b40                TftpRRQTimeoutCountMax
                0x0000000026f46b44                TftpRRQTimeoutMSecs
 .data          0x0000000026f46b48       0x38 board/sdsIndustries/controller/libcontroller.o
                0x0000000026f46b48                panel_info
 .data          0x0000000026f46b80        0x0 /home/scott/myir/U-boot/u-boot-at91/arch/arm/lib/eabi_compat.o
 .data          0x0000000026f46b80        0x0 /usr/lib/gcc-cross/arm-linux-gnueabi/4.7/libgcc.a(_udivsi3.o)
 .data          0x0000000026f46b80        0x0 /usr/lib/gcc-cross/arm-linux-gnueabi/4.7/libgcc.a(_divsi3.o)
 .data          0x0000000026f46b80        0x0 /usr/lib/gcc-cross/arm-linux-gnueabi/4.7/libgcc.a(_lshrdi3.o)
 .data          0x0000000026f46b80        0x0 /usr/lib/gcc-cross/arm-linux-gnueabi/4.7/libgcc.a(_ashrdi3.o)
 .data          0x0000000026f46b80        0x0 /usr/lib/gcc-cross/arm-linux-gnueabi/4.7/libgcc.a(_ashldi3.o)
 .data          0x0000000026f46b80        0x0 /usr/lib/gcc-cross/arm-linux-gnueabi/4.7/libgcc.a(_dvmd_lnx.o)

.got            0x0000000026f46b80        0x0
 .got           0x0000000000000000        0x0 arch/arm/cpu/armv7/start.o

.got.plt        0x0000000026f46b80        0xc
 .got.plt       0x0000000026f46b80        0xc arch/arm/cpu/armv7/start.o
                0x0000000026f46b80                _GLOBAL_OFFSET_TABLE_

.igot.plt       0x0000000026f46b8c        0x0
 .igot.plt      0x0000000000000000        0x0 arch/arm/cpu/armv7/start.o
                0x0000000026f46b8c                . = ALIGN (0x4)
                0x0000000026f46b8c                . = .
                0x0000000026f46b8c                __u_boot_cmd_start = .

.u_boot_cmd     0x0000000026f46b8c      0x658
 *(.u_boot_cmd)
 .u_boot_cmd    0x0000000026f46b8c      0x658 common/libcommon.o
                0x0000000026f46b8c                __u_boot_cmd_reset
                0x0000000026f46ba8                __u_boot_cmd_go
                0x0000000026f46bc4                __u_boot_cmd_bootz
                0x0000000026f46be0                __u_boot_cmd_bootd
                0x0000000026f46bfc                __u_boot_cmd_boot
                0x0000000026f46c18                __u_boot_cmd_bootm
                0x0000000026f46c34                __u_boot_cmd_coninfo
                0x0000000026f46c50                __u_boot_cmd_echo
                0x0000000026f46c6c                __u_boot_cmd_exit
                0x0000000026f46c88                __u_boot_cmd_fatinfo
                0x0000000026f46ca4                __u_boot_cmd_fatls
                0x0000000026f46cc0                __u_boot_cmd_fatload
                0x0000000026f46cdc                __u_boot_cmd_fdt
                0x0000000026f46cf8                __u_boot_cmd_protect
                0x0000000026f46d14                __u_boot_cmd_erase
                0x0000000026f46d30                __u_boot_cmd_flinfo
                0x0000000026f46d4c                __u_boot_cmd_question_mark
                0x0000000026f46d68                __u_boot_cmd_help
                0x0000000026f46d84                __u_boot_cmd_itest
                0x0000000026f46da0                __u_boot_cmd_loady
                0x0000000026f46dbc                __u_boot_cmd_loadb
                0x0000000026f46dd8                __u_boot_cmd_mtest
                0x0000000026f46df4                __u_boot_cmd_loop
                0x0000000026f46e10                __u_boot_cmd_base
                0x0000000026f46e2c                __u_boot_cmd_crc32
                0x0000000026f46e48                __u_boot_cmd_cmp
                0x0000000026f46e64                __u_boot_cmd_cp
                0x0000000026f46e80                __u_boot_cmd_mw
                0x0000000026f46e9c                __u_boot_cmd_nm
                0x0000000026f46eb8                __u_boot_cmd_mm
                0x0000000026f46ed4                __u_boot_cmd_md
                0x0000000026f46ef0                __u_boot_cmd_sleep
                0x0000000026f46f0c                __u_boot_cmd_mmc
                0x0000000026f46f28                __u_boot_cmd_mmcinfo
                0x0000000026f46f44                __u_boot_cmd_nboot
                0x0000000026f46f60                __u_boot_cmd_nand
                0x0000000026f46f7c                __u_boot_cmd_ping
                0x0000000026f46f98                __u_boot_cmd_nfs
                0x0000000026f46fb4                __u_boot_cmd_dhcp
                0x0000000026f46fd0                __u_boot_cmd_tftpboot
                0x0000000026f46fec                __u_boot_cmd_bootp
                0x0000000026f47008                __u_boot_cmd_run
                0x0000000026f47024                __u_boot_cmd_setenv
                0x0000000026f47040                __u_boot_cmd_printenv
                0x0000000026f4705c                __u_boot_cmd_editenv
                0x0000000026f47078                __u_boot_cmd_env
                0x0000000026f47094                __u_boot_cmd_saveenv
                0x0000000026f470b0                __u_boot_cmd_sf
                0x0000000026f470cc                __u_boot_cmd_source
                0x0000000026f470e8                __u_boot_cmd_true
                0x0000000026f47104                __u_boot_cmd_false
                0x0000000026f47120                __u_boot_cmd_test
                0x0000000026f4713c                __u_boot_cmd_usbboot
                0x0000000026f47158                __u_boot_cmd_usb
                0x0000000026f47174                __u_boot_cmd_version
                0x0000000026f47190                __u_boot_cmd_imxtract
                0x0000000026f471ac                __u_boot_cmd_showvar
                0x0000000026f471c8                __u_boot_cmd_cls
                0x0000000026f471e4                __u_boot_cmd_end = .
                0x0000000026f471e4                . = ALIGN (0x4)
                0x0000000026f471e4                __image_copy_end = .

.rel.dyn        0x0000000026f471e4     0x6328
                0x0000000026f471e4                __rel_dyn_start = .
 *(.rel*)
 .rel.got       0x0000000000000000        0x0 arch/arm/cpu/armv7/start.o
 .rel.plt       0x0000000000000000        0x0 arch/arm/cpu/armv7/start.o
 .rel.iplt      0x0000000000000000        0x0 arch/arm/cpu/armv7/start.o
 .rel.text      0x0000000026f471e4     0x47d0 arch/arm/cpu/armv7/start.o
 .rel.rodata    0x0000000026f4b9b4      0x908 arch/arm/cpu/armv7/start.o
 .rel.data      0x0000000026f4c2bc      0xb00 arch/arm/cpu/armv7/start.o
 .rel.u_boot_cmd
                0x0000000026f4cdbc      0x750 arch/arm/cpu/armv7/start.o
                0x0000000026f4d50c                __rel_dyn_end = .

.dynsym         0x0000000026f4d50c       0xd0
                0x0000000026f4d50c                __dynsym_start = .
 *(.dynsym)
 .dynsym        0x0000000026f4d50c       0xd0 arch/arm/cpu/armv7/start.o
                0x0000000026f4d5dc                _end = .
                0x0000000026f4e000                . = ALIGN (0x1000)

.mmutable
 *(.mmutable)

.bss            0x0000000026f471e4    0x425ec
                0x0000000026f471e4                __bss_start = .
 *(.bss)
 .bss           0x0000000026f471e4        0x0 arch/arm/cpu/armv7/start.o
 .bss           0x0000000026f471e4        0x0 arch/arm/cpu/armv7/at91/libat91.o
 .bss           0x0000000026f471e4        0x0 arch/arm/cpu/armv7/libarmv7.o
 .bss           0x0000000026f471e4        0x4 arch/arm/lib/libarm.o
                0x0000000026f471e4                monitor_flash_len
 *fill*         0x0000000026f471e8       0x18 
 .bss           0x0000000026f47200     0xdb3c common/libcommon.o
                0x0000000026f47200                images
                0x0000000026f47358                working_fdt
                0x0000000026f47768                his_pad_count
                0x0000000026f4776c                his_pad_char
                0x0000000026f47785                his_eol
                0x0000000026f4778c                os_data_init
                0x0000000026f4779c                os_data_char
                0x0000000026f477a0                his_quote
                0x0000000026f477a4                send_ptr
                0x0000000026f477a8                send_parms
                0x0000000026f477d8                save_size
                0x0000000026f477dc                save_addr
                0x0000000026f47aec                mem_malloc_brk
                0x0000000026f47af0                mem_malloc_start
                0x0000000026f47af4                mem_malloc_end
                0x0000000026f47b34                env_ptr
                0x0000000026f47c6c                last_return_code
                0x0000000026f47d74                nesting_level
                0x0000000026f47d78                lcd_is_enabled
                0x0000000026f47d88                hist_num
                0x0000000026f47d8c                hist_lines
                0x0000000026f491a0                hist_list
                0x0000000026f491f0                console_buffer
                0x0000000026f49330                stdio_devices
                0x0000000026f49340                usb_started
 .bss           0x0000000026f54d3c        0x0 disk/libdisk.o
 .bss           0x0000000026f54d3c        0x0 drivers/gpio/libgpio.o
 .bss           0x0000000026f54d3c        0x0 drivers/input/libinput.o
 .bss           0x0000000026f54d3c        0xc drivers/mmc/libmmc.o
 .bss           0x0000000026f54d48      0x470 drivers/mtd/nand/libnand.o
                0x0000000026f54d48                nand_info
 .bss           0x0000000026f551b8        0x0 drivers/mtd/spi/libspi_flash.o
 .bss           0x0000000026f551b8        0x0 drivers/net/libnet.o
 .bss           0x0000000026f551b8        0x0 drivers/pcmcia/libpcmcia.o
 .bss           0x0000000026f551b8        0x0 drivers/rtc/librtc.o
 .bss           0x0000000026f551b8        0x0 drivers/serial/libserial.o
 .bss           0x0000000026f551b8        0x0 drivers/spi/libspi.o
 *fill*         0x0000000026f551b8       0x48 
 .bss           0x0000000026f55200     0x1500 drivers/usb/host/libusb_host.o
                0x0000000026f55200                ptd
                0x0000000026f55350                ohci_dev
                0x0000000026f554e0                devgone
                0x0000000026f554e4                phcca
                0x0000000026f55500                ghcca
                0x0000000026f55600                gtd
 .bss           0x0000000026f56700       0x18 drivers/video/libvideo.o
                0x0000000026f56700                console_row
                0x0000000026f56702                console_col
                0x0000000026f56704                lcd_console_address
                0x0000000026f56708                lcd_base
                0x0000000026f5670c                lcd_color_bg
                0x0000000026f56710                lcd_color_fg
                0x0000000026f56714                lcd_line_length
 *fill*         0x0000000026f56718       0x28 
 .bss           0x0000000026f56740    0x300c0 fs/fat/libfat.o
                0x0000000026f567c0                get_contents_vfatname_block
                0x0000000026f66800                do_fat_read_at_block
                0x0000000026f76800                get_dentfromdir_block
 .bss           0x0000000026f86800        0x0 lib/libfdt/libfdt.o
 .bss           0x0000000026f86800       0x1e lib/libgeneric.o
                0x0000000026f86800                errno
                0x0000000026f86804                ___strtok
 .bss           0x0000000026f8681e        0x0 lib/zlib/libz.o
 *fill*         0x0000000026f8681e        0x2 
 .bss           0x0000000026f86820     0x2fb0 net/libnet.o
                0x0000000026f86820                NetArpWaitPacketMAC
                0x0000000026f86824                NetArpWaitPacketIP
                0x0000000026f86828                NetArpWaitReplyIP
                0x0000000026f8682c                NetArpWaitTxPacketSize
                0x0000000026f86830                NetArpTxPacket
                0x0000000026f86834                NetArpPacketBuf
                0x0000000026f86e74                NetArpWaitTimerStart
                0x0000000026f86e78                NetArpWaitTry
                0x0000000026f86e7c                dhcp_leasetime
                0x0000000026f86e80                NetDHCPServerIP
                0x0000000026f86e84                BootpID
                0x0000000026f86e88                dhcp_state
                0x0000000026f86e8c                BootpTry
                0x0000000026f86e90                eth_current
                0x0000000026f86ea8                net_state
                0x0000000026f86ec0                NetRestartWrap
                0x0000000026f86ed0                NetRxPacket
                0x0000000026f86ed4                NetRxPacketLen
                0x0000000026f86ed8                NetOurIP
                0x0000000026f86edc                NetOurEther
                0x0000000026f86ee4                NetIPID
                0x0000000026f86ee8                NetTxPacket
                0x0000000026f86eec                NetEtherNullAddr
                0x0000000026f86ef8                NetOurGatewayIP
                0x0000000026f86efc                NetOurSubnetMask
                0x0000000026f86f00                NetServerIP
                0x0000000026f86f04                PktBuf
                0x0000000026f88d44                NetRxPackets
                0x0000000026f88d54                NetBootFileXferSize
                0x0000000026f88d58                BootFile
                0x0000000026f88dd8                NetServerEther
                0x0000000026f88dde                NetBootFileSize
                0x0000000026f88de0                NetOurRootPath
                0x0000000026f88e20                NetOurHostName
                0x0000000026f88e40                NetOurNISDomain
                0x0000000026f88e60                NetOurDNSIP
                0x0000000026f89714                NetPingIP
 .bss           0x0000000026f897d0        0x0 board/sdsIndustries/controller/libcontroller.o
 .bss           0x0000000026f897d0        0x0 /home/scott/myir/U-boot/u-boot-at91/arch/arm/lib/eabi_compat.o
 .bss           0x0000000026f897d0        0x0 /usr/lib/gcc-cross/arm-linux-gnueabi/4.7/libgcc.a(_udivsi3.o)
 .bss           0x0000000026f897d0        0x0 /usr/lib/gcc-cross/arm-linux-gnueabi/4.7/libgcc.a(_divsi3.o)
 .bss           0x0000000026f897d0        0x0 /usr/lib/gcc-cross/arm-linux-gnueabi/4.7/libgcc.a(_lshrdi3.o)
 .bss           0x0000000026f897d0        0x0 /usr/lib/gcc-cross/arm-linux-gnueabi/4.7/libgcc.a(_ashrdi3.o)
 .bss           0x0000000026f897d0        0x0 /usr/lib/gcc-cross/arm-linux-gnueabi/4.7/libgcc.a(_ashldi3.o)
 .bss           0x0000000026f897d0        0x0 /usr/lib/gcc-cross/arm-linux-gnueabi/4.7/libgcc.a(_dvmd_lnx.o)
                0x0000000026f897d0                . = ALIGN (0x4)
                0x0000000026f897d0                __bss_end__ = .

.dynbss         0x0000000026f4e000        0x0 load address 0x0000000026f897d0
 .dynbss        0x0000000000000000        0x0 arch/arm/cpu/armv7/start.o

/DISCARD/
 *(.dynstr*)
 *(.dynamic*)
 *(.plt*)
 *(.interp*)
 *(.gnu*)
Address of section .text set to 0x26f00000
LOAD arch/arm/cpu/armv7/start.o
START GROUP
LOAD api/libapi.o
LOAD arch/arm/cpu/armv7/at91/libat91.o
LOAD arch/arm/cpu/armv7/libarmv7.o
LOAD arch/arm/lib/libarm.o
LOAD common/libcommon.o
LOAD disk/libdisk.o
LOAD drivers/bios_emulator/libatibiosemu.o
LOAD drivers/block/libblock.o
LOAD drivers/dfu/libdfu.o
LOAD drivers/dma/libdma.o
LOAD drivers/fpga/libfpga.o
LOAD drivers/gpio/libgpio.o
LOAD drivers/hwmon/libhwmon.o
LOAD drivers/i2c/libi2c.o
LOAD drivers/input/libinput.o
LOAD drivers/misc/libmisc.o
LOAD drivers/mmc/libmmc.o
LOAD drivers/mtd/libmtd.o
LOAD drivers/mtd/nand/libnand.o
LOAD drivers/mtd/onenand/libonenand.o
LOAD drivers/mtd/spi/libspi_flash.o
LOAD drivers/mtd/ubi/libubi.o
LOAD drivers/net/libnet.o
LOAD drivers/net/phy/libphy.o
LOAD drivers/pci/libpci.o
LOAD drivers/pcmcia/libpcmcia.o
LOAD drivers/power/libpower.o
LOAD drivers/rtc/librtc.o
LOAD drivers/serial/libserial.o
LOAD drivers/spi/libspi.o
LOAD drivers/twserial/libtws.o
LOAD drivers/usb/eth/libusb_eth.o
LOAD drivers/usb/gadget/libusb_gadget.o
LOAD drivers/usb/host/libusb_host.o
LOAD drivers/usb/musb/libusb_musb.o
LOAD drivers/usb/phy/libusb_phy.o
LOAD drivers/usb/ulpi/libusb_ulpi.o
LOAD drivers/video/libvideo.o
LOAD drivers/watchdog/libwatchdog.o
LOAD fs/cramfs/libcramfs.o
LOAD fs/ext4/libext4fs.o
LOAD fs/fat/libfat.o
LOAD fs/fdos/libfdos.o
LOAD fs/jffs2/libjffs2.o
LOAD fs/reiserfs/libreiserfs.o
[...]
 .comment       0x0000000000000000       0x2c drivers/input/libinput.o
 .comment       0x0000000000000000       0x58 drivers/mmc/libmmc.o
 .comment       0x0000000000000000      0x134 drivers/mtd/nand/libnand.o
 .comment       0x0000000000000000       0x58 drivers/mtd/spi/libspi_flash.o
 .comment       0x0000000000000000       0x58 drivers/net/libnet.o
 .comment       0x0000000000000000       0x58 drivers/pcmcia/libpcmcia.o
 .comment       0x0000000000000000       0x2c drivers/rtc/librtc.o
 .comment       0x0000000000000000       0x2c drivers/serial/libserial.o
 .comment       0x0000000000000000       0x2c drivers/spi/libspi.o
 .comment       0x0000000000000000       0x58 drivers/usb/host/libusb_host.o
 .comment       0x0000000000000000       0x2c drivers/video/libvideo.o
 .comment       0x0000000000000000       0x58 fs/fat/libfat.o
 .comment       0x0000000000000000      0x108 lib/libfdt/libfdt.o
 .comment       0x0000000000000000      0x344 lib/libgeneric.o
 .comment       0x0000000000000000       0x2c lib/zlib/libz.o
 .comment       0x0000000000000000      0x134 net/libnet.o
 .comment       0x0000000000000000       0x2c board/sdsIndustries/controller/libcontroller.o
 .comment       0x0000000000000000       0x2c /home/scott/myir/U-boot/u-boot-at91/arch/arm/lib/eabi_compat.o

.note.GNU-stack
                0x0000000000000000        0x0
 .note.GNU-stack
                0x0000000000000000        0x0 arch/arm/cpu/armv7/at91/libat91.o
 .note.GNU-stack
                0x0000000000000000        0x0 arch/arm/cpu/armv7/libarmv7.o
 .note.GNU-stack
                0x0000000000000000        0x0 arch/arm/lib/libarm.o
 .note.GNU-stack
                0x0000000000000000        0x0 common/libcommon.o
 .note.GNU-stack
                0x0000000000000000        0x0 disk/libdisk.o
 .note.GNU-stack
                0x0000000000000000        0x0 drivers/gpio/libgpio.o
 .note.GNU-stack
                0x0000000000000000        0x0 drivers/input/libinput.o
 .note.GNU-stack
                0x0000000000000000        0x0 drivers/mmc/libmmc.o
 .note.GNU-stack
                0x0000000000000000        0x0 drivers/mtd/nand/libnand.o
 .note.GNU-stack
                0x0000000000000000        0x0 drivers/mtd/spi/libspi_flash.o
 .note.GNU-stack
                0x0000000000000000        0x0 drivers/net/libnet.o
 .note.GNU-stack
                0x0000000000000000        0x0 drivers/pcmcia/libpcmcia.o
 .note.GNU-stack
                0x0000000000000000        0x0 drivers/rtc/librtc.o
 .note.GNU-stack
                0x0000000000000000        0x0 drivers/serial/libserial.o
 .note.GNU-stack
                0x0000000000000000        0x0 drivers/spi/libspi.o
 .note.GNU-stack
                0x0000000000000000        0x0 drivers/usb/host/libusb_host.o
 .note.GNU-stack
                0x0000000000000000        0x0 drivers/video/libvideo.o
 .note.GNU-stack
                0x0000000000000000        0x0 fs/fat/libfat.o
 .note.GNU-stack
                0x0000000000000000        0x0 lib/libfdt/libfdt.o
 .note.GNU-stack
                0x0000000000000000        0x0 lib/libgeneric.o
 .note.GNU-stack
                0x0000000000000000        0x0 lib/zlib/libz.o
 .note.GNU-stack
                0x0000000000000000        0x0 net/libnet.o
 .note.GNU-stack
                0x0000000000000000        0x0 board/sdsIndustries/controller/libcontroller.o
 .note.GNU-stack
                0x0000000000000000        0x0 /home/scott/myir/U-boot/u-boot-at91/arch/arm/lib/eabi_compat.o
 .note.GNU-stack
                0x0000000000000000        0x0 /usr/lib/gcc-cross/arm-linux-gnueabi/4.7/libgcc.a(_udivsi3.o)
 .note.GNU-stack
                0x0000000000000000        0x0 /usr/lib/gcc-cross/arm-linux-gnueabi/4.7/libgcc.a(_divsi3.o)
 .note.GNU-stack
                0x0000000000000000        0x0 /usr/lib/gcc-cross/arm-linux-gnueabi/4.7/libgcc.a(_lshrdi3.o)
 .note.GNU-stack
                0x0000000000000000        0x0 /usr/lib/gcc-cross/arm-linux-gnueabi/4.7/libgcc.a(_ashrdi3.o)
 .note.GNU-stack
                0x0000000000000000        0x0 /usr/lib/gcc-cross/arm-linux-gnueabi/4.7/libgcc.a(_ashldi3.o)
 .note.GNU-stack
                0x0000000000000000        0x0 /usr/lib/gcc-cross/arm-linux-gnueabi/4.7/libgcc.a(_dvmd_lnx.o)

.debug_line     0x0000000000000000    0x14c41
 .debug_line    0x0000000000000000       0xd9 arch/arm/cpu/armv7/start.o
 .debug_line    0x00000000000000d9      0x812 arch/arm/cpu/armv7/at91/libat91.o
 .debug_line    0x00000000000008eb      0x406 arch/arm/cpu/armv7/libarmv7.o
 .debug_line    0x0000000000000cf1      0x9fa arch/arm/lib/libarm.o
 .debug_line    0x00000000000016eb     0x810a common/libcommon.o
 .debug_line    0x00000000000097f5      0x4dc disk/libdisk.o
 .debug_line    0x0000000000009cd1      0x1cb drivers/gpio/libgpio.o
 .debug_line    0x0000000000009e9c      0x244 drivers/input/libinput.o
 .debug_line    0x000000000000a0e0      0x970 drivers/mmc/libmmc.o
 .debug_line    0x000000000000aa50     0x248f drivers/mtd/nand/libnand.o
 .debug_line    0x000000000000cedf      0x6dc drivers/mtd/spi/libspi_flash.o
 .debug_line    0x000000000000d5bb      0x6ea drivers/net/libnet.o
 .debug_line    0x000000000000dca5      0x196 drivers/pcmcia/libpcmcia.o
 .debug_line    0x000000000000de3b       0xcb drivers/rtc/librtc.o
 .debug_line    0x000000000000df06      0x1a0 drivers/serial/libserial.o
 .debug_line    0x000000000000e0a6      0x202 drivers/spi/libspi.o
 .debug_line    0x000000000000e2a8      0x782 drivers/usb/host/libusb_host.o
 .debug_line    0x000000000000ea2a      0x239 drivers/video/libvideo.o
 .debug_line    0x000000000000ec63      0x7a2 fs/fat/libfat.o
 .debug_line    0x000000000000f405      0xe2a lib/libfdt/libfdt.o
 .debug_line    0x000000000001022f     0x23fc lib/libgeneric.o
 .debug_line    0x000000000001262b      0xb6b lib/zlib/libz.o
 .debug_line    0x0000000000013196     0x1708 net/libnet.o
 .debug_line    0x000000000001489e      0x2a6 board/sdsIndustries/controller/libcontroller.o
 .debug_line    0x0000000000014b44       0xfd /home/scott/myir/U-boot/u-boot-at91/arch/arm/lib/eabi_compat.o

.debug_info     0x0000000000000000    0x7c303
 .debug_info    0x0000000000000000       0x65 arch/arm/cpu/armv7/start.o
 .debug_info    0x0000000000000065     0x2e18 arch/arm/cpu/armv7/at91/libat91.o
 .debug_info    0x0000000000002e7d     0x132c arch/arm/cpu/armv7/libarmv7.o
 .debug_info    0x00000000000041a9     0x3cfe arch/arm/lib/libarm.o
 .debug_info    0x0000000000007ea7    0x35dae common/libcommon.o
 .debug_info    0x000000000003dc55     0x1e58 disk/libdisk.o
 .debug_info    0x000000000003faad     0x144c drivers/gpio/libgpio.o
 .debug_info    0x0000000000040ef9      0xfe8 drivers/input/libinput.o
 .debug_info    0x0000000000041ee1     0x39f9 drivers/mmc/libmmc.o
 .debug_info    0x00000000000458da     0xf298 drivers/mtd/nand/libnand.o
 .debug_info    0x0000000000054b72     0x2902 drivers/mtd/spi/libspi_flash.o
 .debug_info    0x0000000000057474     0x2c5e drivers/net/libnet.o
 .debug_info    0x000000000005a0d2      0x566 drivers/pcmcia/libpcmcia.o
 .debug_info    0x000000000005a638      0x2b3 drivers/rtc/librtc.o
 .debug_info    0x000000000005a8eb      0x8e3 drivers/serial/libserial.o
 .debug_info    0x000000000005b1ce      0xa42 drivers/spi/libspi.o
 .debug_info    0x000000000005bc10     0x3454 drivers/usb/host/libusb_host.o
 .debug_info    0x000000000005f064      0xa81 drivers/video/libvideo.o
 .debug_info    0x000000000005fae5     0x29cd fs/fat/libfat.o
 .debug_info    0x00000000000624b2     0x5747 lib/libfdt/libfdt.o
 .debug_info    0x0000000000067bf9     0x77c5 lib/libgeneric.o
 .debug_info    0x000000000006f3be     0x166a lib/zlib/libz.o
 .debug_info    0x0000000000070a28     0x9fcd net/libnet.o
 .debug_info    0x000000000007a9f5     0x15bc board/sdsIndustries/controller/libcontroller.o
 .debug_info    0x000000000007bfb1      0x352 /home/scott/myir/U-boot/u-boot-at91/arch/arm/lib/eabi_compat.o

.debug_abbrev   0x0000000000000000    0x15bcc
 .debug_abbrev  0x0000000000000000       0x14 arch/arm/cpu/armv7/start.o
 .debug_abbrev  0x0000000000000014      0xa86 arch/arm/cpu/armv7/at91/libat91.o
 .debug_abbrev  0x0000000000000a9a      0x64b arch/arm/cpu/armv7/libarmv7.o
 .debug_abbrev  0x00000000000010e5      0xeaf arch/arm/lib/libarm.o
 .debug_abbrev  0x0000000000001f94     0x87f2 common/libcommon.o
 .debug_abbrev  0x000000000000a786      0x717 disk/libdisk.o
 .debug_abbrev  0x000000000000ae9d      0x32f drivers/gpio/libgpio.o
 .debug_abbrev  0x000000000000b1cc      0x3a9 drivers/input/libinput.o
 .debug_abbrev  0x000000000000b575      0xa50 drivers/mmc/libmmc.o
 .debug_abbrev  0x000000000000bfc5     0x18b1 drivers/mtd/nand/libnand.o
 .debug_abbrev  0x000000000000d876      0x805 drivers/mtd/spi/libspi_flash.o
 .debug_abbrev  0x000000000000e07b      0x96b drivers/net/libnet.o
 .debug_abbrev  0x000000000000e9e6      0x1aa drivers/pcmcia/libpcmcia.o
 .debug_abbrev  0x000000000000eb90       0xd5 drivers/rtc/librtc.o
 .debug_abbrev  0x000000000000ec65      0x2c6 drivers/serial/libserial.o
 .debug_abbrev  0x000000000000ef2b      0x33c drivers/spi/libspi.o
 .debug_abbrev  0x000000000000f267      0x62d drivers/usb/host/libusb_host.o
 .debug_abbrev  0x000000000000f894      0x260 drivers/video/libvideo.o
 .debug_abbrev  0x000000000000faf4      0x759 fs/fat/libfat.o
 .debug_abbrev  0x000000000001024d      0xe43 lib/libfdt/libfdt.o
 .debug_abbrev  0x0000000000011090     0x2335 lib/libgeneric.o
 .debug_abbrev  0x00000000000133c5      0x45b lib/zlib/libz.o
 .debug_abbrev  0x0000000000013820     0x1e6e net/libnet.o
 .debug_abbrev  0x000000000001568e      0x3ea board/sdsIndustries/controller/libcontroller.o
 .debug_abbrev  0x0000000000015a78      0x154 /home/scott/myir/U-boot/u-boot-at91/arch/arm/lib/eabi_compat.o

.debug_aranges  0x0000000000000000      0xee0
 .debug_aranges
                0x0000000000000000       0x20 arch/arm/cpu/armv7/start.o
 .debug_aranges
                0x0000000000000020       0xa0 arch/arm/cpu/armv7/at91/libat91.o
 .debug_aranges
                0x00000000000000c0       0x60 arch/arm/cpu/armv7/libarmv7.o
 .debug_aranges
                0x0000000000000120       0xc0 arch/arm/lib/libarm.o
 .debug_aranges
                0x00000000000001e0      0x570 common/libcommon.o
 .debug_aranges
                0x0000000000000750       0x40 disk/libdisk.o
 .debug_aranges
                0x0000000000000790       0x20 drivers/gpio/libgpio.o
 .debug_aranges
                0x00000000000007b0       0x20 drivers/input/libinput.o
 .debug_aranges
                0x00000000000007d0       0x40 drivers/mmc/libmmc.o
 .debug_aranges
                0x0000000000000810       0xd8 drivers/mtd/nand/libnand.o
 .debug_aranges
                0x00000000000008e8       0x40 drivers/mtd/spi/libspi_flash.o
 .debug_aranges
                0x0000000000000928       0x40 drivers/net/libnet.o
 .debug_aranges
                0x0000000000000968       0x30 drivers/pcmcia/libpcmcia.o
 .debug_aranges
                0x0000000000000998       0x18 drivers/rtc/librtc.o
 .debug_aranges
                0x00000000000009b0       0x20 drivers/serial/libserial.o
 .debug_aranges
                0x00000000000009d0       0x20 drivers/spi/libspi.o
 .debug_aranges
                0x00000000000009f0       0x40 drivers/usb/host/libusb_host.o
 .debug_aranges
                0x0000000000000a30       0x20 drivers/video/libvideo.o
 .debug_aranges
                0x0000000000000a50       0x40 fs/fat/libfat.o
 .debug_aranges
                0x0000000000000a90       0xc0 lib/libfdt/libfdt.o
 .debug_aranges
                0x0000000000000b50      0x250 lib/libgeneric.o
 .debug_aranges
                0x0000000000000da0       0x20 lib/zlib/libz.o
 .debug_aranges
                0x0000000000000dc0       0xe0 net/libnet.o
 .debug_aranges
                0x0000000000000ea0       0x20 board/sdsIndustries/controller/libcontroller.o
 .debug_aranges
                0x0000000000000ec0       0x20 /home/scott/myir/U-boot/u-boot-at91/arch/arm/lib/eabi_compat.o

.debug_frame    0x0000000000000000     0x7730
 .debug_frame   0x0000000000000000      0x29c arch/arm/cpu/armv7/at91/libat91.o
 .debug_frame   0x000000000000029c      0x1d0 arch/arm/cpu/armv7/libarmv7.o
 .debug_frame   0x000000000000046c      0x41c arch/arm/lib/libarm.o
 .debug_frame   0x0000000000000888     0x2e10 common/libcommon.o
 .debug_frame   0x0000000000003698      0x1d4 disk/libdisk.o
 .debug_frame   0x000000000000386c      0x150 drivers/gpio/libgpio.o
 .debug_frame   0x00000000000039bc       0xd0 drivers/input/libinput.o
 .debug_frame   0x0000000000003a8c      0x454 drivers/mmc/libmmc.o
 .debug_frame   0x0000000000003ee0      0xb20 drivers/mtd/nand/libnand.o
 .debug_frame   0x0000000000004a00      0x3b4 drivers/mtd/spi/libspi_flash.o
 .debug_frame   0x0000000000004db4      0x1e4 drivers/net/libnet.o
 .debug_frame   0x0000000000004f98       0x90 drivers/serial/libserial.o
 .debug_frame   0x0000000000005028       0x90 drivers/spi/libspi.o
 .debug_frame   0x00000000000050b8      0x1f8 drivers/usb/host/libusb_host.o
 .debug_frame   0x00000000000052b0       0x30 drivers/video/libvideo.o
 .debug_frame   0x00000000000052e0      0x278 fs/fat/libfat.o
 .debug_frame   0x0000000000005558      0xa6c lib/libfdt/libfdt.o
 .debug_frame   0x0000000000005fc4      0xb64 lib/libgeneric.o
 .debug_frame   0x0000000000006b28      0x124 lib/zlib/libz.o
 .debug_frame   0x0000000000006c4c      0x988 net/libnet.o
 .debug_frame   0x00000000000075d4      0x114 board/sdsIndustries/controller/libcontroller.o
 .debug_frame   0x00000000000076e8       0x48 /home/scott/myir/U-boot/u-boot-at91/arch/arm/lib/eabi_compat.o

.debug_str      0x0000000000000000     0xba9e
 .debug_str     0x0000000000000000      0x621 arch/arm/cpu/armv7/at91/libat91.o
                                       0x12d9 (size before relaxing)
 .debug_str     0x0000000000000621      0x358 arch/arm/cpu/armv7/libarmv7.o
                                        0xa02 (size before relaxing)
 .debug_str     0x0000000000000979     0x12b3 arch/arm/lib/libarm.o
                                       0x307b (size before relaxing)
 .debug_str     0x0000000000001c2c     0x4b98 common/libcommon.o
                                      0x15353 (size before relaxing)
 .debug_str     0x00000000000067c4      0x262 disk/libdisk.o
                                        0xa42 (size before relaxing)
 .debug_str     0x0000000000006a26      0x282 drivers/gpio/libgpio.o
                                        0x4fd (size before relaxing)
 .debug_str     0x0000000000006ca8      0x2d7 drivers/input/libinput.o
                                        0x599 (size before relaxing)
 .debug_str     0x0000000000006f7f      0x3e2 drivers/mmc/libmmc.o
                                        0xebe (size before relaxing)
 .debug_str     0x0000000000007361     0x1052 drivers/mtd/nand/libnand.o
                                       0x4595 (size before relaxing)
 .debug_str     0x00000000000083b3      0x3c2 drivers/mtd/spi/libspi_flash.o
                                        0xa70 (size before relaxing)
 .debug_str     0x0000000000008775      0x2c5 drivers/net/libnet.o
                                        0xcd6 (size before relaxing)
 .debug_str     0x0000000000008a3a       0x50 drivers/pcmcia/libpcmcia.o
                                        0x41b (size before relaxing)
 .debug_str     0x0000000000008a8a       0x37 drivers/rtc/librtc.o
                                        0x203 (size before relaxing)
 .debug_str     0x0000000000008ac1       0x9f drivers/serial/libserial.o
                                        0x41a (size before relaxing)
 .debug_str     0x0000000000008b60       0xce drivers/spi/libspi.o
                                        0x483 (size before relaxing)
 .debug_str     0x0000000000008c2e      0x5cb drivers/usb/host/libusb_host.o
                                        0xfe4 (size before relaxing)
 .debug_str     0x00000000000091f9      0x19d drivers/video/libvideo.o
                                        0x644 (size before relaxing)
 .debug_str     0x0000000000009396      0x52b fs/fat/libfat.o
                                        0xbde (size before relaxing)
 .debug_str     0x00000000000098c1      0x6ca lib/libfdt/libfdt.o
                                       0x162b (size before relaxing)
 .debug_str     0x0000000000009f8b      0x6cf lib/libgeneric.o
                                       0x29c1 (size before relaxing)
 .debug_str     0x000000000000a65a      0x288 lib/zlib/libz.o
                                        0x6c5 (size before relaxing)
 .debug_str     0x000000000000a8e2     0x1015 net/libnet.o
                                       0x4ff1 (size before relaxing)
 .debug_str     0x000000000000b8f7      0x15e board/sdsIndustries/controller/libcontroller.o
                                        0xa73 (size before relaxing)
 .debug_str     0x000000000000ba55       0x49 /home/scott/myir/U-boot/u-boot-at91/arch/arm/lib/eabi_compat.o
                                        0x24d (size before relaxing)

.debug_loc      0x0000000000000000    0x4713a
 .debug_loc     0x0000000000000000      0x55b arch/arm/cpu/armv7/at91/libat91.o
 .debug_loc     0x000000000000055b      0x673 arch/arm/cpu/armv7/libarmv7.o
 .debug_loc     0x0000000000000bce      0xd27 arch/arm/lib/libarm.o
 .debug_loc     0x00000000000018f5    0x1bdc0 common/libcommon.o
 .debug_loc     0x000000000001d6b5      0xe0d disk/libdisk.o
 .debug_loc     0x000000000001e4c2      0xad9 drivers/gpio/libgpio.o
 .debug_loc     0x000000000001ef9b      0x951 drivers/input/libinput.o
 .debug_loc     0x000000000001f8ec     0x2034 drivers/mmc/libmmc.o
 .debug_loc     0x0000000000021920     0x8e28 drivers/mtd/nand/libnand.o
 .debug_loc     0x000000000002a748     0x1fd2 drivers/mtd/spi/libspi_flash.o
 .debug_loc     0x000000000002c71a     0x166b drivers/net/libnet.o
 .debug_loc     0x000000000002dd85      0x125 drivers/serial/libserial.o
 .debug_loc     0x000000000002deaa      0x3c5 drivers/spi/libspi.o
 .debug_loc     0x000000000002e26f     0x255f drivers/usb/host/libusb_host.o
 .debug_loc     0x00000000000307ce      0x155 drivers/video/libvideo.o
 .debug_loc     0x0000000000030923     0x2209 fs/fat/libfat.o
 .debug_loc     0x0000000000032b2c     0x4260 lib/libfdt/libfdt.o
 .debug_loc     0x0000000000036d8c     0x9581 lib/libgeneric.o
 .debug_loc     0x000000000004030d     0x2ba5 lib/zlib/libz.o
 .debug_loc     0x0000000000042eb2     0x4056 net/libnet.o
 .debug_loc     0x0000000000046f08      0x1e6 board/sdsIndustries/controller/libcontroller.o
 .debug_loc     0x00000000000470ee       0x4c /home/scott/myir/U-boot/u-boot-at91/arch/arm/lib/eabi_compat.o

.debug_ranges   0x0000000000000000     0x3b90
 .debug_ranges  0x0000000000000000       0xc0 arch/arm/cpu/armv7/at91/libat91.o
 .debug_ranges  0x00000000000000c0       0x60 arch/arm/cpu/armv7/libarmv7.o
 .debug_ranges  0x0000000000000120       0x60 arch/arm/lib/libarm.o
 .debug_ranges  0x0000000000000180     0x16d8 common/libcommon.o
 .debug_ranges  0x0000000000001858       0x60 disk/libdisk.o
 .debug_ranges  0x00000000000018b8       0xa8 drivers/gpio/libgpio.o
 .debug_ranges  0x0000000000001960      0x100 drivers/input/libinput.o
 .debug_ranges  0x0000000000001a60      0x178 drivers/mmc/libmmc.o
 .debug_ranges  0x0000000000001bd8      0x978 drivers/mtd/nand/libnand.o
 .debug_ranges  0x0000000000002550      0x208 drivers/mtd/spi/libspi_flash.o
 .debug_ranges  0x0000000000002758      0x3a0 drivers/net/libnet.o
 .debug_ranges  0x0000000000002af8       0x18 drivers/serial/libserial.o
 .debug_ranges  0x0000000000002b10       0x30 drivers/spi/libspi.o
 .debug_ranges  0x0000000000002b40      0x2e0 drivers/usb/host/libusb_host.o
 .debug_ranges  0x0000000000002e20      0x160 fs/fat/libfat.o
 .debug_ranges  0x0000000000002f80      0x2c0 lib/libfdt/libfdt.o
 .debug_ranges  0x0000000000003240      0x340 lib/libgeneric.o
 .debug_ranges  0x0000000000003580       0x20 lib/zlib/libz.o
 .debug_ranges  0x00000000000035a0      0x5f0 net/libnet.o
