controller.c:52:6:sama5d3xek_nand_hw_init	8	static
controller.c:155:6:lcd_enable	0	static
controller.c:160:6:lcd_disable	0	static
controller.c:176:6:lcd_show_board_info	40	static
controller.c:204:5:board_early_init_f	8	static
controller.c:214:5:board_init	8	static
controller.c:252:5:dram_init	8	static
controller.c:260:6:reset_phy	0	static
controller.c:265:5:board_eth_init	8	static
controller.c:280:5:board_mmc_init	0	static
controller.c:294:5:spi_cs_is_valid	0	static
controller.c:299:6:spi_cs_activate	0	static
controller.c:309:6:spi_cs_deactivate	0	static
