controller.c:52:6:sama5d3xek_nand_hw_init	8	static
controller.c:163:6:lcd_enable	0	static
controller.c:168:6:lcd_disable	0	static
controller.c:184:6:lcd_show_board_info	8	static
controller.c:216:5:board_early_init_f	8	static
controller.c:226:5:board_init	8	static
controller.c:264:5:dram_init	8	static
controller.c:272:6:reset_phy	0	static
controller.c:277:5:board_eth_init	8	static
controller.c:306:5:spi_cs_is_valid	0	static
controller.c:311:6:spi_cs_activate	0	static
controller.c:321:6:spi_cs_deactivate	0	static
