swab.h:112:48:__fswab32	0	static
cmd_bootm.c:173:13:boot_start_lmb	16	static
cmd_bootm.c:1058:5:do_bootd	8	static
image.h:381:1:image_get_size	0	static
cmd_bootm.c:1389:12:do_bootm_rtems	8	static
cmd_bootm.c:1278:12:do_bootm_netbsd	48	static
cmd_bootm.c:317:12:9	40	static
cmd_bootm.c:193:12:bootm_start	64	static
cmd_bootm.c:164:6:__arch_preboot_os	0	static
cmd_bootm.c:477:5:do_bootm_subcommand	72	static
cmd_bootm.c:586:5:do_bootm	96	static
cmd_bootm.c:719:5:bootm_maybe_autostart	24	static
cmd_bootm.c:1537:12:__bootz_setup	8	static
cmd_bootm.c:1600:12:do_bootz	384	static
