spi_flash.c:26:12:spi_flash_read_write	32	static
spi_flash.c:56:5:spi_flash_cmd_read	16	static
spi_flash.c:51:5:spi_flash_cmd	24	static
spi_flash.c:62:5:spi_flash_cmd_write	16	static
spi_flash.c:125:5:spi_flash_read_common	32	static
spi_flash.c:138:5:spi_flash_cmd_read_fast	24	static
spi_flash.c:150:5:spi_flash_cmd_poll_bit	48	static
spi_flash.c:187:5:spi_flash_cmd_wait_ready	0	static
spi_flash.c:68:5:spi_flash_cmd_write_multi	56	static
spi_flash.c:193:5:spi_flash_cmd_erase	40	static
spi_flash.c:245:5:spi_flash_cmd_write_status	32	static
spi_flash.c:338:19:spi_flash_probe	24	static
spi_flash.c:404:6:spi_flash_free	8	static
