ohci.h:471:1:td_alloc	0	static
ohci-hcd.c:593:12:ep_rev	12	static
ohci-hcd.c:160:13:urb_free_priv	8	static
ohci-hcd.c:823:13:0	24	static
ohci-hcd.c:875:13:1	40	static
ohci-hcd.c:1633:12:4	16	static
ohci-hcd.c:415:5:sohci_submit_job	72	static
ohci-hcd.c:1233:5:rh_check_port_status	8	static
ohci-hcd.c:1483:5:submit_common_msg	72	static
ohci-hcd.c:1585:5:submit_bulk_msg	16	static
ohci-hcd.c:1592:5:submit_control_msg	64	static
ohci-hcd.c:1619:5:submit_int_msg	16	static
ohci-hcd.c:1868:5:usb_lowlevel_init	24	static
ohci-hcd.c:1974:5:usb_lowlevel_stop	8	static
